Drive A: /Users/ddanila/fun/msdos/out/ru-at84-query-return-urk2w2a1/test.img
#
# 86Box v7.0 logfile, created 2026/09/09 19:56:27
#
# Emulator path: /Users/ddanila/fun/msdos/out/ru-86box-vnc-bs283qnk/build/src/
# Global configuration file: /Users/ddanila/fun/msdos/out/ru-at84-query-return-urk2w2a1/global.cfg
# VM: ru-at84-query-return-urk2w2a1
#
# Configuration file: /Users/ddanila/fun/msdos/out/ru-at84-query-return-urk2w2a1/86box.cfg
#

# Userfiles path: /Users/ddanila/fun/msdos/out/ru-at84-query-return-urk2w2a1/
# ROM path: /Users/ddanila/Library/Application Support/net.86box.86Box/roms/
# ROM path: /Users/ddanila/fun/msdos/out/ru-at84-query-return-urk2w2a1/roms/
# ROM path: /Users/ddanila/fun/msdos/out/ru-86box-vnc-bs283qnk/build/src/roms/
# ROM path: /Users/ddanila/Library/Application Support/net.86Box.86Box/roms/
# ROM path: /Users/ddanila/Library/Application Support/86Box/roms/
# ROM path: /Library/Application Support/net.86Box.86Box/roms/
# ROM path: /Library/Application Support/86Box/roms/
# Asset path: /Users/ddanila/fun/msdos/out/ru-at84-query-return-urk2w2a1/assets/
# Asset path: /Users/ddanila/fun/msdos/out/ru-86box-vnc-bs283qnk/build/src/assets/
# Asset path: /Users/ddanila/Library/Application Support/net.86Box.86Box/assets/
# Asset path: /Users/ddanila/Library/Application Support/86Box/assets/
# Asset path: /Library/Application Support/net.86Box.86Box/assets/
# Asset path: /Library/Application Support/86Box/assets/
Qt: version 6.11.2, platform "offscreen"
Translations loaded.
Failed to find Qt translations!
Qt translations loaded.
Translations loaded.
Failed to find Qt translations!
Qt translations loaded.
qt.qpa.fonts: Populating font family aliases took 39 ms. Replace uses of missing font family "Sans Serif" with one that exists to avoid this cost. 
This plugin does not support createPlatformVulkanInstance
QVulkanInstance: Failed to initialize Vulkan
09/09/2026 19:56:28 Listening for VNC connections on TCP port 5900
09/09/2026 19:56:28 Listening for VNC connections on TCP6 port 5900
This plugin does not support propagateSizeHints()
This plugin does not support propagateSizeHints()
09/09/2026 19:56:28   0 other clients

RUN P866.COM
16601036201B5