Drive A: /Users/ddanila/fun/msdos/out/ru-at84-traced-0nzbixr4/test.img
#
# 86Box v7.0 logfile, created 2026/09/09 20:00:59
#
# Emulator path: /Users/ddanila/fun/msdos/out/ru-86box-vnc-bs283qnk/build/src/
# Global configuration file: /Users/ddanila/fun/msdos/out/ru-at84-traced-0nzbixr4/global.cfg
# VM: ru-at84-traced-0nzbixr4
#
# Configuration file: /Users/ddanila/fun/msdos/out/ru-at84-traced-0nzbixr4/86box.cfg
#

# Userfiles path: /Users/ddanila/fun/msdos/out/ru-at84-traced-0nzbixr4/
# ROM path: /Users/ddanila/Library/Application Support/net.86box.86Box/roms/
# ROM path: /Users/ddanila/fun/msdos/out/ru-at84-traced-0nzbixr4/roms/
# ROM path: /Users/ddanila/fun/msdos/out/ru-86box-vnc-bs283qnk/build/src/roms/
# ROM path: /Users/ddanila/Library/Application Support/net.86Box.86Box/roms/
# ROM path: /Users/ddanila/Library/Application Support/86Box/roms/
# ROM path: /Library/Application Support/net.86Box.86Box/roms/
# ROM path: /Library/Application Support/86Box/roms/
# Asset path: /Users/ddanila/fun/msdos/out/ru-at84-traced-0nzbixr4/assets/
# Asset path: /Users/ddanila/fun/msdos/out/ru-86box-vnc-bs283qnk/build/src/assets/
# Asset path: /Users/ddanila/Library/Application Support/net.86Box.86Box/assets/
# Asset path: /Users/ddanila/Library/Application Support/86Box/assets/
# Asset path: /Library/Application Support/net.86Box.86Box/assets/
# Asset path: /Library/Application Support/86Box/assets/
Qt: version 6.11.2, platform "offscreen"
Translations loaded.
Failed to find Qt translations!
Qt translations loaded.
Translations loaded.
Failed to find Qt translations!
Qt translations loaded.
qt.qpa.fonts: Populating font family aliases took 39 ms. Replace uses of missing font family "Sans Serif" with one that exists to avoid this cost. 
This plugin does not support createPlatformVulkanInstance
QVulkanInstance: Failed to initialize Vulkan
09/09/2026 20:01:00 Listening for VNC connections on TCP port 5900
09/09/2026 20:01:00 Listening for VNC connections on TCP6 port 5900
This plugin does not support propagateSizeHints()
This plugin does not support propagateSizeHints()
09/09/2026 20:01:00   0 other clients

RUN P866.COM
RU_COUNTRY_PASS
RUN NLSFUNC
RUN MODE CON CP PREPARE=((866) EGA866.CPI)

MODE prepare code page function completed
RUN MODE CON CP SELECT=866

MODE select code page function completed
RUN KEYB RU,866,KEYBRD2.SYS /ID:441
One or more CON code pages invalid for given keyboard code
RUN TYPECHK.COM
RU_AT84_TYPE_PASS
RUN CPCHK.COM
RU_CODEPAGE_PASS
RUN PROBE.COM
RU_KEY_READY 0000
RU_KEY_READY 0001
RU_KEY_READY 0002
RU_KEY_READY 0003
RU_KEY_READY 0004
RU_KEY_READY 0005
RU_KEY_READY 0006
RU_KEY_READY 0007
RU_KEY_PASS
RU_AT84_DONE
