Drive A: /Users/ddanila/fun/msdos/out/ru-display-286-78aue1u6/866-16-corrupt/test.img
#
# 86Box v7.0 logfile, created 2026/09/09 21:15:43
#
# Emulator path: /Users/ddanila/fun/msdos/out/ru-86box-vnc-bs283qnk/build/src/
# Global configuration file: /Users/ddanila/fun/msdos/out/ru-display-286-78aue1u6/866-16-corrupt/global.cfg
# VM: 866-16-corrupt
#
# Configuration file: /Users/ddanila/fun/msdos/out/ru-display-286-78aue1u6/866-16-corrupt/86box.cfg
#

# Userfiles path: /Users/ddanila/fun/msdos/out/ru-display-286-78aue1u6/866-16-corrupt/
# ROM path: /Users/ddanila/Library/Application Support/net.86box.86Box/roms/
# ROM path: /Users/ddanila/fun/msdos/out/ru-display-286-78aue1u6/866-16-corrupt/roms/
# ROM path: /Users/ddanila/fun/msdos/out/ru-86box-vnc-bs283qnk/build/src/roms/
# ROM path: /Users/ddanila/Library/Application Support/net.86Box.86Box/roms/
# ROM path: /Users/ddanila/Library/Application Support/86Box/roms/
# ROM path: /Library/Application Support/net.86Box.86Box/roms/
# ROM path: /Library/Application Support/86Box/roms/
# Asset path: /Users/ddanila/fun/msdos/out/ru-display-286-78aue1u6/866-16-corrupt/assets/
# Asset path: /Users/ddanila/fun/msdos/out/ru-86box-vnc-bs283qnk/build/src/assets/
# Asset path: /Users/ddanila/Library/Application Support/net.86Box.86Box/assets/
# Asset path: /Users/ddanila/Library/Application Support/86Box/assets/
# Asset path: /Library/Application Support/net.86Box.86Box/assets/
# Asset path: /Library/Application Support/86Box/assets/
Qt: version 6.11.2, platform "offscreen"
Translations loaded.
Failed to find Qt translations!
Qt translations loaded.
Translations loaded.
Failed to find Qt translations!
Qt translations loaded.
qt.qpa.fonts: Populating font family aliases took 41 ms. Replace uses of missing font family "Sans Serif" with one that exists to avoid this cost. 
This plugin does not support createPlatformVulkanInstance
QVulkanInstance: Failed to initialize Vulkan
This plugin does not support propagateSizeHints()
This plugin does not support propagateSizeHints()

RUN NLSFUNC
RUN MODE CON CP PREPARE=((866) TEST.CPI)

MODE prepare code page function completed
RUN SETH.COM
RUN MODE CON CP SELECT=866

MODE select code page function completed
RUN PROBE.COM
RU_FONT_READY
RU_FONT_PASS
RU_DISPLAY_DONE
