Artifacts: /Users/ddanila/fun/msdos/out/bios-int19-vvh5a6v2
{
  "exit_code": 33,
  "vectors_restored": true,
  "second_boot": true,
  "stack_passes": 2,
  "fcb_pass": true,
  "input_sha256": "46a086ecb006c7d5df6a8e4366f4045823448c07f7380febb2a3e80f7b2d1fa6",
  "expected_upper": true,
  "emm_sha256": "58266b6614594de7a9cfde9eda75e3eb241b9e2e941e67b70645a0f8a197dae6",
  "bad_emm_chain": false,
  "emm_chain_pass": true,
  "probe_sha256": "e601efa7bc0830daefcbd0759567ea91ba9004c2905cfc674247268dea7ba4cf",
  "config": "DEVICE=C:\\DOS\\HIMEM.SYS /TESTMEM:ON\r\nDEVICE=C:\\DOS\\EMM386.EXE RAM M5\r\nBUFFERS=15\r\nFILES=20\r\nDOS=HIGH,UMB\r\nLASTDRIVE=Z\r\nFCBS=4,0\r\nSTACKS=9,128\r\n",
  "emulator_command": [
    "qemu-system-i386",
    "-machine",
    "pc",
    "-cpu",
    "486",
    "-m",
    "8",
    "-display",
    "none",
    "-monitor",
    "none",
    "-serial",
    "stdio",
    "-boot",
    "c",
    "-debugcon",
    "file:/Users/ddanila/fun/msdos/out/bios-int19-vvh5a6v2/debug.log",
    "-device",
    "isa-debug-exit,iobase=0xf4,iosize=0x04",
    "-drive",
    "if=ide,index=0,format=raw,file=/Users/ddanila/fun/msdos/out/bios-int19-vvh5a6v2/boot.img,cache=writethrough"
  ],
  "qemu_version": "QEMU emulator version 11.1.1"
}
