Artifacts: /Users/ddanila/fun/msdos/out/software-reboot-hfjrkfa1
{
  "input_sha256": "46a086ecb006c7d5df6a8e4366f4045823448c07f7380febb2a3e80f7b2d1fa6",
  "profile": "existing",
  "ctty_aux": true,
  "set_df": false,
  "fatal_error": false,
  "config": "DEVICE=C:\\DOS\\HIMEM.SYS /TESTMEM:ON\r\nDEVICE=C:\\DOS\\EMM386.EXE RAM M5\r\nBUFFERS=15\r\nFILES=20\r\nDOS=HIGH,UMB\r\nLASTDRIVE=Z\r\nFCBS=4,0\r\nSTACKS=9,128\r\n",
  "autoexec": "@ECHO OFF\r\nCTTY AUX\r\nSWBOOT.COM\r\n",
  "probe_sha256": "37c31bb10a6634977b00aa8dd62e174c7fd50c2e07fcefe4eb3ee259636a256b",
  "command": [
    "qemu-system-i386",
    "-machine",
    "pc",
    "-cpu",
    "486",
    "-m",
    "8",
    "-display",
    "none",
    "-monitor",
    "none",
    "-serial",
    "stdio",
    "-boot",
    "c",
    "-debugcon",
    "file:/Users/ddanila/fun/msdos/out/software-reboot-hfjrkfa1/debug.log",
    "-device",
    "isa-debug-exit,iobase=0xf4,iosize=0x04",
    "-drive",
    "if=ide,index=0,format=raw,file=/Users/ddanila/fun/msdos/out/software-reboot-hfjrkfa1/boot.img,cache=writethrough"
  ],
  "qemu_version": "QEMU emulator version 11.1.1",
  "exit_code": 33,
  "timeout_seconds": 60,
  "elapsed_seconds": 21.558,
  "first_boots": 1,
  "second_boots": 1,
  "failure": false,
  "passed": true
}
