Open Watcom Linker Version 2.0 beta Aug 27 2026 05:38:07 (64-bit)** EXPERIMENTAL (HLL) ** 
Copyright (c) 2002-2026 The Open Watcom Contributors. All Rights Reserved.
Portions Copyright (c) 1985-2002 Sybase, Inc. All Rights Reserved.
Created on:       26/09/10 23:40:40
Executable Image: MSDOS.EXE
creating a DOS executable


                        +------------+
                        |   Groups   |
                        +------------+

Group                           Address              Size
=====                           =======              ====

DOSGROUP                        0000:0000            0000a33b



                        +--------------+
                        |   Segments   |
                        +--------------+

Segment                Class          Group          Address         Size
=======                =====          =====          =======         ====

START                  START          DOSGROUP       0000:0000       00000003
CONSTANTS              CONST          DOSGROUP       0000:0004       00000200
DATA                   DATA           DOSGROUP       0020:0004       000006f7
TABLE                  TABLE          DOSGROUP       008f:000b       000007db
CODE                   CODE           DOSGROUP       010d:0006       000087cc
HIGH_TABLE             HIGH_TABLE     DOSGROUP       098a:0002       00000612
LAST                   LAST           DOSGROUP       09ec:0000       0000047b


                        +----------------+
                        |   Memory Map   |
                        +----------------+

* = unreferenced symbol
+ = symbol only referenced locally

Address        Symbol
=======        ======

Module: ../inc/nibdos.obj(../inc/nibdos.obj)
0000:0014*     MSCT001S
0000:00dc*     MSCT001E
0000:0014*     DataVersion
0000:001a*     BugTyp
0000:001c*     BugLev
0000:001e      MYNUM
0000:0020      FCBLRU
0000:0022      OpenLRU
0000:0024*     OEM_HANDLER
0000:0028*     LeaveAddr
0000:002a      RetryCount
0000:002c      RetryLoop
0000:002e      LastBuffer
0000:0032      CONTPOS
0000:0034      arena_head
0000:0036      SYSINITVAR
0000:0036      DPBHEAD
0000:003a      sft_addr
0000:003e      BCLOCK
0000:0042      BCON
0000:0046      MAXSEC
0000:0048      BUFFHEAD
0000:004c      CDSADDR
0000:0050      sftFCB
0000:0054      KeepCount
0000:0056      NUMIO
0000:0057      CDSCOUNT
0000:0058      NULDEV
0000:006a      Splices
0000:006b      Special_Entries
0000:006d      IFS_DOS_CALL
0000:0071*     IFS_HEADER
0000:0075*     BUFFERS_PARM1
0000:0077*     BUFFERS_PARM2
0000:0079      BOOTDRIVE
0000:007a      DDMOVE
0000:007b*     EXT_MEM_SIZE
0000:007d      HASHINITVAR
0000:007d      BUF_HASH_PTR
0000:0081      BUF_HASH_COUNT
0000:0083      SC_CACHE_PTR
0000:0087      SC_CACHE_COUNT
0000:0089      BUF_EMS_SAFE_FLAG
0000:008a      BUF_EMS_LAST_PAGE
0000:008e      BUF_EMS_FIRST_PAGE
0000:0092      BUF_EMS_NPA640
0000:0094      BUF_EMS_MODE
0000:0095      BUF_EMS_HANDLE
0000:0097      BUF_EMS_PAGE_FRAME
0000:0099      BUF_EMS_SEG_CNT
0000:009b      BUF_EMS_PFRAME
0000:009d*     BUF_EMS_RESERV
0000:009f      BUF_EMS_MAP_BUFF
0000:00a0      JShare
Module: ../inc/const2.obj(../inc/const2.obj)
0000:00dc*     CONST001S
0000:01ff*     CONST001E
0000:98a2*     SFT001S
0000:99cf*     SFT001E
0000:98a2      sfTabl
0000:00dc      CARPOS
0000:00dd      STARTPOS
0000:99cf*     CONSOLE_WORKSPACE_START
0000:9ad2*     CONSOLE_WORKSPACE_END
0000:99cf      INBUF
0000:9a4f      CONBUF
0000:00de      PFLAG
0000:00df      VERFLG
0000:00e0      CharCo
0000:00e1      chSwitch
0000:00e2      AllocMethod
0000:00e3      fShare
0000:00e4      DIFFNAM
0000:00e5      MYNAME
0000:00f5*     CritPatch
0000:0100      SWAP_START
0000:0100      ErrorMode
0000:0101      INDOS
0000:0102      WPErr
0000:0103      EXTERR_LOCUS
0000:0104      EXTERR
0000:0106      EXTERR_ACTION
0000:0107      EXTERR_CLASS
0000:0108      EXTERRPT
0000:010c      DMAADD
0000:0110      CurrentPDB
0000:0112      ConC_spsave
0000:0114      exit_code
0000:0116      CURDRV
0000:0117      CNTCFLAG
0000:0118      CPSWFLAG
0000:0119      CPSWSAVE
0000:011a      Swap_Always
0000:011a      USER_IN_AX
0000:011c      PROC_ID
0000:011e      USER_ID
0000:0120      FirstArena
0000:0122      BestArena
0000:0124      LastArena
0000:0126      EndMem
0000:0128      LASTENT
0000:012a      FAILERR
0000:012b      ALLOWED
0000:012c      NoSetDir
0000:012d      DidCTRLC
0000:012e      SpaceFlag
0000:0130      DAY
0000:0131      MONTH
0000:0132      YEAR
0000:0134      DAYCNT
0000:0136      WEEKDAY
0000:0137      CONSWAP
0000:0138      IDLEINT
0000:0139      fAborting
0000:013a      DEVCALL
0000:0147      CALLUNIT
0000:0147      CALLMED
0000:0148      CALLXAD
0000:0148      CALLRBYT
0000:0149      CALLVIDM
0000:014c      CallBPB
0000:014c      CALLSCNT
0000:014e      CALLSSEC
0000:0150      CALLVIDRW
0000:0154      CALLNEWSC
0000:0158      CALLDEVAD
0000:015c      IOCall
0000:0169      IORCHR
0000:0169      IOMED
0000:016a      IOXAD
0000:016e      IOSCNT
0000:0170*     IOSSEC
0000:0172      DSKSTCALL
0000:0174      DSKSTCOM
0000:0175      DSKSTST
0000:017f      DSKCHRET
0000:0184      DSKSTCNT
0000:0188      CreatePDB
0000:0189      UmbArenaHead
0000:018b      UmbLinkMcb
0000:018d      UmbArenaTail
0000:018f      UmbLinked
0000:0190      UmbRegionCount
0000:0191      UmbRegionFilter
0000:0193      UmbRegionStarts
0000:01b3      UmbRegionEnds
0000:01d3      UmbRegionLimits
0000:01f3      UmbAllocLimit
0000:01f5      AllocScanDomain
0000:01f6      ArenaFreeDomain
0000:01f7      Lock_Buffer
Module: ../inc/msdata.obj(../inc/msdata.obj)
0000:0204*     MSDAT001S
0000:08fb*     MSDAT001E
0000:0204      TIMEBUF
0000:020a      DEVIOBUF
0000:020c      OPENBUF
0000:028c      RenBuf
0000:030c      SEARCHBUF
0000:0341      DummyCDS
0000:0399      DevFCB
0000:0399      NAME1
0000:03a5      NAME2
0000:03b2      DESTSTART
0000:03b9      ATTRIB
0000:03ba      EXTFCB
0000:03bb      SATTRIB
0000:03bc      open_access
0000:03bd      FoundDel
0000:03be      Found_dev
0000:03bf      fSplice
0000:03c0      fSharing
0000:03c1      SECCLUSPOS
0000:03c2      TRANS
0000:03c3      READOP
0000:03c4      THISDRV
0000:03c5      CLUSFAC
0000:03c6      CLUSSPLIT
0000:03c7      INSMODE
0000:03c8      cMeta
0000:03c9      VOLID
0000:03ca      exit_type
0000:03cc      CREATING
0000:03cd      DELALL
0000:03ce      EXITHOLD
0000:03d2      user_SP
0000:03d4      user_SS
0000:03d6      CONTSTK
0000:03d8      THISDPB
0000:03dc      CLUSSAVE
0000:03de      CLUSSEC
0000:03e2      PREREAD
0000:03e4      FATBYT
0000:03e6      FATBYTE
0000:03e8      DEVPT
0000:03ec      THISSFT
0000:03f0      THISCDS
0000:03f4      THISFCB
0000:03f8      SFN
0000:03fa      JFN
0000:03fc      PJFN
0000:0400      WFP_START
0000:0402      REN_WFP
0000:0404      CURR_DIR_END
0000:0406      NEXTADD
0000:0408      LASTPOS
0000:040a      CLUSNUM
0000:040c      DIRSEC
0000:0410      DIRSTART
0000:0412      SECPOS
0000:0416      VALSEC
0000:041a      BYTSECPOS
0000:041c      BYTPOS
0000:0420      BYTCNT1
0000:0422      BYTCNT2
0000:0424      SECCNT
0000:0426      ENTFREE
0000:0428      ENTLAST
0000:042a      NXTCLUSNUM
0000:042c      GROWCNT
0000:0430      CURBUF
0000:0434      CONSft
0000:0438      SaveBX
0000:043a      SaveDS
0000:043c      restore_tmp
0000:043e      NSS
0000:0440      NSP
0000:0442      EXTOPEN_FLAG
0000:0444      EXTOPEN_ON
0000:0445      EXTOPEN_IO_MODE
0000:0447      SAVE_DI
0000:0449      SAVE_ES
0000:044b      SAVE_DX
0000:044d      SAVE_CX
0000:044f      SAVE_BX
0000:0451      SAVE_SI
0000:0453      SAVE_DS
0000:0455      HIGH_SECTOR
0000:0457      HIGH_SECTOR_TEMP
0000:0459      DISK_FULL
0000:045a      TEMP_VAR
0000:045c      TEMP_VAR2
0000:045e      DrvErr
0000:045f      DOS34_FLAG
0000:0461      NO_FILTER_PATH
0000:0465      NO_FILTER_DPATH
0000:0469      Callback_SS
0000:046b      Callback_SP
0000:046d      Callback_flag
0000:046e      RENAMEDMA
0000:05ee      AuxStack
0000:076e      DskStack
0000:08ee      IOStack
0000:08ee*     IBMPATCH
0000:08ee      PRINTER_FLAG
0000:08ef      VOLCHNG_FLAG
0000:08f0      VIRTUAL_OPEN
0000:08f1      FSeek_drive
0000:08f2      FSeek_firclus
0000:08f4      FSeek_logclus
0000:08f6      FSeek_logsave
0000:08f8      ACT_PAGE
0000:08fa      SWAP_END
0000:0204*     MSINI001S
0000:0318*     MSINI001E
0000:0396*     XXX
0000:9ec0      SYSBUF
0000:a33b*     MEMSTRT
0000:9f20      DOSINIT
0000:a225*     MSINI002S
0000:a33b*     MSINI002E
Module: ../inc/mstable.obj(../inc/mstable.obj)
0000:08fb      MSVERS
0000:08fb*     MSTAB001s
0000:0914*     MSTAB001e
0000:08fd      YRTAB
0000:0905      MONTAB
0000:9ad2      I21_MAP_E_TAB
0000:9b85      ERR_TABLE_21
0000:9c05      ERR_TABLE_24
0000:9c55      ErrMap24
0000:9c65      ErrMap24End
0000:9c67      DISPATCH
0000:9c65      MAXCALL
0000:9c66      MAXCOM
0000:9d41*     DOS_DISPATCH_TABLE_END
0000:9d41      FOO
0000:9d43      DTAB
0000:9db4*     DOS_INSTALL_TABLE_END
0000:0911      InterChar
0000:0912      InterCon
0000:0913      SaveCurFlg
0000:0914      Header
0000:0914      SysInitTable
0000:091c      FastOpenTable
0000:091c      FastTable
0000:0926      FastFlg
0000:0926      FastOpenFlg
0000:0927      FastSeekFlg
0000:0928      FastOpen_Ext_Info
0000:0933      Dir_Info_Buff
0000:0953      Next_Element_Start
0000:0955      User_SP_2F
0000:0957      Packet_Temp
0000:0957*     DOS_TEMP
0000:0973      Hash_Temp
0000:097b      SCAN_FLAG
0000:097c      DATE_FLAG
0000:097e      FETCHI_TAG
0000:0980      MSG_EXTERROR
0000:0994      SEQ_SECTOR
0000:0998      XA_type
0000:0999      XA_from
0000:099a      CurHashEntry
0000:099e      SC_SECTOR_SIZE
0000:09a0      SC_DRIVE
0000:09a1      CurSC_DRIVE
0000:09a2      CurSC_SECTOR
0000:09a6      SC_STATUS
0000:09a8      SC_FLAG
0000:09a9      IFS_DRIVER_ERR
0000:09ab      NO_NAME_ID
0000:09b6      SWAP_AREA_TABLE
0000:09b6*     NUM_SWAP_AREA
0000:09b8      SWAP_IN_DOS
0000:09bc      SWAP_IN_DOS_LEN
0000:09be      SWAP_ALWAYS_AREA
0000:09c2      SWAP_ALWAYS_AREA_LEN
0000:09c4*     IFSFUNC_SWAP_IN_DOS
0000:09c8*     IFSFUNC_SWAP_IN_DOS_LEN
0000:09ca      SWAP_AREA_LEN
0000:09cc      FIRST_BUFF_ADDR
0000:09ce      SPECIAL_VERSION
0000:09d0      FAKE_COUNT
0000:0acf      SetverResidentTable
0000:0d4f*     SetverResidentEnd
Module: mscode.obj(mscode.obj)
0000:10d6*     DOS_CODE_START
0000:10d6      hma_driver_requests
0000:111c*     hma_low_dpbs
0000:1168      hma_driver_xms
0000:116c      SNULDEV
0000:1172      INULDEV
0000:1173*     DOS_LOW_GATE_END
0000:0d4f*     MSC001S
0000:0d5b*     MSC001E
0000:0d5b*     HMA_DRIVER_TRAMPOLINE
0000:1173*     AbsSetup
0000:11c2      ABSDRD
0000:123f      ABSDWRT
0000:128d*     GETBP
0000:12d4      GOTDPB
0000:12f6*     SYS_RETURN
0000:12f6      SYS_RET_OK
0000:1302      SYS_RET_ERR
0000:130a      From_GetSet
0000:1315      FCB_RET_OK
0000:1315      CPMFUNC
0000:1318      FCB_RET_ERR
0000:1324*     errorMap
0000:133f      CAL_LK
0000:1376*     ETAB_LK
0000:13b1*     SetBad
0000:13bc      BadCall
0000:13c0      OKCall
0000:13c2      INT2F
0000:13ef      Leave2F
0000:1404*     DOS_RELOCATED_GATE_END
0000:141d*     INT2F_etcetera
0000:141d      DOSGetGroup
0000:1420      DOSInstall
0000:1423      DOSGetVersionTable
0000:143e      DOS_HMA_RELOCATE
0000:159e      DOS_HMA_REBASE_XMS
0000:15f7      DOS_HMA_PREPARE
0000:1658      DOS_HMA_BUFFERS
0000:1692      DOS_HMA_TAIL_SET
0000:16be      DOS_HMA_TAIL_ALLOC
0000:1728      hma_xms_entry
0000:172d      hma_resident
0000:172e      hma_low_segment
0000:1730      hma_driver_trampoline_entry
0000:1734      hma_buffer_bounce
0000:1738      hma_buffers_active
0000:1739      hma_buffer_size
0000:173b*     hma_tail_floor
0000:173d*     hma_tail_next
0000:173f      hma_bounce_original
0000:1743      hma_bounce_direction
0000:176a*     RW32_CONVERT
0000:17a5*     Fastxxx_Purge
Module: msdisp.obj(msdisp.obj)
0000:17cb*     BUF_EMS_MAP_USER
0000:17d7      $SET_CTRL_C_TRAPPING
0000:183a      $SET_CURRENT_PDB
0000:185d      $GET_CURRENT_PDB
0000:187b      $Set_Printer_Flag
0000:1880*     SYSTEM_CALL
0000:1880      QUIT
0000:1886      IRETT
0000:1887      CALL_ENTRY
0000:18db      COMMAND
0000:1990      REDISP
0000:1a22      LeaveDOS
0000:1a8a      Restore_World
0000:1a9d      Save_World
0000:1ab0      SAVE_USER_MAP
0000:1ad8      RESTORE_USER_MAP
0000:1af7      Get_User_Stack
Module: ../inc/msdosme.obj(../inc/msdosme.obj)
0000:0200      UserNum
0000:0203*     OEMNum
0000:0200*     DMES001S
0000:0204*     DMES001E
0000:0d7e*     DMES002S
0000:0d7e      COUNTRY_CDPG
0000:0e0c      UCASE_TAB
0000:0e8e      FILE_UCASE_TAB
0000:0f10*     FILE_CHAR_TAB
0000:1042      DBCS_TAB
0000:1054      DIVMES
0000:1054*     DIVM001S
0000:1069*     DIVM001E
0000:1067      DivMesLen
0000:1069      NLS_YES
0000:106b      NLS_yes2
0000:106a      NLS_NO
0000:106c      NLS_no2
0000:1afd*     MAP_CASE
0000:106d      CANCHAR
0000:106e      ESCCHAR
0000:1b0f      OEMFunctionKey
Module: time.obj(time.obj)
0000:1b23      $GET_DATE
0000:1b40      $SET_DATE
0000:1b63      $GET_TIME
0000:1b74      $SET_TIME
0000:1bbb      DATE16
0000:1be2      READTIME
0000:1c57      DSLIDE
0000:1c64      SETYEAR
0000:1c75*     DODATE
0000:1cfa      DSUM
Module: getset.obj(getset.obj)
0000:1d04      $GET_VERSION
0000:1d3e      $GET_VERIFY_ON_WRITE
0000:1d43      $SET_VERIFY_ON_WRITE
0000:1d4a      $INTERNATIONAL
0000:1dd4      $GetExtCntry
0000:1eda      $GetSetCdPg
0000:1f32      $GET_DRIVE_FREESPACE
0000:1f5b      $GET_DMA
0000:1f6f      $SET_DMA
0000:1f7a      $GET_DEFAULT_DRIVE
0000:1f7f      $SET_DEFAULT_DRIVE
0000:1f91      $GET_INTERRUPT_VECTOR
0000:1fa1      $SET_INTERRUPT_VECTOR
0000:1fae      RECSET
0000:1fb9      $CHAR_OPER
0000:1fde      $GetExtendedError
0000:2001*     Get_Global_CdPg
0000:200b      $ECS_Call
Module: parse.obj(parse.obj)
0000:201d      $PARSE_FILE_DESCRIPTOR
Module: misc.obj(misc.obj)
0000:2028      $SLEAZEFUNC
0000:202a      $SLEAZEFUNCDL
0000:2054      $GET_INDOS_FLAG
0000:2060      $GET_IN_VARS
0000:206c      $GET_DEFAULT_DPB
0000:206e      $GET_DPB
0000:209d      $DISK_RESET
0000:209f*     $DISK_RESET2
0000:20c8      $SETDPB
0000:2167      $Dup_PDB
0000:2175      $CREATE_PROCESS_DATA_BLOCK
0000:21f8      SETMEM
0000:225f      FETCHI_CHECK
0000:226e      $GSetMediaID
Module: misc2.obj(misc2.obj)
0000:2287      StrCmp
0000:22a9      StrCpy
0000:22b8      FStrCpy
0000:22c1      Ucase
0000:22c5      StrLen
0000:22d3      DStrLen
0000:22dd      XCHGP
0000:22e4      idle
0000:22ff      TableDispatch
0000:232a      TestNet
0000:233f      IsSFTNet
0000:2346      FastInit
0000:237d      FastRet
0000:2382      NLS_OPEN
0000:2388      NLS_LSEEK
0000:23a5*     Fake_User_Stack
0000:23b4      GetDevList
0000:23c1      NLS_IOCTL
0000:23de      NLS_GETEXT
0000:23e3      MSG_RETRIEVAL
0000:240a      Fake_Version
Module: crit.obj(crit.obj)
0000:2410      EcritDisk
0000:2410      EcritMem
0000:2410      EcritSFT
0000:2418      LcritDisk
0000:2418      LcritMem
0000:2418      LcritSFT
0000:2420      EcritDevice
0000:2428      LcritDevice
Module: cpmio.obj(cpmio.obj)
0000:2430      $STD_CON_INPUT_NO_ECHO
0000:249e      $STD_CON_STRING_OUTPUT
0000:24ab      $STD_CON_STRING_INPUT
0000:24e7      GETCH
0000:257f      KILNEW
0000:2592      BACKSP
0000:25fc*     BACKMES
0000:260b      TWOESC
0000:2612      COPYLIN
0000:2618      COPYSTR
0000:261d      COPYONE
0000:263b      SKIPONE
0000:2645      SKIPSTR
0000:264f*     FINDOLD
0000:2680      REEDIT
0000:2694      EXITINS
0000:2694      ENTERINS
0000:269c      CTRLZ
0000:26a1      CRLF
0000:26ab      $RAW_CON_IO
0000:26db      $RAW_CON_INPUT
0000:26f8      RAWOUT
0000:2723      RAWOUT2
0000:2748*     Save_Restore_Packet
Module: cpmio2.obj(cpmio2.obj)
0000:2770      $STD_CON_INPUT
0000:2779      $STD_CON_OUTPUT
0000:2783      OUTCHA
0000:277b      OUTT
0000:27f3      TAB
0000:2817      BUFOUT
0000:2834      $STD_AUX_INPUT
0000:2852      $STD_AUX_OUTPUT
0000:2858      $STD_PRINTER_OUTPUT
0000:286c      $STD_CON_INPUT_STATUS
0000:2877      $STD_CON_INPUT_FLUSH
Module: fcbio.obj(fcbio.obj)
0000:28a4      $GET_FCB_POSITION
0000:28bc      $FCB_DELETE
0000:28d1      $GET_FCB_FILE_LENGTH
0000:2921      $FCB_CLOSE
0000:2994      $FCB_RENAME
0000:29cf      SaveFCBInfo
0000:2a73*     ResetLRU
0000:2a97      SetOpenAge
0000:2aad      LRUFCB
0000:2b8c*     FCBRegen
0000:2c6c      BlastSFT
0000:2c85      CheckFCB
0000:2d3f      SFTFromFCB
0000:2d74      FCBHardErr
Module: fcbio2.obj(fcbio2.obj)
0000:2d90*     GetRR
0000:2d9e      GetExtent
0000:2db1*     SetExtent
0000:2dcb      GetExtended
0000:2dd8*     GetRecSize
0000:2de7*     FCBIO
0000:2de7*     FCBIO001S
0000:2de7*     FCBIO001E
0000:2fc2      $FCB_OPEN
0000:30aa      $FCB_CREATE
0000:30ba      $FCB_RANDOM_WRITE_BLOCK
0000:30bf      $FCB_RANDOM_READ_BLOCK
0000:30c4      $FCB_SEQ_READ
0000:30c9      $FCB_SEQ_WRITE
0000:30ce      $FCB_RANDOM_READ
0000:30d3      $FCB_RANDOM_WRITE
Module: search.obj(search.obj)
0000:30d8      $DIR_SEARCH_FIRST
0000:316d      $DIR_SEARCH_NEXT
0000:31e0      $FIND_FIRST
0000:3239      $FIND_NEXT
0000:326c      PackName
0000:32a1*     GET_FAST_SEARCH
Module: path.obj(path.obj)
0000:32ac      $CURRENT_DIR
0000:3316      $RMDIR
0000:3354      $CHDIR
0000:33d1      $MKDIR
0000:3400*     Check_PathLen
0000:3405      Check_PathLen2
Module: ioctl.obj(ioctl.obj)
0000:3410      $IOCTL
0000:36fb*     TEST_IFS_REMOTE2
0000:3768      TEST_IFS_REMOTE
Module: delete.obj(delete.obj)
0000:3779      DOS_Delete
0000:38b0      REN_DEL_Check
0000:3921      FastOpen_Delete
0000:3936      FastOpen_Update
0000:393e      FastSeek_Open
0000:3950*     FSeek_dispatch
0000:3952      Fast_Dispatch
0000:3966      FastSeek_Close
0000:3974*     FastSeek_Delete
0000:3982      Delete_FSeek
0000:3998      FastSeek_Lookup
0000:39a7      FastSeek_Insert
0000:39b9      FastSeek_Truncate
0000:39c8*     FS_doit
0000:39e1*     IFS_SEARCH_FIRST
0000:39e1*     IFS_REN_DEL_CHECK
Module: rename.obj(rename.obj)
0000:39e1      DOS_Rename
0000:3bd7*     NEW_RENAME
Module: finfo.obj(finfo.obj)
0000:3be3      Get_File_Info
0000:3c36      SET_FILE_ATTRIBUTE
0000:3cba*     GET_FAST_PATH
Module: dup.obj(dup.obj)
0000:3ccc      DOS_DUP
0000:3cd1      Dos_Dup_Direct
Module: create.obj(create.obj)
0000:3cdd      DOS_Create
0000:3d66      SET_MKND_ERR
0000:1099*     CREAT001S
0000:10a1*     CREAT001E
0000:3da6      DOS_Create_New
0000:3dab      Set_Media_ID
0000:3def      Set_EXT_mode
Module: open.obj(open.obj)
0000:3e03      DOS_Open
0000:3f0c      SET_SFT_MODE
0000:3f24      SHARE_ERROR
0000:3f43*     DO_SHARE_CHECK
0000:3f63*     OWN_SHARE
0000:3f64*     OWN_SHARE2
0000:3f65*     SET_THISDPB
0000:3f66*     IFS_SHARE_CHECK
0000:3f67*     Check_Access_AX
0000:3f94*     Code_Page_Mismatched_Error
Module: dinfo.obj(dinfo.obj)
0000:3f94      DISK_INFO
Module: isearch.obj(isearch.obj)
0000:3ff5      DOS_SEARCH_FIRST
0000:40e6      DOS_SEARCH_NEXT
0000:4132      RENAME_NEXT
0000:416e*     CHECK_QUESTION
Module: abort.obj(abort.obj)
0000:417f      DOS_ABORT
Module: close.obj(close.obj)
0000:41ef      DOS_CLOSE
0000:42ff      FREE_SFT
0000:430c*     DirFromSFT
0000:4356      DOS_COMMIT
0000:4389*     SetSFTTimes
Module: dircall.obj(dircall.obj)
0000:43b0      DOS_MkDir
0000:44b0      DOS_ChDir
0000:44f5      DOS_RmDir
Module: disk.obj(disk.obj)
0000:45bc      SWAPBACK
0000:45c2*     SWAPCON
0000:45d8      DOS_Read
0000:4780      DOS_Write
0000:48ff      GET_IO_SFT
0000:4925      DirRead
0000:4980      FIRSTCLUSTER
0000:498d      SET_BUF_AS_DIR
0000:499a      FATSecRd
0000:49c6      DREAD
0000:49e2      CHECK_WRITE_LOCK
0000:4a03      CHECK_READ_LOCK
0000:4a1b*     choose_buf_page
Module: disk2.obj(disk2.obj)
0000:4a9d      DSKREAD
0000:4aae      DWRITE
0000:4ac8      DSKWRITE
0000:4afb      HARDERRRW
0000:4b16      SETUP
0000:4bb0      BREAKDOWN
0000:4bf2      READ_LOCK_VIOLATION
0000:4c1a      WRITE_LOCK_VIOLATION
0000:4c21      DISKREAD
0000:4c7b      SET_ACC_ERR_DS
0000:4c7d      SET_ACC_ERR
0000:4e09      SETSFT
0000:4e0d      SETCLUS
0000:4e2b      ADDREC
Module: disk3.obj(disk3.obj)
0000:4e38      DISKWRITE
0000:4f2c*     WRTERR
0000:4f2e      WRTERR22
0000:5159      DIV32
0000:5168      SHR32
0000:516e*     ROTASHFT
0000:517d*     File_Handle_Fail_Error
0000:51f4      BUFF_RANGE_CHECK
Module: dir.obj(dir.obj)
0000:520a*     SEARCH
0000:520a      FINDENTRY
0000:5221      SRCH
0000:525b      NEXTENT
0000:52b9      MetaCompare
0000:52c8*     NextEntry
0000:5326      GETENTRY
0000:5329      GetEnt
0000:5359      SetDirSrch
0000:5399      SETROOTSRCH
Module: dir2.obj(dir2.obj)
0000:53be      GetPath
0000:53c4      GetPathNoSet
0000:5496*     ChkDev
0000:54c6*     ROOTPATH
0000:54d7*     FINDPATH
0000:566c      StartSrch
0000:5680      MatchAttributes
0000:568d      DEVNAME
0000:56ed*     Build_device_ent
0000:571b      ValidateCDS
0000:571b*     DIR2001S
0000:571b*     DIR2001E
0000:57d9      CheckThisDevice
0000:5818*     LookupPath
0000:58b5*     InsertPath
Module: dev.obj(dev.obj)
0000:593a      IOFUNC
0000:10a1*     DEV001S
0000:10b3*     DEV001E
0000:5a88      DEV_OPEN_SFT
0000:5a8f      Dev_Close_SFT
0000:5a94*     DO_OPCLS
0000:5b09      DEVIOCALL
0000:5b0c      DEVIOCALL2
0000:5c8a*     HMA_SAFE_DRIVER_CALL
0000:5d9a      SETREAD
0000:5dcd      SETWRITE
0000:5dd9*     RW_SC
0000:5e9a*     IN_SC
0000:5ec6      INVALIDATE_SC
0000:5ed8*     VIRREAD
0000:5f31*     SC2BUF
0000:5f42*     SC2BUF2
0000:5f68*     MOVWORDS
Module: mknode.obj(mknode.obj)
0000:5f79*     BUILDDIR
0000:5f8c      NEWDIR
0000:6031      SETDOTENT
0000:6055      MakeNode
0000:607b      RENAME_MAKE
0000:616b*     NEWENTRY
0000:622f      DOOPEN
0000:62d3*     FREEENT
0000:6326      CHECK_VIRT_OPEN
Module: rom.obj(rom.obj)
0000:6342      FNDCLUS
0000:636e      SKPCLP
0000:640d*     BUFSEC
0000:644a      BUFRD
0000:6482      BUFWRT
0000:64e7      NEXTSEC
0000:6557      OPTIMIZE
0000:6604      FIGREC
0000:6630      ALLOCATE
0000:66f6*     RESTFATBYT
0000:6706      RELEASE
0000:6708      RELBLKS
0000:6736      GETEOF
0000:6749*     FS_TRUNC_EOF
Module: fcb.obj(fcb.obj)
0000:6769      MAKEFCB
0000:67d3*     NORMSCAN
0000:6837      NameTrans
0000:9db4      CharType
0000:9db4*     FCB001S
0000:9eb4*     FCB001E
0000:6865      GETLET
0000:6866      GetLet2
0000:6887      GETLET3
0000:688a*     DELIM
0000:6896*     SPCHK
0000:68a2      PATHCHRCMP
Module: msctrlc.obj(msctrlc.obj)
0000:68af      DSKSTATCHK
0000:6933      SPOOLINT
0000:6952      STATCHK
0000:69e4*     CNTCHAND
0000:6a4a      DIVOV
0000:6a5e*     OutMes
0000:6a93      CHARHARD
0000:6ab1      HARDERR
0000:6aff      FATAL
0000:6b03      FATAL1
0000:6b1e      NET_I24_ENTRY
0000:6c0d      reset_environment
0000:6cb4      SET_I24_EXTENDED_ERROR
Module: fat.obj(fat.obj)
0000:6cd6      IsEOF
0000:6ced      UNPACK
0000:6d36      PACK
0000:6dca*     MAPCLUSTER
0000:6e85      FATREAD_SFT
0000:6e97      FATRead_CDS
0000:6eef*     FAT_operation
Module: buf.obj(buf.obj)
0000:70d3*     BUF_EMS_MAP_BUF
0000:70df      CURADD
0000:70e1*     low_ems_buf
0000:72e1      GETCURHEAD
0000:7326      SET_MAP_PAGE
0000:734c      SAVE_MAP
0000:7382      RESTORE_MAP
0000:73a1      SCANPLACE
0000:73a9      PLACEBUF
0000:73f3      PLACEHEAD
0000:7401      POINTCOMP
0000:7411      GETBUFFR
0000:7413      GETBUFFRB
0000:751b      FLUSHBUF
0000:757a      CHECKFLUSH
0000:75a4      BUFWRITE
0000:7643      SET_RQ_SC_PARMS
0000:7660      INC_DIRTY_COUNT
0000:766d      DEC_DIRTY_COUNT
0000:7680      Map_Entry
0000:7686*     detect_collision
0000:76f3      Setup_EMS_Buffers
Module: proc.obj(proc.obj)
0000:7721      $WAIT
0000:772b      $EXEC
0000:772b*     EXEC001S
0000:772b*     EXEC001E
0000:7d86*     exec_long_ret
0000:7d8a*     ExecRead
0000:7d99*     exec_dealloc
0000:7da5*     exec_alloc
0000:7db3*     ChangeOwners
0000:7dc4*     ChangeOwner
0000:7dd3*     Scan_Execname
0000:7dea*     Scan_Special_Entries
0000:7e2e      Reset_Version
0000:7e3e      $Keep_Process
0000:7e67      Stay_resident
0000:7e76      $EXIT
0000:7e8d      exit_inner
0000:7e9a      $ABORT
0000:7ea2*     abort_inner
Module: alloc.obj(alloc.obj)
0000:7ec4      arena_free_process
0000:7f20*     arena_next
0000:7f27*     check_signature
0000:7f39*     Coalesce
0000:7f5e      $ALLOC
0000:8170      $SETBLOCK
0000:8197      $DEALLOC
0000:81b8*     RegisterUmb
0000:82eb      $AllocOper
Module: srvcall.obj(srvcall.obj)
0000:10bb*     SRVC001S
0000:10d6*     SRVC001E
0000:8710      $ServerCall
Module: util.obj(util.obj)
0000:885e      pJFNFromHandle
0000:888f      SFFromHandle
0000:88aa      SFFromSFN
0000:88d2      JFNFree
0000:88e5      SFNFree
Module: handle.obj(handle.obj)
0000:8935      $CLOSE
0000:8968      $Commit
0000:8984      $ExtHandle
0000:8a51      $READ
0000:8ad7*     Align_Buffer
0000:8af3      $WRITE
0000:8af9      $LSEEK
0000:8b64      $FILE_TIMES
0000:8c20      $DUP
0000:8c42      $DUP2
0000:8c50*     CheckOwner
Module: macro.obj(macro.obj)
0000:8c67      $AssignOper
0000:8ca4      Find_DPB
0000:8cba      InitCDS
0000:8d0c      $UserOper
0000:8d64      GetVisDrv
0000:8d83      GetThisDrv
0000:8de4      GetCDSFromDrv
Module: macro2.obj(macro2.obj)
0000:8e08      TransFCB
0000:8e08*     MACRO001S
0000:8e08*     MACRO001E
0000:8e6c      TransPath
0000:8e70      TransPathSet
0000:8e78      TransPathNoSet
0000:8ff1*     Canonicalize
0000:9059*     PathSep
0000:905b*     PathSepGotCh
0000:9064      SkipBack
0000:9077*     CopyComponent
0000:9105      Splice
0000:918c      $NameTrans
0000:91aa      DriveFromText
0000:91c4*     TextFromDrive
0000:91c6*     TextFromDrive1
0000:91cc*     PathPref
0000:91e6*     ScanPathChar
Module: file.obj(file.obj)
0000:91f0      $OPEN
0000:91f2*     $Open2
0000:92ce      $CREAT
0000:92db      $CHMOD
0000:9324      $UNLINK
0000:934c      $RENAME
0000:93cb      $CreateNewFile
0000:93d2*     HexToAsciz
0000:93eb      $CreateTempFile
0000:93eb*     FILE001S
0000:93eb*     FILE001E
0000:9467*     SetAttrib
0000:9477      $Extended_Open
Module: lock.obj(lock.obj)
0000:95ec      $LockOper
0000:9660      LOCK_CHECK
0000:967a      LOCK_VIOLATION
0000:96a1      CheckShare
Module: share.obj(share.obj)
0000:96a8      SHARE_CHECK
0000:96b2      SHARE_VIOLATION
0000:96d9      ShareEnd
0000:96e3      ShareEnter
Module: extattr.obj(extattr.obj)
0000:9705      GetSet_XA
Module: ifs.obj(ifs.obj)
0000:975b      IFS_DOSCALL
0000:9809*     GET_DOS_INFO
0000:9893      $IFS_IOCTL
Warning! W1014: stack segment not found
Warning! W1023: no starting address found, using 0000:0000


                        +-----------------------+
                        |   Linker Statistics   |
                        +-----------------------+

Stack size:  1000 (4096.)
Memory size:  a33b (41787.)
Entry point address: 0000:0000
Link time: 00:00.45
