Open Watcom Linker Version 2.0 beta Aug 27 2026 05:38:07 (64-bit)** EXPERIMENTAL (HLL) ** 
Copyright (c) 2002-2026 The Open Watcom Contributors. All Rights Reserved.
Portions Copyright (c) 1985-2002 Sybase, Inc. All Rights Reserved.
Created on:       26/09/10 23:41:52
Executable Image: IFSFUNC.EXE
creating a DOS executable


                        +------------+
                        |   Groups   |
                        +------------+

Group                           Address              Size
=====                           =======              ====

DOSGROUP                        0442:0000            0000247d



                        +--------------+
                        |   Segments   |
                        +--------------+

Segment                Class          Group          Address         Size
=======                =====          =====          =======         ====

IFSSEG                 IFSSEG         AUTO           0000:0000       0000441b
START                  START          DOSGROUP       0442:0000       00000003
CONSTANTS              CONST          DOSGROUP       0442:0004       00000200
DATA                   DATA           DOSGROUP       0462:0004       000006f7
TABLE                  TABLE          DOSGROUP       04d1:000b       0000079e
CODE                   CODE           DOSGROUP       054b:0009       00000a4e
LAST                   LAST           DOSGROUP       05f1:0000       0000047b
HIGH_TABLE             HIGH_TABLE     DOSGROUP       0638:000b       00000512
STACK                                 AUTO           068a:0000       00000196


                        +----------------+
                        |   Memory Map   |
                        +----------------+

* = unreferenced symbol
+ = symbol only referenced locally

Address        Symbol
=======        ======

Module: IFSSESS.OBJ(IFSSESS.OBJ)
0000:0000      IFSF_SWAP_START
0000:0000      THISIFS
0000:0004      THISDFL
0000:0008      IFSR
0000:0050      SFF1
0000:008e      CD1
0000:0136      DF1
0000:015a      IFSPROC_FLAGS
0000:015c      IFSDRV
0000:015d      DEVICE_CB@_OFFSET
0000:015f      SAVE_CB@
0000:0163      IFSSEM
0000:0164      IFSF_SWAP_END
0000:0164      DFLAddr
0000:0168      DFLCount
0000:0169      CDSAlt
0000:016d      UNC_FS_HDR
0000:0171      IFSFUNC_FLAGS
0000:0173      IFS_ATTRS
0000:0175      DOSCALL@
0000:0179      SFT_SERIAL_NUMBER
0000:017b      fAssign
0000:017c      fPrint
0000:017d      TRUNCATE_FLAG
0000:020f      IFS_ASSOPER
0000:0242*     RETURN_ASSIGN_MODE
0000:026c*     SET_ASSIGN_MODE
0000:02ac*     GET_IFSFUNC_ITEM
0000:02b5*     GET_IFSFUNC_ITEM2
0000:02be*     GET_IFSFUNC_ITEM3
0000:0550*     ATTACH_START
0000:0722*     ATTACH_END
0000:082b      IFS_RESET_ENVIRONMENT
0000:0837      IFS_ABORT
0000:08da*     GET_IFS_DRIVER_NAME
0000:08f8*     FIND_IFS_DRIVER
0000:095a*     AssignOn
0000:0995*     AssignOff
0000:09e4*     PrintOn
0000:0a02*     PrintOff
0000:0a81*     GET_UNC_ITEM_INFO
0000:0b2c*     CHECK_END_SPACE
Module: IFSDIR.OBJ(IFSDIR.OBJ)
0000:0b45      IFS_RMDIR
0000:0b45      IFS_SEQ_RMDIR
0000:0b50      IFS_MKDIR
0000:0b50      IFS_SEQ_MKDIR
0000:0b5b      IFS_CHDIR
Module: IFSFILE.OBJ(IFSFILE.OBJ)
0000:0ba8      IFS_DISK_INFO
0000:0bfd      IFS_SEQ_SET_FILE_ATTRIBUTE
0000:0c0d      IFS_SET_FILE_ATTRIBUTE
0000:0c17      IFS_SEQ_GET_FILE_INFO
0000:0c31      IFS_GET_FILE_INFO
0000:0d12      IFS_SEQ_RENAME
0000:0d1b      IFS_RENAME
0000:0d24      IFS_SEQ_DELETE
0000:0d3b      IFS_DELETE
0000:0df4      IFS_SEQ_OPEN
0000:0dfe      IFS_OPEN
0000:0e08      IFS_SEQ_CREATE
0000:0e12      IFS_CREATE
0000:0e1c*     IFS_SEQ_XOPEN
0000:0e38      IFS_XOPEN
0000:10b1      IFS_SEQ_SEARCH_FIRST
0000:10b6      IFS_SEQ_SEARCH_NEXT
0000:10b8      IFS_SEARCH_FIRST
0000:1102      IFS_SEARCH_NEXT
0000:1166*     OPEN_CHECK_DEVICE
Module: IFSHAND.OBJ(IFSHAND.OBJ)
0000:1190      IFS_CLOSE
0000:11c7      IFS_COMMIT
0000:1240      IFS_LSEEK
0000:1293      IFS_READ
0000:12b2      IFS_WRITE
0000:1310      IFS_XLOCK
0000:1377      IFS_FILE_XATTRIBUTES
Module: IFSDEV.OBJ(IFSDEV.OBJ)
0000:13a9      PRINTER_GETSET_STRING
0000:1467      IFS_DEVICE_CHECK
0000:1574      IFS_DEVICE_CLOSE
0000:15b7      IFS_DEVICE_OPER
0000:163f      IFS_SPOOL_ECHO_CHECK
0000:1693      IFS_DEPENDENT_IOCTL
0000:176b      DEVICE_IOCTL
0000:1803*     GET_DFL_FROM_INDEX
Module: IFSUTIL.OBJ(IFSUTIL.OBJ)
0000:1880      LPT1_NAME
0000:1909      IFSFlushBuf
0000:1958      ifs_980
0000:195a      ifs_990
0000:195b      ifs_1000
0000:195c      IFS_UPDATE_CB
0000:1984      SERVER_DOSCALL_CLOSEFILES_FOR_UID
0000:19c3      SERVER_IFSFUNC_DATA_AREA
0000:19ed      DRIVE_FROM_CDS
0000:1a06      DRIVE_FROM_SFT
0000:1a46      PREP_IFSR
0000:1a5f      CALL_IFS
0000:1c0b      CREATE_DFL_ENTRY
0000:1c97      DELETE_DFL_ENTRY
0000:1ca2      DFL_SINGLE_FILE_CHECK
0000:1cbf      DFL_MATCH
0000:1d51      SFT_TO_SFF
0000:1e3e      SFF_TO_SFT
0000:1ef1      CDS_TO_CD
0000:1f5a      CD_TO_CDS
0000:1f8f      DFL_TO_DF
0000:1ff7      DF_TO_DFL
0000:201e      CONSIST_SFT
0000:20f4*     CONSIST_DFL
0000:2105*     PRN_CHECK
0000:211d*     CHECK_REAL_DEVICE
0000:2185      XCHGP
0000:218c      IFSDrvFromCDS
0000:219a      SET_THISIFS_UNC
0000:21ab      SET_CATEGORY
0000:21d3      SET_DEPIOCTL_IFSR
0000:21e8      GET_UNC_FS_NAME
0000:21f7      MOVE_DRIVER_NAME
0000:2209      CONVERT_NAME_ASCIIZ
0000:221d      CHECK_SEQ
0000:2239*     INIT_DFL
0000:224e      NET_TRANS
0000:227b      STRIP_WFP_START
0000:2290      CHECK_IFS_ATTRIBUTE
0000:229e*     CHECK_IFS_SUPPORT
Module: IFSERROR.OBJ(IFSERROR.OBJ)
0000:22db      PHONEY_NAME
0000:22e3      NEXT_2F_5
0000:22e7      RODS_LABEL
0000:2797      $M_MSGSERV_1
0000:2852      INT_2F_5
0000:292a      SET_EXTERR_INFO
0000:299d      DEVICE2EXTERR
0000:29b4      IFS_I24
0000:29e2      PHONEY_DPB
Module: IFSFDOS.OBJ(IFSFDOS.OBJ)
0000:2a03      SET_IFS_DOSCALL@
0000:2a4b*     IFSFUNC_DOSCALL@
0000:2a6f*     DOS_RETURN_ASSIGN_MODE
0000:2a90*     DOS_TO_NET_DATE
0000:2b3e*     NET_TO_DOS_DATE
Module: IFSINIT.OBJ(IFSINIT.OBJ)
0000:2c00*     CODESIZE
0000:2c09*     TOTSIZE
0000:2c0f*     GetIFSFCSinES
0000:2c12*     UnusedFunc
0000:2c2e*     IDispatch
0000:2cd1      ECritNet
0000:2cdd      LCritNet
0000:2ce9      EcritIFS
0000:2cf5      LcritIFS
0000:2d03      TEMPBUF
0000:2e7b      SYSGetMsg
0000:3030*     IFSFINIT
0000:3f0a      $M_CLS_1
0000:3fd7      $M_MSGSERV_2
0000:41f9*     AUTO_ATTACH
0000:439b*     CHECK_UNC_PRESENCE
0000:2d97      $M_RT
0000:2e97      $M_GET_MSG_ADDRESS
Module: ../../inc/NIBDOS.OBJ(../../inc/NIBDOS.OBJ)
0442:0014*     MSCT001S
0442:00dc*     MSCT001E
0442:0014      DataVersion
0442:001a*     BugTyp
0442:001c*     BugLev
0442:001e*     MYNUM
0442:0020*     FCBLRU
0442:0022*     OpenLRU
0442:0024*     OEM_HANDLER
0442:0028*     LeaveAddr
0442:002a      RetryCount
0442:002c*     RetryLoop
0442:002e*     LastBuffer
0442:0032*     CONTPOS
0442:0034      arena_head
0442:0036      SYSINITVAR
0442:0036      DPBHEAD
0442:003a      sft_addr
0442:003e      BCLOCK
0442:0042      BCON
0442:0046      MAXSEC
0442:0048      BUFFHEAD
0442:004c      CDSAddr
0442:0050      sftFCB
0442:0054      KeepCount
0442:0056      NUMIO
0442:0057      CDSCount
0442:0058      NULDEV
0442:006a*     Splices
0442:006b      Special_Entries
0442:006d      IFS_DOS_CALL
0442:0071      IFS_HEADER
0442:0075*     BUFFERS_PARM1
0442:0077*     BUFFERS_PARM2
0442:0079      BOOTDRIVE
0442:007a*     DDMOVE
0442:007b*     EXT_MEM_SIZE
0442:007d      HASHINITVAR
0442:007d      BUF_HASH_PTR
0442:0081      BUF_HASH_COUNT
0442:0083*     SC_CACHE_PTR
0442:0087*     SC_CACHE_COUNT
0442:0089*     BUF_EMS_SAFE_FLAG
0442:008a*     BUF_EMS_LAST_PAGE
0442:008e*     BUF_EMS_FIRST_PAGE
0442:0092*     BUF_EMS_NPA640
0442:0094      BUF_EMS_MODE
0442:0095*     BUF_EMS_HANDLE
0442:0097*     BUF_EMS_PAGE_FRAME
0442:0099      BUF_EMS_SEG_CNT
0442:009b*     BUF_EMS_PFRAME
0442:009d*     BUF_EMS_RESERV
0442:009f*     BUF_EMS_MAP_BUFF
0442:00a0      JShare
Module: ../../inc/CONST2.OBJ(../../inc/CONST2.OBJ)
0442:00dc*     CONST001S
0442:01ff*     CONST001E
0442:1f6b*     SFT001S
0442:2098*     SFT001E
0442:1f6b      sfTabl
0442:00dc*     CARPOS
0442:00dd*     STARTPOS
0442:2098*     CONSOLE_WORKSPACE_START
0442:219b*     CONSOLE_WORKSPACE_END
0442:2098*     INBUF
0442:2118*     CONBUF
0442:00de*     PFLAG
0442:00df*     VERFLG
0442:00e0*     CharCo
0442:00e1*     chSwitch
0442:00e2*     AllocMethod
0442:00e3*     fShare
0442:00e4*     DIFFNAM
0442:00e5      MYNAME
0442:00f5      CritPatch
0442:0100      SWAP_START
0442:0100      ErrorMode
0442:0101      INDOS
0442:0102      WPErr
0442:0103      EXTERR_LOCUS
0442:0104      EXTERR
0442:0106      EXTERR_ACTION
0442:0107      EXTERR_CLASS
0442:0108*     EXTERRPT
0442:010c      DMAADD
0442:0110      CurrentPDB
0442:0112*     ConC_spsave
0442:0114*     exit_code
0442:0116*     CURDRV
0442:0117      CNTCFLAG
0442:0118      CPSWFLAG
0442:0119      CPSWSAVE
0442:011a      Swap_Always
0442:011a      USER_IN_AX
0442:011c      PROC_ID
0442:011e      USER_ID
0442:0120*     FirstArena
0442:0122*     BestArena
0442:0124*     LastArena
0442:0126      EndMem
0442:0128*     LASTENT
0442:012a      FAILERR
0442:012b      ALLOWED
0442:012c      NoSetDir
0442:012d*     DidCTRLC
0442:012e*     SpaceFlag
0442:0130*     DAY
0442:0131*     MONTH
0442:0132      YEAR
0442:0134*     DAYCNT
0442:0136*     WEEKDAY
0442:0137      CONSWAP
0442:0138      IDLEINT
0442:0139*     fAborting
0442:013a      DEVCALL
0442:0147      CALLUNIT
0442:0147*     CALLMED
0442:0148*     CALLXAD
0442:0148*     CALLRBYT
0442:0149*     CALLVIDM
0442:014c      CallBPB
0442:014c*     CALLSCNT
0442:014e*     CALLSSEC
0442:0150*     CALLVIDRW
0442:0154*     CALLNEWSC
0442:0158      CALLDEVAD
0442:015c*     IOCall
0442:0169*     IORCHR
0442:0169*     IOMED
0442:016a*     IOXAD
0442:016e*     IOSCNT
0442:0170*     IOSSEC
0442:0172*     DSKSTCALL
0442:0174*     DSKSTCOM
0442:0175*     DSKSTST
0442:017f      DSKCHRET
0442:0184*     DSKSTCNT
0442:0188      CreatePDB
0442:0189*     UmbArenaHead
0442:018b*     UmbLinkMcb
0442:018d*     UmbArenaTail
0442:018f*     UmbLinked
0442:0190*     UmbRegionCount
0442:0191*     UmbRegionFilter
0442:0193*     UmbRegionStarts
0442:01b3*     UmbRegionEnds
0442:01d3*     UmbRegionLimits
0442:01f3*     UmbAllocLimit
0442:01f5*     AllocScanDomain
0442:01f6*     ArenaFreeDomain
0442:01f7*     Lock_Buffer
Module: ../../inc/msDATA.OBJ(../../inc/msDATA.OBJ)
0442:0204*     MSDAT001S
0442:08fb*     MSDAT001E
0442:0204*     TIMEBUF
0442:020a      DEVIOBUF
0442:020c      OPENBUF
0442:028c*     RenBuf
0442:030c*     SEARCHBUF
0442:0341      DummyCDS
0442:0399*     DevFCB
0442:0399      Name1
0442:03a5*     NAME2
0442:03b2*     DESTSTART
0442:03b9      ATTRIB
0442:03ba*     EXTFCB
0442:03bb      SATTRIB
0442:03bc*     open_access
0442:03bd*     FoundDel
0442:03be*     Found_dev
0442:03bf*     fSplice
0442:03c0      fSharing
0442:03c1*     SECCLUSPOS
0442:03c2*     TRANS
0442:03c3*     READOP
0442:03c4*     THISDRV
0442:03c5*     CLUSFAC
0442:03c6*     CLUSSPLIT
0442:03c7*     INSMODE
0442:03c8*     cMeta
0442:03c9*     VOLID
0442:03ca      EXIT_TYPE
0442:03cc*     CREATING
0442:03cd*     DELALL
0442:03ce      ExitHold
0442:03d2      user_SP
0442:03d4      user_SS
0442:03d6*     CONTSTK
0442:03d8      THISDPB
0442:03dc*     CLUSSAVE
0442:03de*     CLUSSEC
0442:03e2*     PREREAD
0442:03e4*     FATBYT
0442:03e6*     FATBYTE
0442:03e8      DEVPT
0442:03ec      THISSFT
0442:03f0      THISCDS
0442:03f4*     THISFCB
0442:03f8*     SFN
0442:03fa*     JFN
0442:03fc*     PJFN
0442:0400      WFP_START
0442:0402      REN_WFP
0442:0404*     CURR_DIR_END
0442:0406*     NEXTADD
0442:0408*     LASTPOS
0442:040a*     CLUSNUM
0442:040c*     DIRSEC
0442:0410*     DIRSTART
0442:0412*     SECPOS
0442:0416*     VALSEC
0442:041a*     BYTSECPOS
0442:041c*     BYTPOS
0442:0420*     BYTCNT1
0442:0422*     BYTCNT2
0442:0424*     SECCNT
0442:0426*     ENTFREE
0442:0428*     ENTLAST
0442:042a*     NXTCLUSNUM
0442:042c*     GROWCNT
0442:0430*     CURBUF
0442:0434*     CONSft
0442:0438      SaveBX
0442:043a      SaveDS
0442:043c      restore_tmp
0442:043e      NSS
0442:0440      NSP
0442:0442*     EXTOPEN_FLAG
0442:0444      EXTOPEN_ON
0442:0445*     EXTOPEN_IO_MODE
0442:0447      SAVE_DI
0442:0449      SAVE_ES
0442:044b      SAVE_DX
0442:044d      SAVE_CX
0442:044f      SAVE_BX
0442:0451      SAVE_SI
0442:0453      SAVE_DS
0442:0455      HIGH_SECTOR
0442:0457*     HIGH_SECTOR_TEMP
0442:0459      DISK_FULL
0442:045a*     TEMP_VAR
0442:045c*     TEMP_VAR2
0442:045e*     DrvErr
0442:045f      DOS34_FLAG
0442:0461*     NO_FILTER_PATH
0442:0465*     NO_FILTER_DPATH
0442:0469*     Callback_SS
0442:046b*     Callback_SP
0442:046d*     Callback_flag
0442:046e*     RENAMEDMA
0442:05ee      AuxStack
0442:076e      DskStack
0442:08ee      IOStack
0442:08ee*     IBMPATCH
0442:08ee      PRINTER_FLAG
0442:08ef*     VOLCHNG_FLAG
0442:08f0*     VIRTUAL_OPEN
0442:08f1*     FSeek_drive
0442:08f2*     FSeek_firclus
0442:08f4*     FSeek_logclus
0442:08f6*     FSeek_logsave
0442:08f8      ACT_PAGE
0442:08fa*     SWAP_END
0442:0204*     MSINI001S
0442:0318*     MSINI001E
0442:0396*     XXX
0442:1af0      SYSBUF
0442:1f6b*     MEMSTRT
0442:1b50      DOSINIT
0442:1e55*     MSINI002S
0442:1f6b*     MSINI002E
Module: ../../inc/msTABLE.OBJ(../../inc/msTABLE.OBJ)
0442:08fb      MSVERS
0442:08fb*     MSTAB001s
0442:0914*     MSTAB001e
0442:08fd      YRTAB
0442:0905      MONTAB
0442:219b      I21_MAP_E_TAB
0442:224e      ERR_TABLE_21
0442:22ce*     ERR_TABLE_24
0442:231e      ErrMap24
0442:232e      ErrMap24End
0442:2330      DISPATCH
0442:232e      MAXCALL
0442:232f      MAXCOM
0442:240a*     DOS_DISPATCH_TABLE_END
0442:240a      FOO
0442:240c      DTAB
0442:247d*     DOS_INSTALL_TABLE_END
0442:0911*     InterChar
0442:0912      InterCon
0442:0913*     SaveCurFlg
0442:0914      Header
0442:0914      SysInitTable
0442:091c      FastOpenTable
0442:091c*     FastTable
0442:0926*     FastFlg
0442:0926      FastOpenFlg
0442:0927      FastSeekFlg
0442:0928*     FastOpen_Ext_Info
0442:0933*     Dir_Info_Buff
0442:0953*     Next_Element_Start
0442:0955*     User_SP_2F
0442:0957      Packet_Temp
0442:0957*     DOS_TEMP
0442:0973      Hash_Temp
0442:097b*     SCAN_FLAG
0442:097c*     DATE_FLAG
0442:097e      FETCHI_TAG
0442:0980*     MSG_EXTERROR
0442:0994*     SEQ_SECTOR
0442:0998*     XA_type
0442:0999*     XA_from
0442:099a*     CurHashEntry
0442:099e*     SC_SECTOR_SIZE
0442:09a0*     SC_DRIVE
0442:09a1      CurSC_DRIVE
0442:09a2*     CurSC_SECTOR
0442:09a6*     SC_STATUS
0442:09a8*     SC_FLAG
0442:09a9      IFS_DRIVER_ERR
0442:09ab*     NO_NAME_ID
0442:09b6      SWAP_AREA_TABLE
0442:09b6*     NUM_SWAP_AREA
0442:09b8      SWAP_IN_DOS
0442:09bc      SWAP_IN_DOS_LEN
0442:09be      SWAP_ALWAYS_AREA
0442:09c2      SWAP_ALWAYS_AREA_LEN
0442:09c4*     IFSFUNC_SWAP_IN_DOS
0442:09c8*     IFSFUNC_SWAP_IN_DOS_LEN
0442:09ca      SWAP_AREA_LEN
0442:09cc*     FIRST_BUFF_ADDR
0442:09ce*     SPECIAL_VERSION
0442:09d0*     FAKE_COUNT
0442:0acf      SetverResidentTable
0442:0d4f*     SetverResidentEnd
Module: ../../dos/msDISP.OBJ(../../dos/msDISP.OBJ)
0442:1099*     BUF_EMS_MAP_USER
0442:10a5      $SET_CTRL_C_TRAPPING
0442:1108      $SET_CURRENT_PDB
0442:112b      $GET_CURRENT_PDB
0442:1149      $Set_Printer_Flag
0442:114e*     SYSTEM_CALL
0442:114e      QUIT
0442:1154      IRETT
0442:1155      CALL_ENTRY
0442:11a9      COMMAND
0442:125e*     REDISP
0442:12f0      LeaveDOS
0442:1358      restore_world
0442:136b      save_world
0442:137e*     SAVE_USER_MAP
0442:13a6*     RESTORE_USER_MAP
0442:13c5      Get_User_Stack
Module: ../../dos/msCODE.OBJ(../../dos/msCODE.OBJ)
0442:13cb*     DOS_CODE_START
0442:13cb*     hma_driver_requests
0442:1411*     hma_low_dpbs
0442:145d*     hma_driver_xms
0442:1461      SNULDEV
0442:1467      INULDEV
0442:1468*     DOS_LOW_GATE_END
0442:0d4f*     MSC001S
0442:0d5b*     MSC001E
0442:0d5b*     HMA_DRIVER_TRAMPOLINE
0442:1468*     AbsSetup
0442:14b7      ABSDRD
0442:1534      ABSDWRT
0442:1582*     GETBP
0442:15c9*     GOTDPB
0442:15eb*     SYS_RETURN
0442:15eb*     SYS_RET_OK
0442:15f7*     SYS_RET_ERR
0442:15ff*     From_GetSet
0442:160a*     FCB_RET_OK
0442:160a      CPMFUNC
0442:160d*     FCB_RET_ERR
0442:1619*     errorMap
0442:1634      CAL_LK
0442:166b*     ETAB_LK
0442:16a6*     SetBad
0442:16b1      BadCall
0442:16b5      OKCall
0442:16b7      INT2F
0442:16e4      Leave2F
0442:16f9*     DOS_RELOCATED_GATE_END
0442:1712*     INT2F_etcetera
0442:1712      DOSGetGroup
0442:1715      DOSInstall
0442:1718      DOSGetVersionTable
0442:1733      DOS_HMA_RELOCATE
0442:1893      DOS_HMA_REBASE_XMS
0442:18ec      DOS_HMA_PREPARE
0442:194d      DOS_HMA_BUFFERS
0442:1987      DOS_HMA_TAIL_SET
0442:19b3      DOS_HMA_TAIL_ALLOC
0442:1a1d*     hma_xms_entry
0442:1a22      hma_resident
0442:1a23      hma_low_segment
0442:1a25*     hma_driver_trampoline_entry
0442:1a29*     hma_buffer_bounce
0442:1a2d*     hma_buffers_active
0442:1a2e*     hma_buffer_size
0442:1a30*     hma_tail_floor
0442:1a32*     hma_tail_next
0442:1a34*     hma_bounce_original
0442:1a38*     hma_bounce_direction
0442:1a5f*     RW32_CONVERT
0442:1a9a*     Fastxxx_Purge
Module: ../../inc/msDOSME.OBJ(../../inc/msDOSME.OBJ)
0442:0200*     UserNum
0442:0203*     OEMNum
0442:0200*     DMES001S
0442:0204*     DMES001E
0442:0d7e*     DMES002S
0442:0d7e      COUNTRY_CDPG
0442:0e0c*     UCASE_TAB
0442:0e8e*     FILE_UCASE_TAB
0442:0f10*     FILE_CHAR_TAB
0442:1042*     DBCS_TAB
0442:1054*     DIVMES
0442:1054*     DIVM001S
0442:1069*     DIVM001E
0442:1067*     DivMesLen
0442:1069*     NLS_YES
0442:106b*     NLS_yes2
0442:106a*     NLS_NO
0442:106c*     NLS_no2
0442:1ac0*     MAP_CASE
0442:106d*     CANCHAR
0442:106e*     ESCCHAR
0442:1ad2*     OEMFunctionKey
Module: IFSFLINK.OBJ(IFSFLINK.OBJ)
0442:1ae6      OUTT
0442:1ae6      $DUP
0442:1ae6      MSG_RETRIEVAL
0442:1ae6      $ECS_Call
0442:1ae6      $Extended_Open
0442:1ae6      FastInit
0442:1ae6      $IFS_IOCTL
0442:1ae6      IFS_DOSCALL
0442:1ae6*     $QUERY_DOS_VALUE
0442:1ae6      $STD_AUX_INPUT
0442:1ae6      LcritDevice
0442:1ae6      $ABORT
0442:1ae6      $SET_TIME
0442:1ae6      $ALLOC
0442:1ae6      SETMEM
0442:1ae6      SKIPONE
0442:1ae6      $SET_DMA
0442:1ae6      $PARSE_FILE_DESCRIPTOR
0442:1ae6      $CreateTempFile
0442:1ae6      $SLEAZEFUNCDL
0442:1ae6      $CHDIR
0442:1ae6      TWOESC
0442:1ae6      $GET_INTERRUPT_VECTOR
0442:1ae6      $FCB_SEQ_WRITE
0442:1ae6      DEVNAME
0442:1ae6      $GET_DEFAULT_DRIVE
0442:1ae6      $STD_CON_STRING_INPUT
0442:1ae6      $CLOSE
0442:1ae6      $RAW_CON_IO
0442:1ae6      $INTERNATIONAL
0442:1ae6      idle
0442:1ae6      $STD_CON_INPUT_NO_ECHO
0442:1ae6      $AssignOper
0442:1ae6      $LockOper
0442:1ae6      $FCB_CLOSE
0442:1ae6      $STD_CON_STRING_OUTPUT
0442:1ae6      $Dup_PDB
0442:1ae6      GETCH
0442:1ae6      StrLen
0442:1ae6      InitCDS
0442:1ae6      COPYONE
0442:1ae6      pJFNFromHandle
0442:1ae6      $GET_VERIFY_ON_WRITE
0442:1ae6      $Keep_Process
0442:1ae6      StrCmp
0442:1ae6      $SET_INTERRUPT_VECTOR
0442:1ae6      $FCB_DELETE
0442:1ae6      $RAW_CON_INPUT
0442:1ae6      $RENAME
0442:1ae6      $FIND_FIRST
0442:1ae6      $FCB_RANDOM_WRITE
0442:1ae6      $SET_DEFAULT_DRIVE
0442:1ae6      $SETDPB
0442:1ae6      $STD_PRINTER_OUTPUT
0442:1ae6      $MKDIR
0442:1ae6      $DUP2
0442:1ae6      SET_SFT_MODE
0442:1ae6      $GET_DATE
0442:1ae6      $FCB_RENAME
0442:1ae6      $CREATE_PROCESS_DATA_BLOCK
0442:1ae6      $CREAT
0442:1ae6      EcritDisk
0442:1ae6      PLACEBUF
0442:1ae6      $IOCTL
0442:1ae6      $READ
0442:1ae6      PATHCHRCMP
0442:1ae6      $GET_VERSION
0442:1ae6      COPYLIN
0442:1ae6      LcritDisk
0442:1ae6      $LSEEK
0442:1ae6      StrCpy
0442:1ae6      $FILE_TIMES
0442:1ae6      BACKSP
0442:1ae6      $SET_VERIFY_ON_WRITE
0442:1ae6      SETYEAR
0442:1ae6      FastRet
0442:1ae6      $RMDIR
0442:1ae6      DIVOV
0442:1ae6      $GET_FCB_POSITION
0442:1ae6      $DISK_RESET
0442:1ae6      $DIR_SEARCH_FIRST
0442:1ae6      $WAIT
0442:1ae6*     FASTOPENCOM
0442:1ae6      Stay_resident
0442:1ae6      $AllocOper
0442:1ae6      $GET_DEFAULT_DPB
0442:1ae6      DStrLen
0442:1ae6      CTRLZ
0442:1ae6      $UserOper
0442:1ae6      $SET_DATE
0442:1ae6      $FCB_RANDOM_WRITE_BLOCK
0442:1ae6      EXITINS
0442:1ae6      $GET_IN_VARS
0442:1ae6      GetDevList
0442:1ae6      DATE16
0442:1ae6      POINTCOMP
0442:1ae6      SFFromSFN
0442:1ae6      SKIPSTR
0442:1ae6      FREE_SFT
0442:1ae6      SHARE_ERROR
0442:1ae6      NLS_IOCTL
0442:1ae6      $CURRENT_DIR
0442:1ae6      $FCB_CREATE
0442:1ae6      $WRITE
0442:1ae6      $GET_INDOS_FLAG
0442:1ae6      RECSET
0442:1ae6      $CreateNewFile
0442:1ae6      $STD_CON_INPUT_STATUS
0442:1ae6      REEDIT
0442:1ae6      GetThisDrv
0442:1ae6      DSUM
0442:1ae6      $GetExtendedError
0442:1ae6      $ExtHandle
0442:1ae6      $NameTrans
0442:1ae6      NLS_LSEEK
0442:1ae6      SCANPLACE
0442:1ae6      GetCDSFromDrv
0442:1ae6      DSLIDE
0442:1ae6      Ucase
0442:1ae6      $STD_CON_OUTPUT
0442:1ae6      $FCB_RANDOM_READ_BLOCK
0442:1ae6      CHECKFLUSH
0442:1ae6      COPYSTR
0442:1ae6      $GetSetCdPg
0442:1ae6      $DIR_SEARCH_NEXT
0442:1ae6      $OPEN
0442:1ae6*     SKIPVISIT
0442:1ae6      $EXEC
0442:1ae6      $DEALLOC
0442:1ae6      DOS_CLOSE
0442:1ae6      $STD_CON_INPUT
0442:1ae6      NLS_GETEXT
0442:1ae6      BUFWRITE
0442:1ae6      $GET_TIME
0442:1ae6      $SLEAZEFUNC
0442:1ae6      $CHAR_OPER
0442:1ae6      NET_I24_ENTRY
0442:1ae6      $Commit
0442:1ae6      $SETBLOCK
0442:1ae6      $FCB_OPEN
0442:1ae6      NLS_OPEN
0442:1ae6      $GET_DMA
0442:1ae6      $UNLINK
0442:1ae6      $FCB_SEQ_READ
0442:1ae6      $STD_CON_INPUT_FLUSH
0442:1ae6      $GET_DRIVE_FREESPACE
0442:1ae6      DriveFromText
0442:1ae6      $GetExtCntry
0442:1ae6*     SETVISIT
0442:1ae6      $EXIT
0442:1ae6      $STD_AUX_OUTPUT
0442:1ae6      KILNEW
0442:1ae6      $CHMOD
0442:1ae6      $FCB_RANDOM_READ
0442:1ae6      SHARE_VIOLATION
0442:1ae6      EcritDevice
0442:1ae6      $GET_DPB
0442:1ae6      $FIND_NEXT
0442:1ae6      $GET_FCB_FILE_LENGTH
0442:1ae6      ENTERINS
0442:1ae6      DEVIOCALL2
0442:1ae6      $ServerCall
0442:1ae6      $GSetMediaID
0442:1ae6      FETCHI_CHECK
0442:1ae6      TableDispatch
0442:1ae6      DSKSTATCHK
0442:1ae6      SET_RQ_SC_PARMS
0442:1ae6*     SAVE_MAP
0442:1ae6*     RESTORE_MAP
0442:1ae6      DSKREAD
0442:1ae6      Fast_Dispatch
0442:1ae6      DSKWRITE
0442:1ae6*     INTCNE0
0442:1ae6*     SHARE_INSTALL
0442:1ae6      Fake_Version


                        +-----------------------+
                        |   Linker Statistics   |
                        +-----------------------+

Stack size:  0196 (406.)
Memory size:  6a36 (27190.)
Entry point address: 0000:3fe2
Link time: 00:00.54
