Drive A: /Users/ddanila/fun/msdos/out/ru-country-286-w3k1k_y7/transitions/test.img
#
# 86Box v7.0 logfile, created 2026/09/10 19:56:50
#
# Emulator path: /Users/ddanila/fun/msdos/out/ru-86box-vnc-bs283qnk/build/src/
# Global configuration file: /Users/ddanila/fun/msdos/out/ru-country-286-w3k1k_y7/transitions/global.cfg
# VM: transitions
#
# Configuration file: /Users/ddanila/fun/msdos/out/ru-country-286-w3k1k_y7/transitions/86box.cfg
#

# Userfiles path: /Users/ddanila/fun/msdos/out/ru-country-286-w3k1k_y7/transitions/
# ROM path: /Users/ddanila/Library/Application Support/net.86box.86Box/roms/
# ROM path: /Users/ddanila/fun/msdos/out/ru-country-286-w3k1k_y7/transitions/roms/
# ROM path: /Users/ddanila/fun/msdos/out/ru-86box-vnc-bs283qnk/build/src/roms/
# ROM path: /Users/ddanila/Library/Application Support/net.86Box.86Box/roms/
# ROM path: /Users/ddanila/Library/Application Support/86Box/roms/
# ROM path: /Library/Application Support/net.86Box.86Box/roms/
# ROM path: /Library/Application Support/86Box/roms/
# Asset path: /Users/ddanila/fun/msdos/out/ru-country-286-w3k1k_y7/transitions/assets/
# Asset path: /Users/ddanila/fun/msdos/out/ru-86box-vnc-bs283qnk/build/src/assets/
# Asset path: /Users/ddanila/Library/Application Support/net.86Box.86Box/assets/
# Asset path: /Users/ddanila/Library/Application Support/86Box/assets/
# Asset path: /Library/Application Support/net.86Box.86Box/assets/
# Asset path: /Library/Application Support/86Box/assets/
Qt: version 6.11.2, platform "offscreen"
Translations loaded.
Failed to find Qt translations!
Qt translations loaded.
Translations loaded.
Failed to find Qt translations!
Qt translations loaded.
qt.qpa.fonts: Populating font family aliases took 41 ms. Replace uses of missing font family "Sans Serif" with one that exists to avoid this cost. 
This plugin does not support createPlatformVulkanInstance
QVulkanInstance: Failed to initialize Vulkan
This plugin does not support propagateSizeHints()
This plugin does not support propagateSizeHints()

RUN P866.COM
RU_COUNTRY_PASS
RUN NLSFUNC
RUN MODE CON CP PREPARE=((866) EGA866.CPI)

MODE prepare code page function completed
RUN MODE CON CP PREPARE=((,437,850) EGA.CPI)

MODE prepare code page function completed
RUN CHCP 866
RUN CPCHK.COM
RU_CODEPAGE_PASS
RUN P866.COM
RU_COUNTRY_PASS
RUN Q850.COM
RU_QUERY_PASS
RUN CHCP 437
RUN CPCHK.COM
RU_CODEPAGE_PASS
RUN P437.COM
RU_COUNTRY_PASS
RUN Q866.COM
RU_QUERY_PASS
RUN CHCP 850
RUN CPCHK.COM
RU_CODEPAGE_PASS
RUN P850.COM
RU_COUNTRY_PASS
RUN Q866.COM
RU_QUERY_PASS
RUN CHCP 866
RUN CPCHK.COM
RU_CODEPAGE_PASS
RUN P866.COM
RU_COUNTRY_PASS
RUN Q850.COM
RU_QUERY_PASS
RUN REJECT.COM
RU_REJECTION_PASS
RUN CPCHK.COM
RU_CODEPAGE_PASS
RUN P866.COM
RU_COUNTRY_PASS
RU_COUNTRY_DONE
