Drive A: /Users/ddanila/fun/msdos/out/baltic-country-286-mvvncx_c/transitions/test.img
#
# 86Box v7.0 logfile, created 2026/09/10 19:54:44
#
# Emulator path: /Users/ddanila/fun/msdos/out/ru-86box-vnc-bs283qnk/build/src/
# Global configuration file: /Users/ddanila/fun/msdos/out/baltic-country-286-mvvncx_c/transitions/global.cfg
# VM: transitions
#
# Configuration file: /Users/ddanila/fun/msdos/out/baltic-country-286-mvvncx_c/transitions/86box.cfg
#

# Userfiles path: /Users/ddanila/fun/msdos/out/baltic-country-286-mvvncx_c/transitions/
# ROM path: /Users/ddanila/Library/Application Support/net.86box.86Box/roms/
# ROM path: /Users/ddanila/fun/msdos/out/baltic-country-286-mvvncx_c/transitions/roms/
# ROM path: /Users/ddanila/fun/msdos/out/ru-86box-vnc-bs283qnk/build/src/roms/
# ROM path: /Users/ddanila/Library/Application Support/net.86Box.86Box/roms/
# ROM path: /Users/ddanila/Library/Application Support/86Box/roms/
# ROM path: /Library/Application Support/net.86Box.86Box/roms/
# ROM path: /Library/Application Support/86Box/roms/
# Asset path: /Users/ddanila/fun/msdos/out/baltic-country-286-mvvncx_c/transitions/assets/
# Asset path: /Users/ddanila/fun/msdos/out/ru-86box-vnc-bs283qnk/build/src/assets/
# Asset path: /Users/ddanila/Library/Application Support/net.86Box.86Box/assets/
# Asset path: /Users/ddanila/Library/Application Support/86Box/assets/
# Asset path: /Library/Application Support/net.86Box.86Box/assets/
# Asset path: /Library/Application Support/86Box/assets/
Qt: version 6.11.2, platform "offscreen"
Translations loaded.
Failed to find Qt translations!
Qt translations loaded.
Translations loaded.
Failed to find Qt translations!
Qt translations loaded.
qt.qpa.fonts: Populating font family aliases took 42 ms. Replace uses of missing font family "Sans Serif" with one that exists to avoid this cost. 
This plugin does not support createPlatformVulkanInstance
QVulkanInstance: Failed to initialize Vulkan
This plugin does not support propagateSizeHints()
This plugin does not support propagateSizeHints()

RUN P372775.COM
RU_COUNTRY_PASS
RUN NLSFUNC
RUN MODE CON CP PREPARE=((775) EGA775.CPI)

MODE prepare code page function completed
RUN MODE CON CP PREPARE=((,437,850) EGA.CPI)

MODE prepare code page function completed
RUN S372775.COM
RU_COUNTRY_PASS
RUN Q371775.COM
RU_QUERY_PASS
RUN P372775.COM
RU_COUNTRY_PASS
RUN CHCP 775
RUN CPCHK.COM
RU_CODEPAGE_PASS
RUN P372775.COM
RU_COUNTRY_PASS
RUN Q372850.COM
RU_QUERY_PASS
RUN CHCP 437
RUN CPCHK.COM
RU_CODEPAGE_PASS
RUN P372437.COM
RU_COUNTRY_PASS
RUN Q372775.COM
RU_QUERY_PASS
RUN CHCP 850
RUN CPCHK.COM
RU_CODEPAGE_PASS
RUN P372850.COM
RU_COUNTRY_PASS
RUN Q372775.COM
RU_QUERY_PASS
RUN CHCP 775
RUN CPCHK.COM
RU_CODEPAGE_PASS
RUN P372775.COM
RU_COUNTRY_PASS
RUN Q372850.COM
RU_QUERY_PASS
RUN R372.COM
RU_REJECTION_PASS
RUN CPCHK.COM
RU_CODEPAGE_PASS
RUN P372775.COM
RU_COUNTRY_PASS
RUN S371775.COM
RU_COUNTRY_PASS
RUN Q372775.COM
RU_QUERY_PASS
RUN P371775.COM
RU_COUNTRY_PASS
RUN CHCP 775
RUN CPCHK.COM
RU_CODEPAGE_PASS
RUN P371775.COM
RU_COUNTRY_PASS
RUN Q371850.COM
RU_QUERY_PASS
RUN CHCP 437
RUN CPCHK.COM
RU_CODEPAGE_PASS
RUN P371437.COM
RU_COUNTRY_PASS
RUN Q371775.COM
RU_QUERY_PASS
RUN CHCP 850
RUN CPCHK.COM
RU_CODEPAGE_PASS
RUN P371850.COM
RU_COUNTRY_PASS
RUN Q371775.COM
RU_QUERY_PASS
RUN CHCP 775
RUN CPCHK.COM
RU_CODEPAGE_PASS
RUN P371775.COM
RU_COUNTRY_PASS
RUN Q371850.COM
RU_QUERY_PASS
RUN R371.COM
RU_REJECTION_PASS
RUN CPCHK.COM
RU_CODEPAGE_PASS
RUN P371775.COM
RU_COUNTRY_PASS
RUN S370775.COM
RU_COUNTRY_PASS
RUN Q372775.COM
RU_QUERY_PASS
RUN P370775.COM
RU_COUNTRY_PASS
RUN CHCP 775
RUN CPCHK.COM
RU_CODEPAGE_PASS
RUN P370775.COM
RU_COUNTRY_PASS
RUN Q370850.COM
RU_QUERY_PASS
RUN CHCP 437
RUN CPCHK.COM
RU_CODEPAGE_PASS
RUN P370437.COM
RU_COUNTRY_PASS
RUN Q370775.COM
RU_QUERY_PASS
RUN CHCP 850
RUN CPCHK.COM
RU_CODEPAGE_PASS
RUN P370850.COM
RU_COUNTRY_PASS
RUN Q370775.COM
RU_QUERY_PASS
RUN CHCP 775
RUN CPCHK.COM
RU_CODEPAGE_PASS
RUN P370775.COM
RU_COUNTRY_PASS
RUN Q370850.COM
RU_QUERY_PASS
RUN R370.COM
RU_REJECTION_PASS
RUN CPCHK.COM
RU_CODEPAGE_PASS
RUN P370775.COM
RU_COUNTRY_PASS
RUN S372775.COM
RU_COUNTRY_PASS
RUN Q371775.COM
RU_QUERY_PASS
RUN P372775.COM
RU_COUNTRY_PASS
RUN CHCP 775
RUN CPCHK.COM
RU_CODEPAGE_PASS
RUN P372775.COM
RU_COUNTRY_PASS
RUN Q372850.COM
RU_QUERY_PASS
RUN CHCP 437
RUN CPCHK.COM
RU_CODEPAGE_PASS
RUN P372437.COM
RU_COUNTRY_PASS
RUN Q372775.COM
RU_QUERY_PASS
RUN CHCP 850
RUN CPCHK.COM
RU_CODEPAGE_PASS
RUN P372850.COM
RU_COUNTRY_PASS
RUN Q372775.COM
RU_QUERY_PASS
RUN CHCP 775
RUN CPCHK.COM
RU_CODEPAGE_PASS
RUN P372775.COM
RU_COUNTRY_PASS
RUN Q372850.COM
RU_QUERY_PASS
RUN R372.COM
RU_REJECTION_PASS
RUN CPCHK.COM
RU_CODEPAGE_PASS
RUN P372775.COM
RU_COUNTRY_PASS
RU_COUNTRY_DONE
