Baltic country artifacts: /Users/ddanila/fun/msdos/out/baltic-country-r9xyvdj9
PASS: high/config-et-775
PASS: high/config-et-437
PASS: high/config-et-850
PASS: high/config-et-default
PASS: high/config-lv-775
PASS: high/config-lv-437
PASS: high/config-lv-850
PASS: high/config-lv-default
PASS: high/config-lt-775
PASS: high/config-lt-437
PASS: high/config-lt-850
PASS: high/config-lt-default
PASS: high/transitions
PASS: high/wrong-case
PASS: high/wrong-collation
PASS: low/config-et-775
PASS: low/config-et-437
PASS: low/config-et-850
PASS: low/config-et-default
PASS: low/config-lv-775
PASS: low/config-lv-437
PASS: low/config-lv-850
PASS: low/config-lv-default
PASS: low/config-lt-775
PASS: low/config-lt-437
PASS: low/config-lt-850
PASS: low/config-lt-default
PASS: low/transitions
PASS: low/wrong-case
PASS: low/wrong-collation
