python3 tests/test_baltic_cpi.py
....
----------------------------------------------------------------------
Ran 4 tests in 0.285s

OK
python3 tools/build_ru_cpi.py --output /Users/ddanila/fun/msdos/src/DEV/DISPLAY/EGA/EGA866.CPI
python3 tests/test_ru_cpi.py
....
----------------------------------------------------------------------
Ran 4 tests in 0.270s

OK
python3 tests/test_baltic_font_sources.py
.....
----------------------------------------------------------------------
Ran 5 tests in 0.153s

OK
python3 tests/test_ru_font_sources.py
......
----------------------------------------------------------------------
Ran 6 tests in 0.276s

OK
