Drive A: /Users/ddanila/fun/msdos/out/baltic-text-iqr6f3ah/lv/low/test.img
#
# 86Box v7.0 logfile, created 2026/09/11 01:05:00
#
# Emulator path: /Users/ddanila/fun/msdos/out/ru-86box-vnc-bs283qnk/build/src/
# Global configuration file: /Users/ddanila/fun/msdos/out/baltic-text-iqr6f3ah/lv/low/global.cfg
# VM: low
#
# Configuration file: /Users/ddanila/fun/msdos/out/baltic-text-iqr6f3ah/lv/low/86box.cfg
#

# Userfiles path: /Users/ddanila/fun/msdos/out/baltic-text-iqr6f3ah/lv/low/
# ROM path: /Users/ddanila/Library/Application Support/net.86box.86Box/roms/
# ROM path: /Users/ddanila/fun/msdos/out/baltic-text-iqr6f3ah/lv/low/roms/
# ROM path: /Users/ddanila/fun/msdos/out/ru-86box-vnc-bs283qnk/build/src/roms/
# ROM path: /Users/ddanila/Library/Application Support/net.86Box.86Box/roms/
# ROM path: /Users/ddanila/Library/Application Support/86Box/roms/
# ROM path: /Library/Application Support/net.86Box.86Box/roms/
# ROM path: /Library/Application Support/86Box/roms/
# Asset path: /Users/ddanila/fun/msdos/out/baltic-text-iqr6f3ah/lv/low/assets/
# Asset path: /Users/ddanila/fun/msdos/out/ru-86box-vnc-bs283qnk/build/src/assets/
# Asset path: /Users/ddanila/Library/Application Support/net.86Box.86Box/assets/
# Asset path: /Users/ddanila/Library/Application Support/86Box/assets/
# Asset path: /Library/Application Support/net.86Box.86Box/assets/
# Asset path: /Library/Application Support/86Box/assets/
Qt: version 6.11.2, platform "offscreen"
Translations loaded.
Failed to find Qt translations!
Qt translations loaded.
Translations loaded.
Failed to find Qt translations!
Qt translations loaded.
qt.qpa.fonts: Populating font family aliases took 42 ms. Replace uses of missing font family "Sans Serif" with one that exists to avoid this cost. 
This plugin does not support createPlatformVulkanInstance
QVulkanInstance: Failed to initialize Vulkan
11/09/2026 01:05:00 Listening for VNC connections on TCP port 5900
11/09/2026 01:05:00 Listening for VNC connections on TCP6 port 5900
This plugin does not support propagateSizeHints()
This plugin does not support propagateSizeHints()
11/09/2026 01:05:00   0 other clients
RU_LOW_PASS
RU_TEXT_READY 
SHELL_SAVED 
SHELL_SHOWN 
EDITOR_SAVED 
EDITOR_REOPENED 
REDIRECTED 
PIPED 
RU_TEXT_DONE 
