Open Watcom Linker Version 2.0 beta Aug 27 2026 05:38:07 (64-bit)** EXPERIMENTAL (HLL) ** 
Copyright (c) 2002-2026 The Open Watcom Contributors. All Rights Reserved.
Portions Copyright (c) 1985-2002 Sybase, Inc. All Rights Reserved.
Created on:       26/09/11 01:25:09
Executable Image: MSBIO.EXE
creating a DOS executable


                        +------------+
                        |   Groups   |
                        +------------+

Group                           Address              Size
=====                           =======              ====




                        +--------------+
                        |   Segments   |
                        +--------------+

Segment                Class          Group          Address         Size
=======                =====          =====          =======         ====

CODE                   CODE           AUTO           0000:0000       00003e7d
SYSINITSEG             SYSTEM_INIT    AUTO           03e8:0000       0000511f


                        +-----------------------+
                        |   Absolute Segments   |
                        +-----------------------+

Segment                 Class           Address              Size
=======                 =====           =======              ====

DATA                                    0040:0000           00000077
ROM                                     f000:0000           0000ff65


                        +----------------+
                        |   Memory Map   |
                        +----------------+

* = unreferenced symbol
+ = symbol only referenced locally

Address        Symbol
=======        ======

Module: msbio1.obj(msbio1.obj)
0000:0000      START$
0000:0003*     BIO001S
0000:0731*     BIO001E
0000:0003*     DSKTBL
0000:0037*     CONTBL
0000:004f*     AUXTBL
0000:0067*     TIMTBL
0000:007d*     PRNTBL
0000:00b0*     BIOS_DEVICE_TABLES_END
0000:001e      TABLE_PATCH
0000:00b0      OLD13
0000:00b4      ORIG13
0000:00b8      PTRSAV
0000:00bc      AUXBUF
0000:00c0      PREVOPER
0000:00c2      NUMBER_OF_SEC
0000:0100*     VDISK_AREA
0000:016c*     AUXNUM
0000:016e      CONHEADER
0000:0180*     AUXDEV2
0000:0192*     PRNDEV2
0000:01a4      TIMDEV
0000:01b6*     DSKDEV
0000:01c0      DRVMAX
0000:01c1      STEP_DRV
0000:01c2      FHAVE96
0000:01c3      SINGLE
0000:01c4      FHAVEK09
0000:01c5      NEW_ROM
0000:01c6      FSETOWNER
0000:01c7      Secrete_Code
0000:01ca      COM1DEV
0000:01dc      LPT1DEV
0000:01ee      LPT2DEV
0000:0200      LPT3DEV
0000:0212      COM2DEV
0000:0224      COM3DEV
0000:0236      COM4DEV
0000:0248      NEXT2F_13
0000:024c      START_BDS
0000:0250      ACCESSCOUNT
0000:0251      TIM_DRV
0000:0252      FLAGBITS
0000:0254      MEDBYT
0000:0256      WRTVERIFY
0000:0256      RFLAG
0000:0258      SECCNT
0000:025a      HARDNUM
0000:025b      MOTORSTARTUP
0000:025c      SETTLECURRENT
0000:025d      SETTLESLOW
0000:025e      save_head_sttl
0000:025f      EOT
0000:0260      DPT
0000:0264      CURSEC
0000:0265      CURHD
0000:0266      CURTRK
0000:0268      SPSAV
0000:026a      FORMT_EOT
0000:026b      HDNUM
0000:026c      TRKNUM
0000:026e      GAP_PATCH
0000:026f      ERRIN
0000:0277      LSTERR
0000:0278      ERROUT
0000:0009      NUMERR
0000:0284      DISKSECTOR
0000:028f      BPB_IN_SECTOR
0000:0291      SECPERCLUSINSECTOR
0000:0294      NumberOfFats
0000:0299      MEDIABYTE
0000:02aa      Ext_Boot_Sig
0000:02ab      Boot_Serial_L
0000:02ad      Boot_Serial_H
0000:02af      Boot_Volume_Label
0000:02ba      Boot_System_ID
0000:0484*     BDS1
0000:048a      FDRIVE1
0000:04ee      FDRIVE2
0000:0552      FDRIVE3
0000:05b6      FDRIVE4
0000:0614      SM92
0000:061b      ALTAH
0000:061c      KEYRD_Func
0000:061d      KEYSTS_Func
0000:061e      PRINTDEV
0000:0620      WAIT_COUNT
0000:0628      DAYCNT
0000:062a*     BIOS_IOCTL_LOW_START
0000:0731*     BIOS_IOCTL_LOW_END
0000:062c      SECTORSPERTRACK
0000:062e      TRACKTABLE
0000:072a      MEDIATYPE
0000:072b      MEDIA_SET_FOR_FORMAT
0000:072c      Had_Format_Error
0000:072d      TEMPDPT
0000:062a      Prev_DX
0000:0731      STRATEGY
0000:073c*     CON$IN
0000:0742*     AUX0$IN
0000:0748*     AUX1$IN
0000:074e*     AUX2$IN
0000:0754*     AUX3$IN
0000:075f*     PRN0$IN
0000:0765*     PRN1$IN
0000:076d*     PRN2$IN
0000:0775*     PRN3$IN
0000:0785*     TIM$IN
0000:078b      DSK$IN
0000:07e3      BUS$EXIT
0000:07e7      CMDERR
0000:07e9      ERR$CNT
0000:07f1      ERR$EXIT
0000:07f5*     EXIT$ZER
0000:07fe      EXIT
0000:0029*     CHROUT
0000:0812      OUTCHR
0000:0824      GETDX
Module: msCON.obj(msCON.obj)
0000:082a      CON$READ
0000:0872      CON$RDND
0000:08c9      RDEXIT
0000:08d6      CON$FLSH
0000:08dc      FLUSH
0000:08ee      CON$WRIT
0000:08fb      CBREAK
0000:0901      INTRET
Module: msAUX.obj(msAUX.obj)
0000:0902      AUX$READ
0000:092d      AUX$RDND
0000:0950      AUX$WRST
0000:096b      AUX$FLSH
0000:0974      AUX$WRIT
Module: msLPT.obj(msLPT.obj)
0000:0998      PRN$WRIT
0000:09ba      PRN$STAT
0000:09e3      PRN$TILBUSY
0000:0a29      PRN$GENIOCTL
Module: msCLOCK.obj(msCLOCK.obj)
0000:0a60      HaveCMOSClock
0000:0a61      month_tab
0000:0a6d      BinToBCD
0000:0a6f      DaycntToDay
0000:0a71      TimeToTicks
0000:0a73      TIM$WRIT
0000:0acd      time_to_ticks
0000:0b12      TIM$READ
Module: msDISK.obj(msDISK.obj)
0000:0b6e*     Set_ID_Flag
0000:0b91*     Saved_Word
0000:0b96*     VRetry_Cnt
0000:0b98*     Soft_ECC_Cnt
0000:0b9a*     MultiTrk_Format_Flag
0000:0b6f      Fat_12_ID
0000:0b78      Fat_16_ID
0000:0b81      Vol_No_Name
0000:0b8d      Temp_H
0000:0b8f      Start_Sec_H
0000:0b93      MulTrk_Flag
0000:0b95      EC35_Flag
0000:0b9b      MEDIA$CHK
0000:0bd1      MEDIA_PATCH
0000:0bdb*     BIOS_MEDIA_PATCH_END
0000:0bfd      INIT_PATCH
0000:0c00*     BIOS_INIT_PATCH_END
0000:0c0f      CHECK_TIME_OF_ACCESS
0000:0c4b      GET$BPB
0000:0c74      SET_PATCH
0000:0c77*     BIOS_SET_PATCH_END
0000:0c7a      SETPTRSAV
0000:0c8e      Clear_IDs
0000:0ccd      GETBP
0000:0cf3      GETBP1_PATCH
0000:0cf6*     BIOS_GETBP1_PATCH_END
0000:0d45      HAS1
0000:0e36      Mov_Media_IDs
0000:0e8a*     BIOS_SERVICE_START
0000:1c84*     BIOS_SERVICE_END
0000:0e8a      READ_SECTOR
0000:0f01      DSK$REM
0000:0f11      SETDRIVE
0000:0f33      DSK$WRITV
0000:0f3c      DSK$WRIT
0000:0f4e      DSK$READ
0000:0f53      CHECKSINGLE
0000:0fd4      DISKRD
0000:1052      DISKIO_PATCH
0000:1055*     BIOS_DISKIO_PATCH_END
0000:10a8*     IOSETUP
0000:1167*     DISK
0000:1253      DSKERR
0000:1256*     BIOS_DSKERR_PATCH_END
0000:128d      HARDERR
0000:1290      HARDERR2
0000:12d9      MAPERROR
0000:12f2*     SET_TIM
0000:1319      BLOCK13
0000:1323      CHANGED_PATCH
0000:132d*     BIOS_CHANGED_PATCH_END
0000:1401*     OK11
0000:1415*     ECC_ERR_HANDLE
0000:158a*     IOREADJUMPTABLE
0000:159b*     IOWRITEJUMPTABLE
0000:15ac      GENERIC$IOCTL
0000:15ec*     GETDEVICEPARAMETERS
0000:1628*     SETDEVICEPARAMETERS
0000:16e2*     SET_MEDIA_FOR_FORMAT
0000:1792*     FORMATTRACK
0000:1849*     VERIFYTRACK
0000:18a2*     READTRACK
0000:18ab*     WRITETRACK
0000:18b4*     READWRITETRACK
0000:18d4*     TRACKIO
0000:195e*     SECTORSIZETOSECTORINDEX
0000:1971*     SETDASD
0000:19e8*     RESETDISK
0000:19f5*     TO_ROM
0000:1a53      IOCTL$GETOWN
0000:1a77      IOCTL$SETOWN
0000:1aad*     RESTOREOLDDPT
0000:1bd9*     CHECK_WRAP
0000:1c36      INT_2F_13
0000:1c5f*     MOVE
0000:1c64      DoubleWordMov
0000:1c67*     BIOS_DWORD_PATCH_END
Module: msBIO2.obj(msBIO2.obj)
0000:1c84*     DISK005S
0000:1d9c*     DISK005E
0000:1c84      Model_Byte
0000:1c85      Secondary_Model_Byte
0000:1c86      ORIG19
0000:1c8a      Int19OLD02
0000:1c8f      Int19OLD08
0000:1c94      Int19OLD09
0000:1c99      Int19OLD0A
0000:1c9e      Int19OLD0B
0000:1ca3      Int19OLD0C
0000:1ca8      Int19OLD0D
0000:1cad      Int19OLD0E
0000:1cb2      Int19OLD70
0000:1cb7      Int19OLD72
0000:1cbc      Int19OLD73
0000:1cc1      Int19OLD74
0000:1cc6      Int19OLD76
0000:1ccb      Int19OLD77
0000:1cd0      Int19BootVectors
0000:1ce0      DSKDRVS
0000:1ce8      HDSKTAB
0000:1d14      INT_2F_NEXT
0000:1d18      CompactDpbStorage
0000:1d9c      INT19
0000:1ddc      DSK$INIT
0000:1de8      INT2F_DISK
0000:1e34      INSTALL_BDS
0000:1e70*     BIOS_MUX_INSTALL_LINK
0000:1e78      RE_INIT
0000:1e99      SWPDSK
0000:1eb6      WRMSG
0000:1f01*     CLK001S
0000:1f07*     CLK001E
0000:1f01      BIN_DATE_TIME
0000:1f05      DAYCNT2
0000:1f07      ENDFLOPPY
0000:1f07      ENDSWAP
0000:1f07*     BIO004S
0000:1fd2*     BIO004E
0000:1f07      HNUM
0000:1f08      HARDDRV
0000:1f0a      BDSH
0000:1f10      HDRIVE
0000:1f6e      ENDONEHARD
0000:1f6e      BDSX
0000:1f74      DRIVEX
0000:1fd2      ENDTWOHARD
0000:1fd2      TWOHARD
0000:1fd2      DSK$OPEN
0000:1fdb      DSK$CLOSE
0000:1fef      MEDIACHECK
0000:200e*     LOSECHNG
0000:2027*     MEDIARET
0000:2036      CHECKLATCHIO
0000:203c*     CHECKROM
0000:2058*     CHECKFATVID
0000:20ad      CHECKIO
0000:20d1*     RETURNVID
0000:20e9      MEDIA_SET_VID
0000:20f8      HIDENSITY
0000:211c*     TPI96001S
0000:2126*     TPI96001E
0000:211c      REAL13
0000:2126      INT13
0000:215e      SET_CHANGED_DL
0000:2193      ResetChanged
0000:2198      HASCHANGE
0000:219e*     VOLID001S
0000:21b6*     VOLID001E
0000:21b6      SET_VOLUME_ID
0000:22b6      END96TPI
0000:22b6      BDSMs
Module: mshard.obj(mshard.obj)
0000:2bc2      IBM_DISK_IO
Module: msinit.obj(msinit.obj)
0000:2cf0*     ENDATROM
0000:2cf0*     Daycnt_to_day
0000:2d69*     EndDaycntToDay
0000:2d69*     Bin_to_bcd
0000:2d6e*     EndCMOSClockset
0000:2f53*     ENDK09
0000:30a4      INIT
Module: sysinit1.obj(sysinit1.obj)
03e8:025e      CURRENT_DOS_LOCATION
03e8:0262      FINAL_DOS_LOCATION
03e8:0264      DEVICE_LIST
03e8:0268      SYSI_COUNTRY
03e8:02bb      MEMORY_SIZE
03e8:02bd      DEFAULT_DRIVE
03e8:02be      BUFFERS
03e8:02ea      FILES
03e8:02ed      NUM_CDS
03e8:0259      SYSINIT
03e8:0a4d      CNTRYFILEHANDLE
03e8:02fe      COMMAND_LINE
03e8:02b2      Big_Media_Flag
03e8:02b3      STACK_COUNT
03e8:02b5      STACK_SIZE
03e8:02b7      STACK_ADDR
03e8:025c      dosinfo
03e8:0260      entry_point
03e8:02eb      fcbs
03e8:02ec      keep
03e8:02ee      confbot
03e8:02f8      alloclim
03e8:02f0      RawConfigSeg
03e8:02f2      MenuScratch
03e8:02f4      MenuPristine
03e8:02f6      MenuCodeSeg
03e8:031e      zero
03e8:0725      sepchr
03e8:0dd5      STALL
03e8:0a47      count
03e8:0a4b      chrptr
03e8:0a49      org_count
03e8:0a53      bufptr
03e8:0a53      memlo
03e8:0a55      prmblk
03e8:0a55      memhi
03e8:0a57      ldoff
03e8:0a59      area
03e8:0a5b      PACKET
03e8:0a68      UNITCOUNT
03e8:0a69      BREAK_ADDR
03e8:0a6d      BPB_ADDR
03e8:0a71      drivenumber
03e8:0983      Config_Size
03e8:0a74      TempStack
03e8:0981      Install_Flag
03e8:0a41      COM_Level
03e8:0a42      CMMT
03e8:0a43      CMMT1
03e8:0a44      CMMT2
03e8:0a45      Cmd_Indicator
03e8:0726      LineCount
03e8:0728      ShowCount
03e8:0755      Buffer_LineNum
03e8:0a46      DoNotShowNum
03e8:0a03      IFS_Flag
03e8:0a05      IFS_RH
03e8:02c0      H_Buffers
03e8:0759      Buffer_Slash_X
03e8:0a72      ConfigMsgFlag
03e8:15f9      Do_Install_Exec
03e8:0980      Multi_Pass_Id
03e8:0321      ConfigEnv
03e8:031f      ConfigEnvUsed
03e8:0721*     BootBypass
03e8:0722      BootStep
03e8:0016*     Int02
03e8:0012*     Old02
03e8:003c*     Int08
03e8:0038*     Old08
03e8:0047*     Int09
03e8:0043*     Old09
03e8:0057*     Int70
03e8:0053*     Old70
03e8:005e*     Int0A
03e8:0060*     Old0A
03e8:0066*     FirstFlag0A
03e8:0077*     Int0B
03e8:0079*     Old0B
03e8:007f*     FirstFlag0B
03e8:0090*     Int0C
03e8:0092*     Old0C
03e8:0098*     FirstFlag0C
03e8:00a9*     Int0D
03e8:00ab*     Old0D
03e8:00b1*     FirstFlag0D
03e8:00c2*     Int0E
03e8:00c4*     Old0E
03e8:00ca*     FirstFlag0E
03e8:00db*     Int72
03e8:00dd*     Old72
03e8:00e3*     FirstFlag72
03e8:00f4*     Int73
03e8:00f6*     Old73
03e8:00fc*     FirstFlag73
03e8:010d*     Int74
03e8:010f*     Old74
03e8:0115*     FirstFlag74
03e8:0126*     Int76
03e8:0128*     Old76
03e8:012e*     FirstFlag76
03e8:013f*     Int77
03e8:0141*     Old77
03e8:0147*     FirstFlag77
03e8:0259*     Endstackcode
03e8:0de5      AcquireUmbs
03e8:0f9e      TEMPCDS
03e8:168d      ParaRound
03e8:1699*     Sysinit_Base
03e8:1f2c      SetDevMark
Module: sysconf.obj(sysconf.obj)
03e8:2abc      DOCONF
03e8:406a      GETCHR
03e8:2bbd      Multi_Pass
03e8:1fb0      MultDeviceFlag
03e8:1fb1      DevMark_Addr
03e8:1fb3      SetDevMarkFlag
03e8:2960      DosHighRequested
03e8:2961      DosUmbRequested
03e8:2962      DeviceHighActive
03e8:4090      Error_Line
Module: sysinit2.obj(sysinit2.obj)
03e8:4b7b      INT24
03e8:4b55      OPEN_DEV
03e8:447a      ORGANIZE
03e8:4749      MEM_ERR
03e8:46a4      NEWLINE
03e8:4754      CALLDEV
03e8:4b26      BadLoad
03e8:4be9      PRNDEV
03e8:4be5      AUXDEV
03e8:4bed      CONFIG
03e8:4c46      COMMND
03e8:4be1      CONDEV
03e8:47a8*     GetNum
03e8:4b22      BADFIL
03e8:4b2c      PRNERR
03e8:46ff      ROUND
03e8:4670      DELIM
03e8:4b50      PRINT
03e8:46d0      Set_Break
03e8:42c0      SETPARMS
03e8:4317      PARSELINE
03e8:42fb      DIDDLEBACK
03e8:47f8*     Skip_delim
03e8:4817      SetDOSCountryInfo
03e8:4acb      Set_Country_Path
03e8:4b1a      Move_ASCIIZ
03e8:4bf9      Cntry_Drv
03e8:4bfb      Cntry_Root
03e8:4bfc      Cntry_Path
03e8:4c86      PathString
03e8:4cc6      LShare
03e8:4d8c      DeviceParameters
03e8:4eb4*     drive
03e8:4eb5*     switches
Module: sysimes.obj(sysimes.obj)
03e8:4f51      BADOPM
03e8:4f75      CRLFM
03e8:4f97      BADSIZ_PRE
03e8:4fb8      BADLD_PRE
03e8:4fca      BADCOM
03e8:511f      SYSSIZE
03e8:4fde      BADCOUNTRY
03e8:504e      BADMEM
03e8:5075      BADBLOCK
03e8:5090      BADSTACK
03e8:5021      INSUFMEMORY
03e8:5004      BADCOUNTRYCOM
03e8:50ad      BadOrder
03e8:50d3      Errorcmd
03e8:4f78      Badparm
03e8:50ed      ShareWarnMsg
Warning! W1014: stack segment not found
Warning! W1023: no starting address found, using 0000:0000


                        +-----------------------+
                        |   Linker Statistics   |
                        +-----------------------+

Stack size:  1000 (4096.)
Memory size:  8f9f (36767.)
Entry point address: 0000:0000
Link time: 00:00.80
