Open Watcom Linker Version 2.0 beta Aug 27 2026 05:38:07 (64-bit)** EXPERIMENTAL (HLL) ** 
Copyright (c) 2002-2026 The Open Watcom Contributors. All Rights Reserved.
Portions Copyright (c) 1985-2002 Sybase, Inc. All Rights Reserved.
Created on:       26/09/11 01:25:09
Executable Image: COMMAND.EXE
creating a DOS executable


                        +------------+
                        |   Groups   |
                        +------------+

Group                           Address              Size
=====                           =======              ====

RESGROUP                        0000:0000            00002c00
TRANGROUP                       02c0:0000            0000bf90



                        +--------------+
                        |   Segments   |
                        +--------------+

Segment                Class          Group          Address         Size
=======                =====          =====          =======         ====

CODERES                               RESGROUP       0000:0000       00000b2d
DATARES                               RESGROUP       00b2:000d       00000823
HMACODE                               RESGROUP       0135:0000       0000048e
MSGOPT                                RESGROUP       017d:000e       000003e8
BATARENA                              RESGROUP       01bd:0000       00000010
BATSEG                                RESGROUP       01be:0000       0000003f
ENVARENA                              RESGROUP       01c2:0000       00000010
ENVIRONMENT                           RESGROUP       01c3:0000       000000a0
INIT                                  RESGROUP       01cd:0000       00000f29
TAIL                                  RESGROUP       02c0:0000       00000000
TRANCODE                              TRANGROUP      02c0:0000       000075fd
TRANDATA                              TRANGROUP      0a1f:000d       00000500
TRANSPACE                             TRANGROUP      0a6f:000d       00000fea
TRANEXT                               TRANGROUP      0b6e:0007       0000349e
TRANTAIL                              TRANGROUP      0eb9:0000       00000000
FOR_SEGMENT                           AUTO           0eb9:0000       00000000


                        +----------------+
                        |   Memory Map   |
                        +----------------+

* = unreferenced symbol
+ = symbol only referenced locally

Address        Symbol
=======        ======

Module: COMMAND1.OBJ(COMMAND1.OBJ)
0000:1c3e      ECOMSPEC
0000:1cd0      ENVIREND
0000:1c30      PATHSTRING
0000:0145      EXT_EXEC
0000:028b      CONTC
0000:027f      Exec_Wait
0000:007f*     RESCOM
0000:0364      ResPipeOff
Module: COMMAND2.OBJ(COMMAND2.OBJ)
0000:0680      CHKSUM
0000:06b9      endinit
0000:05b8      GETCOMDSK2
0000:03ed      INT_2E
0000:0630      LOADCOM
0000:041e      lodcom
0000:048a      LODCOM1
0000:05be      RestHand
0000:0599      SavHand
0000:069a      SETVECT
0000:0530      THEADFIX
0000:0515      TREMCHECK
0000:0511*     tjmp
0000:043a*     SetSize
0000:2c00      TranStart
Module: RUCODE.OBJ(RUCODE.OBJ)
0000:06f5      ASKEND
0000:0998      CRLF
0000:0712      DSKERR
0000:09d4      ITESTKANJ
0000:09e6      reset_msg_pointers
0000:099b      RPRINT
0000:1350      hma_code_start
0000:17de      hma_code_end
0000:1354*     hma_in_char_xlat_body
0000:09d4*     TestKanjR
0000:1373      hma_test_kanj_high
0000:1377*     hma_test_kanj_body
0000:09f6*     MSG_SERV_ST
0000:09f6      READ_DISK_PROC
0000:0aa4      SYSGETMSG
0000:0aaa      SYSDISPMSG
0000:0aa4      hma_sysgetmsg_gateway
0000:0aaa      hma_sysdispmsg_gateway
0000:0ab0*     RES_CODE_END
0000:139c      HMA_SYSGETMSG
0000:14e9      HMA_SYSDISPMSG
0000:13b7      HMA_SYSGETMSG_RETURN
0000:152d      HMA_SYSDISPMSG_RETURN
Module: RDATA.OBJ(RDATA.OBJ)
0000:0b2d      rstack
0000:0bc9      abort_char
0000:0c92      append_flag
0000:0c90      append_state
0000:0b9a      badfat_block
0000:0b9e      BADFAT_OP_SEG
0000:0b99      badfat_subst
0000:0be5      BATCH
0000:0c2f      Batch_Abort
0000:0c7a      call_batch_flag
0000:0c79      call_flag
0000:0b98      CDEVAT
0000:0d43      COM_FCB1
0000:0d47      COM_FCB2
0000:0d3f      COM_PTR
0000:0c7e      com_xlat_addr
0000:0c30      COMDRV
0000:0ba6      comprmt1_block
0000:0baa      COMPRMT1_SEG
0000:0bb5      COMPRMT1_SEG2
0000:0ba5      comprmt1_subst
0000:0be7      COMSPEC
0000:0c88      crit_msg_off
0000:0c8a      crit_msg_seg
0000:1175      critical_msg_start
0000:0ba8      comspec_print
0000:0c27      comspec_end
0000:0bbc      cpdrv
0000:0c63      crit_err_info
0000:1350      DATARESEND
0000:0c8c      dbcs_vector_addr
0000:0b4a      deve_op_off
0000:0b4c      deve_op_seg
0000:0b57      DEVE_OP_SEG2
0000:0b48      devemes_block
0000:0b47      devemes_subst
0000:0b5e      DEVENAM
0000:0b2d      disp_class
0000:0b46      DRVLET
0000:0b30      drvnum_block
0000:0b32      drvnum_op_off
0000:0b34      drvnum_op_seg
0000:0b3f      DRVNUM_OP_SEG2
0000:0b2f      drvnum_subst
0000:0c66      ECHOFLAG
0000:0d3d      envirseg
0000:0b6b      ERR15_OP_SEG
0000:0b76      ERR15_OP_SEG2
0000:0b81      ERR15_OP_SEG3
0000:0b67      err15mes_block
0000:0b66      err15mes_subst
0000:0be0      ERRCD_24
0000:0bd3      ErrType
0000:0d3d      EXEC_BLOCK
0000:0bbe      execemes_block
0000:0bbd      execemes_subst
0000:0bc0      execemes_off
0000:0bc2      execemes_seg
0000:0c37      EXTCOM
0000:190d      extended_msg_start
0000:1bc6      extmsgend
0000:0bcc      fail_char
0000:0c72      fFail
0000:0c74      FORFLAG
0000:0c75      forptr
0000:0c83      fucase_addr
0000:0be2      HANDLE01
0000:0c73      IFFlag
0000:0bcb      ignore_char
0000:0c2e      In_Batch
0000:0c93      InitFlag
0000:0d39      INPIPEPTR
0000:0bd4      INT_2E_RET
0000:0c68      IO_SAVE
0000:0be4      LOADING
0000:0c3a      LOADHIGH_PENDING
0000:0c3b      LOADHIGH_SAVED_LINK
0000:0c3c      LOADHIGH_SAVED_STRATEGY
0000:0c3e      LOADHIGH_REGION_MASK
0000:0c40      LOADHIGH_MINIMUMS
0000:0c60      LOADHIGH_SHRINK
0000:0c61      LOADHIGH_SAVED_FILTER
0000:0d4f      LTPA
0000:0c31      MEMSIZ
0000:0d4d      MYSEG
0000:0d55      MYSEG1
0000:0d59      MYSEG2
0000:0c77      NEST
0000:0c7b      next_batch
0000:0bce      no_char
0000:0c7d      NULLFLAG
0000:0b2e      number_subst
0000:0d5f      olderrno
0000:0bdc      OldTerm
0000:0d3b      OUTPIPEPTR
0000:0bda      PARENT
0000:17de      parse_msg_start
0000:0c6b      PERMCOM
0000:0c96      PIPE1
0000:0c99      pipe1t
0000:0ca6      PIPE2
0000:0ca9      pipe2t
0000:0c95      PIPEFILES
0000:0c94      PIPEFLAG
0000:0cb6      PIPEPTR
0000:0cb8      PIPESTR
0000:0d52      RDIRCHAR
0000:0bcf      RemMsg
0000:0e4f      resident_catalog_start
0000:0d97      resident_class_ptrs
0000:0d8b      resident_critical_ptr
0000:0d63      hma_in_char_xlat_entry
0000:0d67      hma_test_kanj_entry
0000:0d61      resmsgend
0000:0d5d      RES_TPA
0000:0c6a      RESTDIR
0000:0d5b*     ResTest
0000:0c38      RETCODE
0000:0bca      retry_char
0000:0c64      rsrc_xa_seg
0000:0d51      RSWITCHAR
0000:0bd8      SAVE_PDB
0000:0c6c      SINGLECOM
0000:0c6e      KEEPCOM
0000:0c6f      BATCHSTEP
0000:0c33      SUM
0000:0c35      SUMSEG
0000:0c67      SUPPRESS
0000:0c29      TRANS
0000:0d5f      TranVarEnd
0000:0d4b      TRANVARS
0000:0c2b      TRNSEG
0000:0c2d      TrnMvFlg
0000:0c70      VERVAL
0000:0b88      VolName
0000:0b94*     VOLSER
0000:0bcd      yes_char
0000:1117      $M_CLS_3
0000:113e      $M_CLS_1
0000:1161      $M_CLS_2
0000:116b      $M_CLS_6
0000:1902      $M_CLS_5
0000:1bbb      $M_CLS_7
0000:0d6b      $M_RT2
Module: INIT.OBJ(INIT.OBJ)
0000:1cd0      CONPROC
0000:270b      init_contc_specialcase
0000:245e*     EnvMaximum
0000:24df*     Nxtstr
Module: UINIT.OBJ(UINIT.OBJ)
0000:29d0*     icondev
0000:29de      BADCSPFL
0000:29df      COMSPECT
0000:29ed      AUTOBAT
0000:2a2a      fslash
0000:2a2b      bslash
0000:2a2c      space
0000:2a0f      PRDATTM
0000:2a10      INITADD
0000:2a14*     print_add
0000:2a1c      CHUCKENV
0000:2a2d      scswitch
0000:2a2e      ucasea
0000:2a1d      ECOMLOC
0000:2a27      equalsign
0000:2a28      lcasea
0000:2a29      lcasez
0000:2a1f      comspstring
0000:2a2f      envsiz
0000:2a31      EnvMax
0000:2a3d      initend
0000:2a3f      trnsize
0000:2a41      resetenv
0000:2a42      ext_msg
0000:2ae1      num_positionals
0000:2a47      INTERNAT_INFO
0000:2a45      parsemes_ptr
0000:2a18      triage_add
0000:2a33      oldenv
0000:2a35      usedenv
0000:29fe      KAUTOBAT
0000:2a43      eswitch
0000:2a44      dswitch
0000:2a3b      init_parse
0000:2ae3      old_parse_ptr
0000:2a37      pars_msg_off
0000:2a39      pars_msg_seg
0000:2a47      parse_command
0000:2ad8*     COMND1_OUTPUT
0000:2ad8*     COMND1_TYPE
0000:2ad9*     COMND1_CODE
0000:2ada      comnd1_syn
0000:2adc      comnd1_addr
0000:2a7e      command_f_syn
0000:2a72      command_p_syn
0000:2aaf      command_c_syn
0000:2ac9      command_k_syn
0000:2ad5      command_y_syn
0000:2a8a      command_d_syn
0000:2a96      command_e_syn
0000:2abb      command_m_syn
0000:2bee      $M_CLS_4
Module: TCODE.OBJ(TCODE.OBJ)
02c0:01a5      COMMAND
02c0:037c      DOCOM
02c0:037f      DOCOM1
02c0:038a      NOPIPEPROC
02c0:0176      TCOMMAND
02c0:014d      REM_HANDLER
02c0:051a      ROM_EXEC
02c0:04a1      ROM_SCAN
Module: TBATCH.OBJ(TBATCH.OBJ)
02c0:0588      PromptBat
02c0:05d0      output_batch_name
02c0:05fb      GetKeyStroke
02c0:061b      READBAT
02c0:0822*     SkipToEOL
02c0:0833      Free_TPA
02c0:0843      Alloc_TPA
02c0:08b9      BatCom
02c0:0a1c      BatchOff
02c0:0a78*     StrCpy
Module: TBATCH2.OBJ(TBATCH2.OBJ)
02c0:0bee      $if
02c0:0d37      iferlev
02c0:0f9b      goto
02c0:0db0      Shift
02c0:0cca      ifexists
02c0:0c70      ifnot
02c0:0be8      forerror
02c0:0e75      $call
02c0:0a8d      GetBatByt
02c0:0e07      SkipDelim
02c0:1080      BATCLOSE
02c0:1094      BATOPEN
Module: TFOR.OBJ(TFOR.OBJ)
02c0:1355      $for
02c0:1107      FORPROC
02c0:14d7      ForOff
Module: TCMD1A.OBJ(TCMD1A.OBJ)
02c0:14fe      catalog
02c0:1859      dir_display_record
Module: TCMD1B.OBJ(TCMD1B.OBJ)
02c0:1c89      badpath_err
02c0:1d52      crename
02c0:1bf0      erase
02c0:1c8c      extend_setup
02c0:20cb      get_ext_error_number
02c0:209f      Get_file_code_page_tag
02c0:1ae5      Pause
02c0:20bb      set_ext_error_msg
02c0:207a      set_file_code_page
02c0:1e72      typefil
02c0:1fb9      volume
02c0:1fff      okvolarg
Module: TCMD2A.OBJ(TCMD2A.OBJ)
02c0:21f9      build_dir_for_chdir
02c0:21d0      build_dir_for_prompt
02c0:220a      build_dir_string
02c0:2427      cls
02c0:233d      path
02c0:21b7      print_char
02c0:21c6      print_drive
02c0:2133      print_version
02c0:21b5      print_b
02c0:219f      print_back
02c0:21a5      print_eq
02c0:21a9      print_esc
02c0:21ad      print_g
02c0:21b1      print_l
02c0:214b      PRINT_PROMPT
02c0:2108      version
Module: TCMD2B.OBJ(TCMD2B.OBJ)
02c0:28c5      $EXIT
02c0:26d9      chcp
02c0:2562      ctty
02c0:2931      parse_check_eol
02c0:2948      parse_with_msg
02c0:295c      setup_parse_error_msg
02c0:27e6      truename
Module: TENV.OBJ(TENV.OBJ)
02c0:2cb1      add_name_to_environment
02c0:2b4e      add_prompt
02c0:2dac      delete_path
02c0:2dd6      FIND_NAME_IN_environment
02c0:2dce      find_path
02c0:2dd3      find_prompt
02c0:2e39      move_name
02c0:2f5f      RestUDir
02c0:2f51      restudir1
02c0:2e68      scan_double_null
02c0:2e83      scasb2
02c0:2ed8      store_char
02c0:2e8b      TESTKANJ
02c0:2eb5      upconv
Module: TENV2.OBJ(TENV2.OBJ)
02c0:30bc      $chdir
02c0:3183      $mkdir
02c0:3263      $rmdir
02c0:32e8      CRLF2
02c0:334c      CRPRINT
02c0:32fd      delim
02c0:3374      error_output
02c0:3319      fcb_to_ascz
02c0:338e      pathchrcmp
02c0:339f      pathcrunch
02c0:32c1*     savudir
02c0:32c4      savudir1
02c0:32f5      scanoff
02c0:333f      strcomp
Module: TMISC1.OBJ(TMISC1.OBJ)
02c0:3674      cerror
02c0:34c9      DRVBAD
02c0:35b2      EXTERNAL
02c0:34d2      FNDCOM
02c0:367a      LOADHIGH
02c0:3844      PRESCAN
02c0:3499      SWITCH
Module: TMISC2.OBJ(TMISC2.OBJ)
02c0:3a71      IOSET
02c0:3bb3      move_to_srcbuf
02c0:3a56      PGetarg
02c0:39d8      setpath
02c0:3a95      TESTDOREIN
02c0:3ade      TESTDOREOUT
02c0:3b79      dstrlen
02c0:3b87      triageError
02c0:3baf      Triage_Init
Module: TPIPE.OBJ(TPIPE.OBJ)
02c0:3e74      CTIME
02c0:3db5      DATE
02c0:3d51      DATINIT
02c0:3bfb      PIPEDEL
02c0:3c1b      PIPEERRSYN
02c0:3c9a      PIPEPROC
02c0:3c45      PIPEPROCSTRT
02c0:3f2f      PRINT_TIME
02c0:3bf1      SETREST
02c0:3bef      SETREST1
02c0:3bda      SINGLETEST
02c0:3f17      PipeOff
Module: PARSE2.OBJ(PARSE2.OBJ)
02c0:40fc      argv_calc
02c0:3fd2      parseline
Module: PATH1.OBJ(PATH1.OBJ)
02c0:4108      path_search
02c0:4270*     Store_PChar
02c0:4284*     Path_Crunch
Module: PATH2.OBJ(PATH2.OBJ)
02c0:42f9      search
02c0:4378*     Search_Ftype
02c0:43d3      strip
02c0:4435      Save_Args
Module: TUCODE.OBJ(TUCODE.OBJ)
02c0:473b      CNTRLC
02c0:4657      ECHO
02c0:490c      GetDate
02c0:449c      notest2
02c0:48f2      PRINT_DATE
02c0:4505      slashp_erase
02c0:4855      VERIFY
Module: COPY.OBJ(COPY.OBJ)
02c0:4bb9      COPY
02c0:4e7e      EndCopy
Module: COPYPR1.OBJ(COPYPR1.OBJ)
02c0:5382      FLSHFIL
02c0:5375      TRYFLUSH
02c0:5579      COPERR
Module: COPYPR2.OBJ(COPYPR2.OBJ)
02c0:56c8      BUILDPATH
02c0:581d      SETSTARS
02c0:55be      SETASC
02c0:55d8      BUILDDEST
02c0:5698      BUILDNAME
02c0:5839      COMPNAME
Module: CPARSE.OBJ(CPARSE.OBJ)
02c0:59a8*     BADCDERR
02c0:584d      cparse
Module: TPARSE.OBJ(TPARSE.OBJ)
02c0:651f      cmd_parse
02c0:6523      append_parse
Module: TPRINTF.OBJ(TPRINTF.OBJ)
02c0:6836      SETSTDINOFF
02c0:681d      SETSTDINON
02c0:6868      SETSTDOUTOFF
02c0:684f*     SETSTDOUTON
02c0:6629      Tsysgetmsg
02c0:6623      TSYSLOADMSG
02c0:6527      printf_init
02c0:652b      printf_crlf
02c0:6532      std_eprintf
02c0:653a      std_printf
02c0:7bd9      $M_RT
02c0:66f0      $M_GET_MSG_ADDRESS
Module: TDATA.OBJ(TDATA.OBJ)
02c0:6e5e*     TranCodeLast
02c0:7625      AccDen_PTR
02c0:77de      ACRLF_PTR
02c0:779c      arg_buf_ptr
02c0:761c      BADBAT_PTR
02c0:773a      BadCD_ptr
02c0:7610      badcpmes_ptr
02c0:768e      BadCurDrv
02c0:769a      BADDAT_PTR
02c0:775a      baddev_ptr
02c0:765b      BADDRV_PTR
02c0:7694      BADLAB_PTR
02c0:773d      Badmkd_ptr
02c0:7622      BadNam_Ptr
02c0:7743      BAD_ON_OFF_ptr
02c0:7757      BADPMES_ptr
02c0:7740      BADRMD_PTR
02c0:76c7      BADTIM_PTR
02c0:79bd      batext
02c0:764d      Bytmes_ptr
02c0:7841      clsstring
02c0:79b5      comext
02c0:7839      comspecstr
02c0:788a      COMTAB
02c0:7631      COPIED_ptr
02c0:767a      CP_active_Ptr
02c0:766c      CP_not_all_Ptr
02c0:765e      CP_not_set_Ptr
02c0:7766      ctrlcmes_ptr
02c0:76af      curdat_mo_day
02c0:769d      CURDAT_PTR
02c0:76ad      curdat_yr
02c0:76cf      curtim_hr_min
02c0:76ca      CURTIM_PTR
02c0:76d1      curtim_sec_hn
02c0:77db      dback_ptr
02c0:76db      DEL_Y_N_PTR
02c0:7796      DEVWMES_ptr
02c0:7811      dirdattim_ptr
02c0:7818      dirdat_mo_day
02c0:7816      dirdat_yr
02c0:7746      dirhead_ptr
02c0:763f      Dirmes_ptr
02c0:7821      dirtim_hr_min
02c0:7823*     dirtim_sec_hn
02c0:77b8      disp_file_size_ptr
02c0:77d8      Dmes_ptr
02c0:7782      ECHOMES_ptr
02c0:7616      ENVERR_PTR
02c0:77e4      eurdat_ptr
02c0:79b9      exeext
02c0:7604      extend_buf_off
02c0:75ff      Extend_buf_ptr
02c0:7606      Extend_Buf_seg
02c0:7601      Extend_buf_sub
02c0:77aa      file_name_ptr
02c0:79e5      FILE_OPTIONAL2
02c0:775d      fornestmes_ptr
02c0:7619      FULDIR_PTR
02c0:786e      IFTAB
02c0:7763      INBDEV_ptr
02c0:762e      inornot_ptr
02c0:768b      inv_code_page
02c0:7799*     inval_path_ptr
02c0:77e7      japdat_ptr
02c0:762b      LOSTERR_ptr
02c0:782a      MD_exists_ptr
02c0:75fe      Msg_Cont_Flag
02c0:75fd      msg_disp_class
02c0:761f      NEEDBAT_PTR
02c0:76be      newdat_format
02c0:76b9      NEWDAT_PTR
02c0:76d8      NEWTIM_PTR
02c0:7688      NLSFUNC_Ptr
02c0:7613      NOSPACE_PTR
02c0:79d1      no_values
02c0:7754      nulpath_ptr
02c0:7790      offmes_ptr
02c0:7793      onmes_ptr
02c0:7628      overwr_ptr
02c0:79fa      PARSE_BREAK
02c0:7a1d      parse_chcp
02c0:7a7b      parse_chdir
02c0:7a9a      parse_ctty
02c0:7a3c      parse_date
02c0:7a84      parse_erase
02c0:7a72      parse_mrdir
02c0:7a8f      parse_rename
02c0:7a4e      parse_time
02c0:7a60      parse_vol
02c0:782d      PATH_TEXT
02c0:7691      pausemes_ptr
02c0:7760      PIPEEMES_PTR
02c0:77fc      promptdat_moday
02c0:77ea      promptdat_ptr
02c0:77fa      promptdat_yr
02c0:7846      prompt_table
02c0:7832      PROMPT_TEXT
02c0:7808      promtim_hr_min
02c0:7803      promtim_ptr
02c0:780a      promtim_sec_hn
02c0:760d      renerr_ptr
02c0:79f7      slash_p_syn
02c0:79ee      SLASH_P_SWITCH
02c0:77c6      string_buf_ptr
02c0:76de      SUREMES_ptr
02c0:79c1      switch_list
02c0:7697      SYNTMES_PTR
02c0:77d5      tab_ptr
02c0:7afd      TRANDATAEND
02c0:77e1      usadat_ptr
02c0:7774      VERIMES_ptr
02c0:76e1      vermes_ptr
02c0:7708      volmes_ptr
02c0:76fa      volmes_ptr_2
02c0:7721      volsermes_ptr
02c0:76b6      WeekTab
02c0:79c7      xa_cp
02c0:79cf      BatBufLen
02c0:756f      $M_CLS_8
02c0:75d2      $M_MSGSERV_1
02c0:75f3      $M_MSGSERV_2
02c0:7aac      RE_OUT_APP
02c0:7aad      RE_OUTSTR
Module: TSPC.OBJ(TSPC.OBJ)
02c0:7fbb      ALLSWITCH
02c0:831a      APPEND_EXEC
02c0:8334      arg
02c0:8878      argbufptr
02c0:7fb4      ARGC
02c0:7fb7      ARG1S
02c0:7fb9      ARG2S
02c0:7fbb      ARGTS
02c0:8113      Arg_Buf
02c0:82d0      ASCII
02c0:8aa5      BatBuf
02c0:8ac5      BatBufEnd
02c0:8aa3      BatBufPos
02c0:82d7      BATHAND
02c0:82cc      BINARY
02c0:80e9      bits
02c0:8097      bwdbuf
02c0:7fbf      BYTCNT
02c0:819e      bytes_free
02c0:7fbd      CFLAG
02c0:7fc8      charbuf
02c0:7faf      CHKDRV
02c0:8021      COM
02c0:7dfc      COMBUF
02c0:80f3      comma
02c0:88fc      comptr
02c0:8316      comspec_flag
02c0:7fb5      COMSW
02c0:7fb3      CONCAT
02c0:7fb2      concat_xa
02c0:8199      copy_num
02c0:82d3      CPDATE
02c0:82d5      CPTIME
02c0:819b      cpyflag
02c0:7fb1      CURDRV
02c0:8ad6      date_day
02c0:8ad5      date_month
02c0:8acf      DATE_OUTPUT
02c0:8acf*     DATE_TYPE
02c0:8ad3      date_year
02c0:8024      DEST
02c0:81b3      DESTBUF
02c0:7fbe      DestClosed
02c0:8054      destdir
02c0:8054      DESTFCB
02c0:8018      DESTFCB2
02c0:820a      DESTHAND
02c0:81b2      destinfo
02c0:820c      DESTISDEV
02c0:81ae      Destisdir
02c0:8049*     DESTNAME
02c0:81af      DESTSIZ
02c0:7fb9      DESTSWITCH
02c0:81b0      Desttail
02c0:81ae      DESTVARS
02c0:8097      DIRBUF
02c0:7fa2      dirchar
02c0:80f5      dirflag
02c0:819c      dir_num
02c0:82ea      display_ioctl
02c0:82f0      display_mode
02c0:82f8      display_width
02c0:8ae3*     DRIVE_NUMBER
02c0:8adf      DRIVE_OUTPUT
02c0:8adf*     DRIVE_TYPE
02c0:8ae0*     DRIVE_VALUE
02c0:82db      ELCNT
02c0:82dc      ELPOS
02c0:7ec5      EXECPATH
02c0:7fa3      EXEC_ADDR
02c0:8097*     EXEFCB
02c0:8315      expand_star
02c0:82e9      ext_entered
02c0:80fe      ext_open_off
02c0:80fe      ext_open_parms
02c0:8100      ext_open_seg
02c0:88fe      fbuf
02c0:7fc6      filecnt
02c0:8195      file_size_high
02c0:8193      file_size_low
02c0:7fb0      FILTYP
02c0:820d      FIRSTDEST
02c0:7fc3      FRSTSRCH
02c0:80f1      fullscr
02c0:8097      GOTOLEN
02c0:7f9b      HEADCALL
02c0:8019      ID
02c0:8018      IDLEN
02c0:7fb0      IFNOTFLAG
02c0:8980      if_not_count
02c0:82c9      INEXACT
02c0:8a83      INTERNATVARS
02c0:8333      KPARSE
02c0:88fa      last_arg
02c0:7fc4      lincnt
02c0:7fc5      linlen
02c0:82fa      linperpag
02c0:81a2      major_ver_num
02c0:820e      MELCOPY
02c0:820f      MELSTART
02c0:81a4      minor_ver_num
02c0:8317      msg_flag
02c0:8318      msg_numb
02c0:82ca      NOWRITE
02c0:82cb      OVERWRITECANCEL
02c0:7fc1      NXTADD
02c0:82d2      objcnt
02c0:81a6      one_char_val
02c0:7fb3      PARM1
02c0:7fb4      PARM2
02c0:80f6      parse_last
02c0:8acb      parse1_addr
02c0:8ac8      PARSE1_CODE
02c0:8ac7      PARSE1_OUTPUT
02c0:8ac9      parse1_syn
02c0:8ac7      parse1_type
02c0:80eb      pathcnt
02c0:8929      pathinfo
02c0:80ed      pathpos
02c0:80ef      PATHSW
02c0:82d1      PLUS
02c0:80f4      plus_comma
02c0:831b      print_err_flag
02c0:892f      psep_char
02c0:7fa7      RCH_ADDR
02c0:7fb0      RDEOF
02c0:7f48      RE_INSTR
02c0:7f9d      RESSEG
02c0:8270      SCANBUF
02c0:80dd      SDIRBUF
02c0:8930      search_best
02c0:8931      search_best_buf
02c0:893e      search_curdir_buf
02c0:897e      search_error
02c0:82dd      SKPDEL
02c0:82de*     SOURCE
02c0:7fbe      SPECDRV
02c0:8216      srcbuf
02c0:826d      SRCHAND
02c0:8215      SRCINFO
02c0:826f      SRCISDEV
02c0:8211*     SRCISDIR
02c0:82c7      SRCPT
02c0:8212      SRCSIZ
02c0:8213      SRCTAIL
02c0:8211      SRCVARS
02c0:7ccb      srcxname
02c0:80fc      src_xa_seg
02c0:80fa      src_xa_size
02c0:8a83      STACK
02c0:82d9      STARTEL
02c0:8197      string_ptr_2
02c0:831d      Subst_buffer
02c0:7fa1      SWITCHAR
02c0:80f8      system_cpage
02c0:82cf      TERMREAD
02c0:8ade      time_fraction
02c0:8adb      time_hour
02c0:8adc      time_minutes
02c0:8ad7      TIME_OUTPUT
02c0:8add      time_seconds
02c0:8ad7*     TIME_TYPE
02c0:7f9f      TPA
02c0:887a      tpbuf
02c0:8ae7*     TRANSPACEBASEEND
02c0:7fad      TRAN_TPA
02c0:7d22      trgxname
02c0:7d79      UCOMBUF
02c0:7e7f      USERDIR1
02c0:81a8      vol_drv
02c0:82fc      vol_ioctl_buf
02c0:82fe      vol_serial
02c0:8302      vol_label
02c0:82cd      WRITTEN
02c0:8111      xa_cp_length
02c0:8104      xa_cp_out
02c0:810f      xa_list_attr
02c0:8982      zflag
02c0:81a9      ROM_CALL
02c0:81ac      ROM_CS
02c0:81aa      ROM_IP
Module: DIR5EXT.OBJ(DIR5EXT.OBJ)
02c0:901f      dir_prepare
02c0:9072      dir_next_source
02c0:908d      dir_apply_negative
02c0:9224      dir_sort_all
02c0:929e      dir_sort_next
02c0:92dd      dir_sort_finish
02c0:9449      dir_recursive_capture
02c0:94ba      dir_recursive_run
02c0:976d      dir_print_bare_prefix
02c0:8ea9      dir_external_record
02c0:8e97      dir_recursive_selected
02c0:8dc8      parse_dir
02c0:8df6      dir_w_syn
02c0:8e02      dir_b_syn
02c0:8e0e      dir_l_syn
02c0:8e1a      dir_a_syn
02c0:8e90      dir_attr_require
02c0:8e91      dir_attr_deny
02c0:8e92      dir_attr_selected
02c0:8e93      dir_seen
02c0:8e95      dir_parse_phase
02c0:8ae7      dir_help_str
02c0:bf85      TRANSPACEEND
Warning! W1014: stack segment not found


                        +-----------------------+
                        |   Linker Statistics   |
                        +-----------------------+

Stack size:  1000 (4096.)
Memory size:  eb90 (60304.)
Entry point address: 0000:0100
Link time: 00:00.38
