make: Entering directory '/Users/ddanila/fun/msdos/out/baltic-repro-m5lr8g72/j8'
python3 tests/test_baltic_font_sources.py
.....
----------------------------------------------------------------------
Ran 5 tests in 1.055s

OK
python3 tests/test_baltic_country_contract.py
.....
----------------------------------------------------------------------
Ran 5 tests in 0.004s

OK
python3 tests/test_baltic_keyboard_contract.py
......
----------------------------------------------------------------------
Ran 6 tests in 0.004s

OK
python3 tests/test_baltic_country_records.py
...
----------------------------------------------------------------------
Ran 3 tests in 0.005s

OK
python3 tests/test_baltic_cpi.py
....
----------------------------------------------------------------------
Ran 4 tests in 0.305s

OK
python3 tests/test_baltic_keyboard_records.py
......
----------------------------------------------------------------------
Ran 6 tests in 0.064s

OK
python3 tests/test_ru_font_sources.py
......
----------------------------------------------------------------------
Ran 6 tests in 0.257s

OK
python3 tests/test_ru_cpi.py
....
----------------------------------------------------------------------
Ran 4 tests in 0.294s

OK
make: Leaving directory '/Users/ddanila/fun/msdos/out/baltic-repro-m5lr8g72/j8'
