
RU_LOW_PASS

MODE prepare code page function completed

MODE select code page function completed
RU_CODEPAGE_PASS
RU_COUNTRY_PASS
RU_FONT_PASS
FONT_REJECT_00

Failure to access code page font file
RU_CODEPAGE_PASS
RU_COUNTRY_PASS
RU_FONT_PASS

MODE prepare code page function completed

MODE select code page function completed
RU_CODEPAGE_PASS
RU_COUNTRY_PASS
RU_FONT_PASS
FONT_REJECT_01
Device error during prepare
Code page not prepared
RU_COUNTRY_PASS
RU_FONT_PASS

MODE prepare code page function completed

MODE select code page function completed
RU_CODEPAGE_PASS
RU_COUNTRY_PASS
RU_FONT_PASS
FONT_REJECT_02

Font file contents invalid
Device error during prepare
Code page not prepared
RU_COUNTRY_PASS
RU_FONT_PASS

MODE prepare code page function completed

MODE select code page function completed
RU_CODEPAGE_PASS
RU_COUNTRY_PASS
RU_FONT_PASS
FONT_REJECT_03
Device error during prepare
Code page not prepared
RU_COUNTRY_PASS
RU_FONT_PASS

MODE prepare code page function completed

MODE select code page function completed
RU_CODEPAGE_PASS
RU_COUNTRY_PASS
RU_FONT_PASS
FONT_REJECT_04
Device error during prepare
Code page not prepared
RU_COUNTRY_PASS
RU_FONT_PASS

MODE prepare code page function completed

MODE select code page function completed
RU_CODEPAGE_PASS
RU_COUNTRY_PASS
RU_FONT_PASS
FONT_REJECT_05
Device error during prepare
Code page not prepared
RU_COUNTRY_PASS
RU_FONT_PASS

MODE prepare code page function completed

MODE select code page function completed
RU_CODEPAGE_PASS
RU_COUNTRY_PASS
RU_FONT_PASS
FONT_REJECT_06
Device error during prepare
Code page not prepared
RU_COUNTRY_PASS
RU_FONT_PASS

MODE prepare code page function completed

MODE select code page function completed
RU_CODEPAGE_PASS
RU_COUNTRY_PASS
RU_FONT_PASS
FONT_REJECT_07
Device error during prepare
Code page not prepared
RU_COUNTRY_PASS
RU_FONT_PASS

MODE prepare code page function completed

MODE select code page function completed
RU_CODEPAGE_PASS
RU_COUNTRY_PASS
RU_FONT_PASS
FONT_REJECT_08
Device error during prepare
Code page not prepared
RU_COUNTRY_PASS
RU_FONT_PASS

MODE prepare code page function completed

MODE select code page function completed
RU_CODEPAGE_PASS
RU_COUNTRY_PASS
RU_FONT_PASS
FONT_REJECT_09
Device error during prepare
Code page not prepared
RU_COUNTRY_PASS
RU_FONT_PASS

MODE prepare code page function completed

MODE select code page function completed
RU_CODEPAGE_PASS
RU_COUNTRY_PASS
RU_FONT_PASS
FONT_REJECT_10
Device error during prepare
Code page not prepared
RU_COUNTRY_PASS
RU_FONT_PASS

MODE prepare code page function completed

MODE select code page function completed
RU_CODEPAGE_PASS
RU_COUNTRY_PASS
RU_FONT_PASS
FONT_REJECT_11

Font file contents invalid
Device error during prepare
Code page not prepared
RU_COUNTRY_PASS
RU_FONT_PASS

MODE prepare code page function completed

MODE select code page function completed
RU_CODEPAGE_PASS
RU_COUNTRY_PASS
RU_FONT_PASS
RU_LOW_PASS
BALTIC_FONT_RESOURCES_DONE
