
Current keyboard code: RU  code page: 866
Current keyboard ID: 441
Active code page not available from CON device
RU_KEY_READY 0000
RU_KEY_READY 0001
RU_KEY_READY 0002
RU_KEY_READY 0003
RU_KEY_READY 0004
RU_KEY_READY 0005
RU_KEY_READY 0006
RU_KEY_READY 0007
RU_KEY_READY 0008
RU_KEY_READY 0009
RU_KEY_READY 000A
RU_KEY_READY 000B
RU_KEY_READY 000C
RU_KEY_READY 000D
RU_KEY_READY 000E
RU_KEY_READY 000F
RU_KEY_READY 0010
RU_KEY_READY 0011
RU_KEY_READY 0012
RU_KEY_READY 0013
RU_KEY_READY 0014
RU_KEY_READY 0015
RU_KEY_READY 0016
RU_KEY_READY 0017
RU_KEY_READY 0018
RU_KEY_READY 0019
RU_KEY_READY 001A
RU_KEY_READY 001B
RU_KEY_READY 001C
RU_KEY_READY 001D
RU_KEY_READY 001E
RU_KEY_READY 001F
RU_KEY_READY 0020
RU_KEY_READY 0021
RU_KEY_READY 0022
RU_KEY_READY 0023
RU_KEY_READY 0024
RU_KEY_READY 0025
RU_KEY_READY 0026
RU_KEY_READY 0027
RU_KEY_READY 0028
RU_KEY_FAIL actual=00F0
RU_CASE_FAIL
