Drive A: /Users/ddanila/fun/msdos/out/baltic-legacy-keyboard-wa736vgq/et/bios/test.img
#
# 86Box v7.0 logfile, created 2026/09/10 18:00:43
#
# Emulator path: /Users/ddanila/fun/msdos/out/ru-86box-vnc-bs283qnk/build/src/
# Global configuration file: /Users/ddanila/fun/msdos/out/baltic-legacy-keyboard-wa736vgq/et/bios/global.cfg
# VM: bios
#
# Configuration file: /Users/ddanila/fun/msdos/out/baltic-legacy-keyboard-wa736vgq/et/bios/86box.cfg
#

# Userfiles path: /Users/ddanila/fun/msdos/out/baltic-legacy-keyboard-wa736vgq/et/bios/
# ROM path: /Users/ddanila/Library/Application Support/net.86box.86Box/roms/
# ROM path: /Users/ddanila/fun/msdos/out/baltic-legacy-keyboard-wa736vgq/et/bios/roms/
# ROM path: /Users/ddanila/fun/msdos/out/ru-86box-vnc-bs283qnk/build/src/roms/
# ROM path: /Users/ddanila/Library/Application Support/net.86Box.86Box/roms/
# ROM path: /Users/ddanila/Library/Application Support/86Box/roms/
# ROM path: /Library/Application Support/net.86Box.86Box/roms/
# ROM path: /Library/Application Support/86Box/roms/
# Asset path: /Users/ddanila/fun/msdos/out/baltic-legacy-keyboard-wa736vgq/et/bios/assets/
# Asset path: /Users/ddanila/fun/msdos/out/ru-86box-vnc-bs283qnk/build/src/assets/
# Asset path: /Users/ddanila/Library/Application Support/net.86Box.86Box/assets/
# Asset path: /Users/ddanila/Library/Application Support/86Box/assets/
# Asset path: /Library/Application Support/net.86Box.86Box/assets/
# Asset path: /Library/Application Support/86Box/assets/
Qt: version 6.11.2, platform "offscreen"
Translations loaded.
Failed to find Qt translations!
Qt translations loaded.
Translations loaded.
Failed to find Qt translations!
Qt translations loaded.
qt.qpa.fonts: Populating font family aliases took 46 ms. Replace uses of missing font family "Sans Serif" with one that exists to avoid this cost. 
This plugin does not support createPlatformVulkanInstance
QVulkanInstance: Failed to initialize Vulkan
10/09/2026 18:00:44 Listening for VNC connections on TCP port 5900
10/09/2026 18:00:44 Listening for VNC connections on TCP6 port 5900
This plugin does not support propagateSizeHints()
This plugin does not support propagateSizeHints()
10/09/2026 18:00:44   0 other clients

RUN P372775.COM
RU_COUNTRY_PASS
RUN NLSFUNC
RUN MODE CON CP PREPARE=((775) EGA775.CPI)

MODE prepare code page function completed
RUN MODE CON CP SELECT=775

MODE select code page function completed
RUN KEYB ET,775,KEYBRD2.SYS
One or more CON code pages invalid for given keyboard code
RUN TYPECHK.COM
RU_XT83_TYPE_PASS
RUN CPCHK.COM
RU_CODEPAGE_PASS
RUN P372775.COM
RU_COUNTRY_PASS
RUN PROBE.COM
RU_KEY_READY 0000
RU_KEY_READY 0001
RU_KEY_READY 0002
RU_KEY_READY 0003
RU_KEY_READY 0004
RU_KEY_READY 0005
RU_KEY_READY 0006
RU_KEY_READY 0007
RU_KEY_READY 0008
RU_KEY_READY 0009
RU_KEY_READY 000A
RU_KEY_READY 000B
RU_KEY_READY 000C
RU_KEY_READY 000D
RU_KEY_READY 000E
RU_KEY_READY 000F
RU_KEY_READY 0010
RU_KEY_READY 0011
RU_KEY_READY 0012
RU_KEY_READY 0013
RU_KEY_READY 0014
RU_KEY_READY 0015
RU_KEY_READY 0016
RU_KEY_READY 0017
RU_KEY_READY 0018
RU_KEY_READY 0019
RU_KEY_READY 001A
RU_KEY_READY 001B
RU_KEY_READY 001C
RU_KEY_READY 001D
RU_KEY_READY 001E
RU_KEY_READY 001F
RU_KEY_READY 0020
RU_KEY_READY 0021
RU_KEY_READY 0022
RU_KEY_READY 0023
RU_KEY_READY 0024
RU_KEY_READY 0025
RU_KEY_READY 0026
RU_KEY_READY 0027
RU_KEY_READY 0028
RU_KEY_READY 0029
RU_KEY_READY 002A
RU_KEY_READY 002B
RU_KEY_READY 002C
RU_KEY_READY 002D
RU_KEY_READY 002E
RU_KEY_READY 002F
RU_KEY_READY 0030
RU_KEY_READY 0031
RU_KEY_READY 0032
RU_KEY_READY 0033
RU_KEY_READY 0034
RU_KEY_READY 0035
RU_KEY_READY 0036
RU_KEY_READY 0037
RU_KEY_READY 0038
RU_KEY_READY 0039
RU_KEY_READY 003A
RU_KEY_READY 003B
RU_KEY_READY 003C
RU_KEY_READY 003D
RU_KEY_READY 003E
RU_KEY_READY 003F
RU_KEY_READY 0040
RU_KEY_READY 0041
RU_KEY_READY 0042
RU_KEY_READY 0043
RU_KEY_READY 0044
RU_KEY_READY 0045
RU_KEY_READY 0046
RU_KEY_READY 0047
RU_KEY_READY 0048
RU_KEY_READY 0049
RU_KEY_READY 004A
RU_KEY_READY 004B
RU_KEY_READY 004C
RU_KEY_READY 004D
RU_KEY_READY 004E
RU_KEY_READY 004F
RU_KEY_READY 0050
RU_KEY_READY 0051
RU_KEY_READY 0052
RU_KEY_READY 0053
RU_KEY_READY 0054
RU_KEY_READY 0055
RU_KEY_READY 0056
RU_KEY_READY 0057
RU_KEY_READY 0058
RU_KEY_READY 0059
RU_KEY_READY 005A
RU_KEY_READY 005B
RU_KEY_READY 005C
RU_KEY_READY 005D
RU_KEY_READY 005E
RU_KEY_READY 005F
RU_KEY_READY 0060
RU_KEY_READY 0061
RU_KEY_READY 0062
RU_KEY_READY 0063
RU_KEY_READY 0064
RU_KEY_READY 0065
RU_KEY_READY 0066
RU_KEY_READY 0067
RU_KEY_READY 0068
RU_KEY_READY 0069
RU_KEY_READY 006A
RU_KEY_READY 006B
RU_KEY_READY 006C
RU_KEY_READY 006D
RU_KEY_READY 006E
RU_KEY_READY 006F
RU_KEY_READY 0070
RU_KEY_READY 0071
RU_KEY_READY 0072
RU_KEY_READY 0073
RU_KEY_READY 0074
RU_KEY_READY 0075
RU_KEY_READY 0076
RU_KEY_READY 0077
RU_KEY_READY 0078
RU_KEY_READY 0079
RU_KEY_READY 007A
RU_KEY_READY 007B
RU_KEY_READY 007C
RU_KEY_READY 007D
RU_KEY_READY 007E
RU_KEY_READY 007F
RU_KEY_READY 0080
RU_KEY_READY 0081
RU_KEY_READY 0082
RU_KEY_READY 0083
RU_KEY_READY 0084
RU_KEY_READY 0085
RU_KEY_READY 0086
RU_KEY_READY 0087
RU_KEY_READY 0088
RU_KEY_READY 0089
RU_KEY_READY 008A
RU_KEY_READY 008B
RU_KEY_READY 008C
RU_KEY_READY 008D
RU_KEY_READY 008E
RU_KEY_READY 008F
RU_KEY_READY 0090
RU_KEY_READY 0091
RU_KEY_READY 0092
RU_KEY_READY 0093
RU_KEY_READY 0094
RU_KEY_READY 0095
RU_KEY_READY 0096
RU_KEY_READY 0097
RU_KEY_READY 0098
RU_KEY_READY 0099
RU_KEY_READY 009A
RU_KEY_READY 009B
RU_KEY_READY 009C
RU_KEY_READY 009D
RU_KEY_READY 009E
RU_KEY_READY 009F
RU_KEY_READY 00A0
RU_KEY_READY 00A1
RU_KEY_READY 00A2
RU_KEY_READY 00A3
RU_KEY_READY 00A4
RU_KEY_READY 00A5
RU_KEY_READY 00A6
RU_KEY_READY 00A7
RU_KEY_READY 00A8
RU_KEY_READY 00A9
RU_KEY_READY 00AA
RU_KEY_READY 00AB
RU_KEY_READY 00AC
RU_KEY_READY 00AD
RU_KEY_READY 00AE
RU_KEY_READY 00AF
RU_KEY_READY 00B0
RU_KEY_READY 00B1
RU_KEY_PASS
RU_LEGACY_KEY_DONE
