Drive A: /Users/ddanila/fun/msdos/out/baltic-legacy-lifecycle-mcpeq9v2/modes-lt/bios/test.img
#
# 86Box v7.0 logfile, created 2026/09/11 03:52:21
#
# Emulator path: /Users/ddanila/fun/msdos/out/ru-86box-vnc-bs283qnk/build/src/
# Global configuration file: /Users/ddanila/fun/msdos/out/baltic-legacy-lifecycle-mcpeq9v2/modes-lt/bios/global.cfg
# VM: bios
#
# Configuration file: /Users/ddanila/fun/msdos/out/baltic-legacy-lifecycle-mcpeq9v2/modes-lt/bios/86box.cfg
#

# Userfiles path: /Users/ddanila/fun/msdos/out/baltic-legacy-lifecycle-mcpeq9v2/modes-lt/bios/
# ROM path: /Users/ddanila/Library/Application Support/net.86box.86Box/roms/
# ROM path: /Users/ddanila/fun/msdos/out/baltic-legacy-lifecycle-mcpeq9v2/modes-lt/bios/roms/
# ROM path: /Users/ddanila/fun/msdos/out/ru-86box-vnc-bs283qnk/build/src/roms/
# ROM path: /Users/ddanila/Library/Application Support/net.86Box.86Box/roms/
# ROM path: /Users/ddanila/Library/Application Support/86Box/roms/
# ROM path: /Library/Application Support/net.86Box.86Box/roms/
# ROM path: /Library/Application Support/86Box/roms/
# Asset path: /Users/ddanila/fun/msdos/out/baltic-legacy-lifecycle-mcpeq9v2/modes-lt/bios/assets/
# Asset path: /Users/ddanila/fun/msdos/out/ru-86box-vnc-bs283qnk/build/src/assets/
# Asset path: /Users/ddanila/Library/Application Support/net.86Box.86Box/assets/
# Asset path: /Users/ddanila/Library/Application Support/86Box/assets/
# Asset path: /Library/Application Support/net.86Box.86Box/assets/
# Asset path: /Library/Application Support/86Box/assets/
Qt: version 6.11.2, platform "offscreen"
Translations loaded.
Failed to find Qt translations!
Qt translations loaded.
Translations loaded.
Failed to find Qt translations!
Qt translations loaded.
qt.qpa.fonts: Populating font family aliases took 39 ms. Replace uses of missing font family "Sans Serif" with one that exists to avoid this cost. 
This plugin does not support createPlatformVulkanInstance
QVulkanInstance: Failed to initialize Vulkan
11/09/2026 03:52:21 Listening for VNC connections on TCP port 5900
11/09/2026 03:52:21 Listening for VNC connections on TCP6 port 5900
This plugin does not support propagateSizeHints()
This plugin does not support propagateSizeHints()
11/09/2026 03:52:21   0 other clients

RU_COUNTRY_PASS

MODE prepare code page function completed

MODE select code page function completed
One or more CON code pages invalid for given keyboard code
RU_XT83_TYPE_PASS
RU_CODEPAGE_PASS
RU_COUNTRY_PASS
BALTIC_PHASE_00
RU_XT83_TYPE_PASS
Current keyboard code: LT  code page: 775
Current CON code page: 775
KEYB_CAPACITY 2279
RU_KEY_READY 0000
RU_KEY_READY 0001
RU_KEY_READY 0002
RU_KEY_READY 0003
RU_KEY_PASS
RU_LEGACY_KEY_DONE
