Drive A: /Users/ddanila/fun/msdos/out/baltic-legacy-keyboard-cr4msmg7/et/bios/test.img
#
# 86Box v7.0 logfile, created 2026/09/10 17:42:34
#
# Emulator path: /Users/ddanila/fun/msdos/out/ru-86box-vnc-bs283qnk/build/src/
# Global configuration file: /Users/ddanila/fun/msdos/out/baltic-legacy-keyboard-cr4msmg7/et/bios/global.cfg
# VM: bios
#
# Configuration file: /Users/ddanila/fun/msdos/out/baltic-legacy-keyboard-cr4msmg7/et/bios/86box.cfg
#

# Userfiles path: /Users/ddanila/fun/msdos/out/baltic-legacy-keyboard-cr4msmg7/et/bios/
# ROM path: /Users/ddanila/Library/Application Support/net.86box.86Box/roms/
# ROM path: /Users/ddanila/fun/msdos/out/baltic-legacy-keyboard-cr4msmg7/et/bios/roms/
# ROM path: /Users/ddanila/fun/msdos/out/ru-86box-vnc-bs283qnk/build/src/roms/
# ROM path: /Users/ddanila/Library/Application Support/net.86Box.86Box/roms/
# ROM path: /Users/ddanila/Library/Application Support/86Box/roms/
# ROM path: /Library/Application Support/net.86Box.86Box/roms/
# ROM path: /Library/Application Support/86Box/roms/
# Asset path: /Users/ddanila/fun/msdos/out/baltic-legacy-keyboard-cr4msmg7/et/bios/assets/
# Asset path: /Users/ddanila/fun/msdos/out/ru-86box-vnc-bs283qnk/build/src/assets/
# Asset path: /Users/ddanila/Library/Application Support/net.86Box.86Box/assets/
# Asset path: /Users/ddanila/Library/Application Support/86Box/assets/
# Asset path: /Library/Application Support/net.86Box.86Box/assets/
# Asset path: /Library/Application Support/86Box/assets/
Qt: version 6.11.2, platform "offscreen"
Translations loaded.
Failed to find Qt translations!
Qt translations loaded.
Translations loaded.
Failed to find Qt translations!
Qt translations loaded.
qt.qpa.fonts: Populating font family aliases took 44 ms. Replace uses of missing font family "Sans Serif" with one that exists to avoid this cost. 
This plugin does not support createPlatformVulkanInstance
QVulkanInstance: Failed to initialize Vulkan
10/09/2026 17:42:34 Listening for VNC connections on TCP port 5900
10/09/2026 17:42:34 Listening for VNC connections on TCP6 port 5900
This plugin does not support propagateSizeHints()
10/09/2026 17:42:34   0 other clients
This plugin does not support propagateSizeHints()
10/09/2026 17:42:34 Normal socket connection
10/09/2026 17:42:34 Client Protocol Version 3.8
10/09/2026 17:42:34 Protocol version sent 3.8, using 3.8
10/09/2026 17:42:34 rfbProcessClientSecurityType: executing handler for type 1
10/09/2026 17:42:34 rfbProcessClientSecurityType: returning securityResult for client rfb version >= 3.8
