
RU_LOW_PASS
Current keyboard code: ET  code page: 775
Active code page not available from CON device
BALTIC_PHASE_00
Current keyboard code: ET  code page: 775
Active code page not available from CON device
KEYB_CAPACITY 1E02
RU_KEY_READY 0000
RU_KEY_READY 0001
RU_KEY_ARMED 0001
RU_KEY_PASS
BALTIC_PHASE_01
Current keyboard code: ET  code page: 775
Active code page not available from CON device
KEYB_CAPACITY 1E02
RU_KEY_READY 0002
RU_KEY_PASS
BALTIC_PHASE_02
Current keyboard code: ET  code page: 775
Active code page not available from CON device
KEYB_CAPACITY 1E02
RU_KEY_READY 0003
RU_KEY_PASS
BALTIC_PHASE_03
Current keyboard code: ET  code page: 775
Active code page not available from CON device
KEYB_CAPACITY 1E02
RU_KEY_READY 0004
RU_KEY_READY 0005
RU_KEY_ARMED 0005
RU_KEY_PASS
BALTIC_PHASE_04
Current keyboard code: EE  code page: 775
Active code page not available from CON device
KEYB_CAPACITY 1E02
RU_KEY_READY 0006
RU_KEY_PASS
BALTIC_PHASE_05
Current keyboard code: ET  code page: 775
Active code page not available from CON device
KEYB_CAPACITY 1E02
RU_KEY_READY 0007
RU_KEY_PASS
BALTIC_PHASE_06
Current keyboard code: ET  code page: 775
Active code page not available from CON device
KEYB_CAPACITY 1E02
RU_KEY_READY 0008
RU_KEY_READY 0009
RU_KEY_ARMED 0009
RU_KEY_PASS
BALTIC_PHASE_07
Current keyboard code: LV  code page: 775
Active code page not available from CON device
KEYB_CAPACITY 1E02
RU_KEY_READY 000A
RU_KEY_PASS
BALTIC_PHASE_08
Current keyboard code: ET  code page: 775
Active code page not available from CON device
KEYB_CAPACITY 1E02
RU_KEY_READY 000B
RU_KEY_PASS
BALTIC_PHASE_09
Current keyboard code: ET  code page: 775
Active code page not available from CON device
KEYB_CAPACITY 1E02
RU_KEY_READY 000C
RU_KEY_READY 000D
RU_KEY_ARMED 000D
RU_KEY_PASS
BALTIC_PHASE_10
Current keyboard code: LT  code page: 775
Active code page not available from CON device
KEYB_CAPACITY 1E02
RU_KEY_READY 000E
RU_KEY_PASS
BALTIC_PHASE_11
Current keyboard code: ET  code page: 775
Active code page not available from CON device
KEYB_CAPACITY 1E02
RU_KEY_READY 000F
RU_KEY_PASS
BALTIC_PHASE_12
Current keyboard code: ET  code page: 775
Active code page not available from CON device
KEYB_CAPACITY 1E02
RU_KEY_READY 0010
RU_KEY_READY 0011
RU_KEY_ARMED 0011
RU_KEY_PASS
BALTIC_PHASE_13
Current keyboard code: ET  code page: 775
Active code page not available from CON device
KEYB_CAPACITY 1E02
RU_KEY_READY 0012
RU_KEY_PASS
BALTIC_PHASE_14
Current keyboard code: ET  code page: 775
Active code page not available from CON device
KEYB_CAPACITY 1E02
RU_KEY_READY 0013
RU_KEY_PASS
BALTIC_PHASE_15
Current keyboard code: ET  code page: 775
Active code page not available from CON device
KEYB_CAPACITY 1E02
RU_KEY_READY 0014
RU_KEY_READY 0015
RU_KEY_ARMED 0015
RU_KEY_PASS
BALTIC_PHASE_16
Bad or missing Keyboard Definition File
Current keyboard code: ET  code page: 775
Active code page not available from CON device
KEYB_CAPACITY 1E02
RU_KEY_READY 0016
RU_KEY_READY 0017
RU_KEY_PASS
BALTIC_PHASE_17
Current keyboard code: ET  code page: 775
Active code page not available from CON device
KEYB_CAPACITY 1E02
RU_KEY_READY 0018
RU_KEY_READY 0019
RU_KEY_ARMED 0019
RU_KEY_PASS
BALTIC_PHASE_18
Invalid keyboard ID specified
Current keyboard code: ET  code page: 775
Active code page not available from CON device
KEYB_CAPACITY 1E02
RU_KEY_READY 001A
RU_KEY_READY 001B
RU_KEY_PASS
RU_LOW_PASS
RU_KEY_DONE
