Open Watcom Linker Version 2.0 beta Aug 27 2026 05:38:07 (64-bit)** EXPERIMENTAL (HLL) ** 
Copyright (c) 2002-2026 The Open Watcom Contributors. All Rights Reserved.
Portions Copyright (c) 1985-2002 Sybase, Inc. All Rights Reserved.
Created on:       26/09/11 01:25:19
Executable Image: /Users/ddanila/fun/msdos/out/baltic-repro-m5lr8g72/j8/out/memory-production-m6q2snmp/bios/MSBIO.EXE
creating a DOS executable


                        +------------+
                        |   Groups   |
                        +------------+

Group                           Address              Size
=====                           =======              ====




                        +--------------+
                        |   Segments   |
                        +--------------+

Segment                Class          Group          Address         Size
=======                =====          =====          =======         ====

CODE                   CODE           AUTO           0000:0000       00004254
SYSINITSEG             SYSTEM_INIT    AUTO           0426:0000       0000b025


                        +-----------------------+
                        |   Absolute Segments   |
                        +-----------------------+

Segment                 Class           Address              Size
=======                 =====           =======              ====

DATA                                    0040:0000           00000077
ROM                                     f000:0000           0000ff65


                        +----------------+
                        |   Memory Map   |
                        +----------------+

* = unreferenced symbol
+ = symbol only referenced locally

Address        Symbol
=======        ======

Module: /Users/ddanila/fun/msdos/out/baltic-repro-m5lr8g72/j8/out/memory-production-m6q2snmp/bios/MSBIO1.OBJ(/Users/ddanila/fun/msdos/out/baltic-repro-m5lr8g72/j8/out/memory-production-m6q2snmp/bios/MSBIO1.OBJ)
0000:0000      START$
0000:0003*     BIO001S
0000:03be*     BIO001E
0000:0004      CONHEADER
0000:0016*     AUXDEV2
0000:0028*     PRNDEV2
0000:003a      TIMDEV
0000:004c*     DSKDEV
0000:0056      DRVMAX
0000:0057      STEP_DRV
0000:0058      FHAVE96
0000:0059      SINGLE
0000:005a      FHAVEK09
0000:005b      NEW_ROM
0000:005c      FSETOWNER
0000:005d      Secrete_Code
0000:0060      COM1DEV
0000:0072      LPT1DEV
0000:0084      LPT2DEV
0000:0096      LPT3DEV
0000:00a8      COM2DEV
0000:00ba      COM3DEV
0000:00cc      COM4DEV
0000:00de      OLD13
0000:00e2      ORIG13
0000:00e6      PTRSAV
0000:00ea      AUXBUF
0000:00ee      PREVOPER
0000:00f0      NUMBER_OF_SEC
0000:0100*     VDISK_AREA
0000:016c      AUXNUM
0000:016e      NEXT2F_13
0000:0172      START_BDS
0000:0176      ACCESSCOUNT
0000:0177      TIM_DRV
0000:0178      FLAGBITS
0000:017a      MEDBYT
0000:017c      WRTVERIFY
0000:017c      RFLAG
0000:017e      SECCNT
0000:0180      HARDNUM
0000:0181      MOTORSTARTUP
0000:0182      SETTLECURRENT
0000:0183      SETTLESLOW
0000:0184      save_head_sttl
0000:0185      EOT
0000:0186      DPT
0000:018a      CURSEC
0000:018b      CURHD
0000:018c      CURTRK
0000:018e      SPSAV
0000:0190      FORMT_EOT
0000:0191      HDNUM
0000:0192      TRKNUM
0000:0194      GAP_PATCH
0000:0195      ERRIN
0000:019d      LSTERR
0000:019e      ERROUT
0000:0009      NUMERR
0000:01a8      DISKSECTOR
0000:01b3      BPB_IN_SECTOR
0000:01b5      SECPERCLUSINSECTOR
0000:01b8      NumberOfFats
0000:01bd      MEDIABYTE
0000:01ce      Ext_Boot_Sig
0000:01cf      Boot_Serial_L
0000:01d1      Boot_Serial_H
0000:01d3      Boot_Volume_Label
0000:01de      Boot_System_ID
0000:03a8      SM92
0000:03af      ALTAH
0000:03b0      KEYRD_Func
0000:03b1      KEYSTS_Func
0000:03b2      PRINTDEV
0000:03b4      WAIT_COUNT
0000:03bc      DAYCNT
0000:03be*     BIOS_IOCTL_LOW_START
0000:03be*     BIOS_IOCTL_LOW_END
0000:03be      STRATEGY
0000:03c9*     CON$IN
0000:03cf*     AUX0$IN
0000:03d5*     AUX1$IN
0000:03db*     AUX2$IN
0000:03e1*     AUX3$IN
0000:03ec*     PRN0$IN
0000:03f2*     PRN1$IN
0000:03fa*     PRN2$IN
0000:0402*     PRN3$IN
0000:0412*     TIM$IN
0000:0418      DSK$IN
0000:043a      BUS$EXIT
0000:043e      CMDERR
0000:0440      ERR$CNT
0000:0448      ERR$EXIT
0000:044c      EXIT$ZER
0000:0455      EXIT
0000:0029*     CHROUT
0000:0469      OUTCHR
0000:047b      GETDX
0000:0481      BIOS_PERMANENT_END
0000:0483*     BIOS_REBASED_FROM
0000:0485*     BIOS_REBASED_TO
0000:0487*     BIOS_HMA_INT13
0000:048d*     BIOS_HMA_INT1A
0000:04c4      BIOS_HMA_ROM_RESTORE
0000:0493*     BIOS_HMA_VECTOR
0000:04de*     BIOS_HMA_SAVED_VECTOR
0000:0527*     BIOS_HMA_CHAIN_VECTOR
0000:0548*     BIOS_HMA_NEAR_CALL
0000:0573*     BIOS_HMA_INT14
0000:0579*     BIOS_HMA_INT15
0000:057f*     BIOS_HMA_INT16
0000:0585*     BIOS_HMA_INT17
0000:058b*     BIOS_HMA_INT29
0000:0591      BIOS_HIGH_NEAR_ENTRY
0000:0595      BIOS_HIGH_SETDRIVE
0000:0597      BIOS_HIGH_MAPERROR
0000:0599      BIOS_HIGH_READ_SECTOR
0000:059b      BIOS_HIGH_CHECKSINGLE
0000:059d      BIOS_HIGH_HARDERR_ENTRY
0000:05a1      BIOS_HIGH_HARDERR2_ENTRY
0000:05a5      BIOS_SERVICE_ACTIVE
0000:05a6*     BIOS_HIGH_DISPATCH_ENTRY
0000:05aa      BIOS_LOW_INT2F13
0000:05d3*     BIOS_LOW_BLOCK13
0000:05db*     BIOS_HIGH_BLOCK13_ENTRY
0000:05aa*     BIOS_INTERRUPT_ENTRIES_START
0000:05df*     BIOS_INTERRUPT_ENTRIES_END
Module: /Users/ddanila/fun/msdos/out/baltic-repro-m5lr8g72/j8/out/memory-production-m6q2snmp/bios/MSCON.OBJ(/Users/ddanila/fun/msdos/out/baltic-repro-m5lr8g72/j8/out/memory-production-m6q2snmp/bios/MSCON.OBJ)
0000:05e0      CBREAK
0000:05e6      INTRET
Module: /Users/ddanila/fun/msdos/out/baltic-repro-m5lr8g72/j8/out/memory-production-m6q2snmp/bios/MSCLOCK.OBJ(/Users/ddanila/fun/msdos/out/baltic-repro-m5lr8g72/j8/out/memory-production-m6q2snmp/bios/MSCLOCK.OBJ)
0000:05e8      HaveCMOSClock
0000:05e9      month_tab
0000:05f5      BinToBCD
0000:05f7      DaycntToDay
0000:05f9      TimeToTicks
0000:05fb*     BIOS_HIGH_TIME_TO_TICKS
0000:05fd      TIME_TO_TICKS
Module: /Users/ddanila/fun/msdos/out/baltic-repro-m5lr8g72/j8/out/memory-production-m6q2snmp/bios/MSDISK.OBJ(/Users/ddanila/fun/msdos/out/baltic-repro-m5lr8g72/j8/out/memory-production-m6q2snmp/bios/MSDISK.OBJ)
0000:061c      Set_ID_Flag
0000:063f      Saved_Word
0000:0644      VRetry_Cnt
0000:0646      Soft_ECC_Cnt
0000:0648      MultiTrk_Format_Flag
0000:061d      Fat_12_ID
0000:0626      Fat_16_ID
0000:062f      Vol_No_Name
0000:063b      Temp_H
0000:063d      Start_Sec_H
0000:0641      MulTrk_Flag
0000:0643      EC35_Flag
0000:064d      SETPTRSAV
0000:0649*     BIOS_HIGH_SETPTRSAV_ENTRY
0000:0667      GETBP
0000:0685      CHECK_TIME_OF_ACCESS
0000:0663*     BIOS_HIGH_GETBP
0000:0665*     BIOS_HIGH_CHECK_TIME
Module: /Users/ddanila/fun/msdos/out/baltic-repro-m5lr8g72/j8/out/memory-production-m6q2snmp/bios/MSBIO2.OBJ(/Users/ddanila/fun/msdos/out/baltic-repro-m5lr8g72/j8/out/memory-production-m6q2snmp/bios/MSBIO2.OBJ)
0000:06a4*     DISK005S
0000:073a*     DISK005E
0000:06a4      Model_Byte
0000:06a5      Secondary_Model_Byte
0000:06a6      ORIG19
0000:06aa      Int19OLD02
0000:06af      Int19OLD08
0000:06b4      Int19OLD09
0000:06b9      Int19OLD0A
0000:06be      Int19OLD0B
0000:06c3      Int19OLD0C
0000:06c8      Int19OLD0D
0000:06cd      Int19OLD0E
0000:06d2      Int19OLD70
0000:06d7      Int19OLD72
0000:06dc      Int19OLD73
0000:06e1      Int19OLD74
0000:06e6      Int19OLD76
0000:06eb      Int19OLD77
0000:06f0      Int19BootVectors
0000:0700      DSKDRVS
0000:0708      HDSKTAB
0000:0734      INT_2F_NEXT
0000:0738      CompactDpbStorage
0000:073a      INT19
0000:077a      DSK$INIT
0000:0786      INT2F_DISK
0000:07be*     BIOS_HIGH_MUX_ENTRY
0000:07c2      RE_INIT
0000:07e3*     CLK001S
0000:07e9*     CLK001E
0000:07e3      BIN_DATE_TIME
0000:07e7      DAYCNT2
0000:07e9      ENDFLOPPY
0000:07e9      ENDSWAP
0000:07e9*     BIO004S
0000:07eb*     BIO004E
0000:07e9      HNUM
0000:07ea      HARDDRV
0000:07eb      ENDONEHARD
0000:07eb      ENDTWOHARD
0000:07eb      TWOHARD
0000:07eb      DSK$OPEN
0000:080e      DSK$CLOSE
0000:083c      MEDIACHECK
0000:0875*     LOSECHNG
0000:088e*     MEDIARET
0000:08b7      CHECKLATCHIO
0000:08bd*     CHECKROM
0000:08f3*     CHECKFATVID
0000:0948      CHECKIO
0000:0992*     RETURNVID
0000:09aa      MEDIA_SET_VID
0000:09b9*     TPI96001S
0000:09c3*     TPI96001E
0000:09b9      REAL13
0000:09c3      INT13
0000:09fb      SET_CHANGED_DL
0000:0a30      ResetChanged
0000:0a35      HASCHANGE
0000:0a3b*     VOLID001S
0000:0a53*     VOLID001E
0000:0a53      SET_VOLUME_ID
0000:0b71*     BIOS_CHECKLATCH_RESULT
0000:0b93*     BIOS_CHECKIO_RESULT
0000:0bb3      END96TPI
0000:0bb3      BDSMs
Module: /Users/ddanila/fun/msdos/out/baltic-repro-m5lr8g72/j8/src/BIOS/MSHARD.OBJ(/Users/ddanila/fun/msdos/out/baltic-repro-m5lr8g72/j8/src/BIOS/MSHARD.OBJ)
0000:14bf      IBM_DISK_IO
Module: /Users/ddanila/fun/msdos/out/baltic-repro-m5lr8g72/j8/out/memory-production-m6q2snmp/bios/MSINIT.OBJ(/Users/ddanila/fun/msdos/out/baltic-repro-m5lr8g72/j8/out/memory-production-m6q2snmp/bios/MSINIT.OBJ)
0000:15ec*     ENDATROM
0000:15ec*     Daycnt_to_day
0000:1665*     EndDaycntToDay
0000:1665*     Bin_to_bcd
0000:166a*     EndCMOSClockset
0000:184f*     ENDK09
0000:28b3*     END$
0000:19a0      INIT
0000:2779*     PackBootDriveGraph
0000:2775*     BIOS_PACKED_GRAPH_START
0000:2777*     BIOS_PACKED_GRAPH_END
Module: /Users/ddanila/fun/msdos/out/baltic-repro-m5lr8g72/j8/out/memory-production-m6q2snmp/bios/SYSINIT1.OBJ(/Users/ddanila/fun/msdos/out/baltic-repro-m5lr8g72/j8/out/memory-production-m6q2snmp/bios/SYSINIT1.OBJ)
0426:025e      CURRENT_DOS_LOCATION
0426:0262      FINAL_DOS_LOCATION
0426:0264      DEVICE_LIST
0426:0268      SYSI_COUNTRY
0426:02bb      MEMORY_SIZE
0426:02bd      DEFAULT_DRIVE
0426:02be      BUFFERS
0426:02ea      FILES
0426:02ed      NUM_CDS
0426:0259      SYSINIT
0426:0a4d      CNTRYFILEHANDLE
0426:02fe      COMMAND_LINE
0426:02b2      Big_Media_Flag
0426:02b3      STACK_COUNT
0426:02b5      STACK_SIZE
0426:02b7      STACK_ADDR
0426:025c      dosinfo
0426:0260      entry_point
0426:02eb      fcbs
0426:02ec      keep
0426:02ee      confbot
0426:02f8      alloclim
0426:02f0      RawConfigSeg
0426:02f2      MenuScratch
0426:02f4      MenuPristine
0426:02f6      MenuCodeSeg
0426:031e      zero
0426:0725      sepchr
0426:0dd8      STALL
0426:0a47      count
0426:0a4b      chrptr
0426:0a49      org_count
0426:0a53      bufptr
0426:0a53      memlo
0426:0a55      prmblk
0426:0a55      memhi
0426:0a57      ldoff
0426:0a59      area
0426:0a5b      PACKET
0426:0a68      UNITCOUNT
0426:0a69      BREAK_ADDR
0426:0a6d      BPB_ADDR
0426:0a71      drivenumber
0426:0983      Config_Size
0426:0a74      TempStack
0426:0981      Install_Flag
0426:0a41      COM_Level
0426:0a42      CMMT
0426:0a43      CMMT1
0426:0a44      CMMT2
0426:0a45      Cmd_Indicator
0426:0726      LineCount
0426:0728      ShowCount
0426:0755      Buffer_LineNum
0426:0a46      DoNotShowNum
0426:0a03      IFS_Flag
0426:0a05      IFS_RH
0426:02c0      H_Buffers
0426:0759      Buffer_Slash_X
0426:0a72      ConfigMsgFlag
0426:1626      Do_Install_Exec
0426:0980      Multi_Pass_Id
0426:0321      ConfigEnv
0426:031f      ConfigEnvUsed
0426:0721*     BootBypass
0426:0722      BootStep
0426:0016*     Int02
0426:0012*     Old02
0426:003c*     Int08
0426:0038*     Old08
0426:0047*     Int09
0426:0043*     Old09
0426:0057*     Int70
0426:0053*     Old70
0426:005e*     Int0A
0426:0060*     Old0A
0426:0066*     FirstFlag0A
0426:0077*     Int0B
0426:0079*     Old0B
0426:007f*     FirstFlag0B
0426:0090*     Int0C
0426:0092*     Old0C
0426:0098*     FirstFlag0C
0426:00a9*     Int0D
0426:00ab*     Old0D
0426:00b1*     FirstFlag0D
0426:00c2*     Int0E
0426:00c4*     Old0E
0426:00ca*     FirstFlag0E
0426:00db*     Int72
0426:00dd*     Old72
0426:00e3*     FirstFlag72
0426:00f4*     Int73
0426:00f6*     Old73
0426:00fc*     FirstFlag73
0426:010d*     Int74
0426:010f*     Old74
0426:0115*     FirstFlag74
0426:0126*     Int76
0426:0128*     Old76
0426:012e*     FirstFlag76
0426:013f*     Int77
0426:0141*     Old77
0426:0147*     FirstFlag77
0426:0259*     Endstackcode
0426:0de8      AcquireUmbs
0426:0fa1      TEMPCDS
0426:16ba      ParaRound
0426:16c6*     Sysinit_Base
0426:2407      SetDevMark
0426:247d*     HmaPlanBuffers
0426:247f*     HmaPlanSlotSize
0426:2481*     HmaPlanCacheBytes
0426:2483*     HmaPlanValid
0426:2484      HmaPlanParseError
0426:250e*     PreflightHmaService
Module: /Users/ddanila/fun/msdos/out/baltic-repro-m5lr8g72/j8/out/memory-production-m6q2snmp/bios/SYSCONF.OBJ(/Users/ddanila/fun/msdos/out/baltic-repro-m5lr8g72/j8/out/memory-production-m6q2snmp/bios/SYSCONF.OBJ)
0426:305c      DOCONF
0426:9f70      GETCHR
0426:316b      Multi_Pass
0426:2550      MultDeviceFlag
0426:2551      DevMark_Addr
0426:2553      SetDevMarkFlag
0426:2f00      DosHighRequested
0426:2f01      DosUmbRequested
0426:2f02      DeviceHighActive
0426:61dc      HmaBiosEnd
0426:9f96      Error_Line
Module: /Users/ddanila/fun/msdos/out/baltic-repro-m5lr8g72/j8/src/BIOS/SYSINIT2.OBJ(/Users/ddanila/fun/msdos/out/baltic-repro-m5lr8g72/j8/src/BIOS/SYSINIT2.OBJ)
0426:aa81      INT24
0426:aa5b      OPEN_DEV
0426:a380      ORGANIZE
0426:a64f      MEM_ERR
0426:a5aa      NEWLINE
0426:a65a      CALLDEV
0426:aa2c      BadLoad
0426:aaef      PRNDEV
0426:aaeb      AUXDEV
0426:aaf3      CONFIG
0426:ab4c      COMMND
0426:aae7      CONDEV
0426:a6ae*     GetNum
0426:aa28      BADFIL
0426:aa32      PRNERR
0426:a605      ROUND
0426:a576      DELIM
0426:aa56      PRINT
0426:a5d6      Set_Break
0426:a1c6      SETPARMS
0426:a21d      PARSELINE
0426:a201      DIDDLEBACK
0426:a6fe*     Skip_delim
0426:a71d      SetDOSCountryInfo
0426:a9d1      Set_Country_Path
0426:aa20      Move_ASCIIZ
0426:aaff      Cntry_Drv
0426:ab01      Cntry_Root
0426:ab02      Cntry_Path
0426:ab8c      PathString
0426:abcc      LShare
0426:ac92      DeviceParameters
0426:adba*     drive
0426:adbb*     switches
Module: /Users/ddanila/fun/msdos/out/baltic-repro-m5lr8g72/j8/src/BIOS/SYSIMES.OBJ(/Users/ddanila/fun/msdos/out/baltic-repro-m5lr8g72/j8/src/BIOS/SYSIMES.OBJ)
0426:ae57      BADOPM
0426:ae7b      CRLFM
0426:ae9d      BADSIZ_PRE
0426:aebe      BADLD_PRE
0426:aed0      BADCOM
0426:b025      SYSSIZE
0426:aee4      BADCOUNTRY
0426:af54      BADMEM
0426:af7b      BADBLOCK
0426:af96      BADSTACK
0426:af27      INSUFMEMORY
0426:af0a      BADCOUNTRYCOM
0426:afb3      BadOrder
0426:afd9      Errorcmd
0426:ae7e      Badparm
0426:aff3      ShareWarnMsg
Module: /Users/ddanila/fun/msdos/out/baltic-repro-m5lr8g72/j8/out/memory-production-m6q2snmp/bios/BOOTDEVT.OBJ(/Users/ddanila/fun/msdos/out/baltic-repro-m5lr8g72/j8/out/memory-production-m6q2snmp/bios/BOOTDEVT.OBJ)
0000:28c1      DSKTBL
0000:28f5      CONTBL
0000:290d      AUXTBL
0000:2925      TIMTBL
0000:293b      PRNTBL
0000:296e      BIOS_DEVICE_TABLES_END
0000:28dc      TABLE_PATCH
0000:296e      BIOS_COLD_DISPATCH_START
0000:29bd      BIOS_COLD_DISPATCH_END
Module: /Users/ddanila/fun/msdos/out/baltic-repro-m5lr8g72/j8/out/memory-production-m6q2snmp/bios/BOOTBDS.OBJ(/Users/ddanila/fun/msdos/out/baltic-repro-m5lr8g72/j8/out/memory-production-m6q2snmp/bios/BOOTBDS.OBJ)
0000:29be      BIOS_BDS_TEMPLATES_START
0000:2c16      BIOS_BDS_TEMPLATES_END
0000:29be      BDS1
0000:29c4      FDRIVE1
0000:2a28      FDRIVE2
0000:2a8c      FDRIVE3
0000:2af0      FDRIVE4
0000:2b4e      BDSH
0000:2b54      HDRIVE
0000:2bb2      BDSX
0000:2bb8      DRIVEX
Module: /Users/ddanila/fun/msdos/out/baltic-repro-m5lr8g72/j8/out/memory-production-m6q2snmp/bios/MSCON-BODY.OBJ(/Users/ddanila/fun/msdos/out/baltic-repro-m5lr8g72/j8/out/memory-production-m6q2snmp/bios/MSCON-BODY.OBJ)
0000:2c16      CON$READ
0000:2c5e      CON$RDND
0000:2cb5      RDEXIT
0000:2cc2      CON$FLSH
0000:2cc8      FLUSH
0000:2cda      CON$WRIT
Module: /Users/ddanila/fun/msdos/out/baltic-repro-m5lr8g72/j8/src/BIOS/MSAUX.OBJ(/Users/ddanila/fun/msdos/out/baltic-repro-m5lr8g72/j8/src/BIOS/MSAUX.OBJ)
0000:2ce8      AUX$READ
0000:2d13      AUX$RDND
0000:2d36      AUX$WRST
0000:2d51      AUX$FLSH
0000:2d5a      AUX$WRIT
Module: /Users/ddanila/fun/msdos/out/baltic-repro-m5lr8g72/j8/src/BIOS/MSLPT.OBJ(/Users/ddanila/fun/msdos/out/baltic-repro-m5lr8g72/j8/src/BIOS/MSLPT.OBJ)
0000:2d7e      PRN$WRIT
0000:2da0      PRN$STAT
0000:2dc9      PRN$TILBUSY
0000:2e0f      PRN$GENIOCTL
Module: /Users/ddanila/fun/msdos/out/baltic-repro-m5lr8g72/j8/out/memory-production-m6q2snmp/bios/MSCLOCK-BODY.OBJ(/Users/ddanila/fun/msdos/out/baltic-repro-m5lr8g72/j8/out/memory-production-m6q2snmp/bios/MSCLOCK-BODY.OBJ)
0000:2e46      TIM$WRIT
0000:2ea0      BIOS_CLOCK_BODY_TICKS
0000:2ee5      TIM$READ
Module: /Users/ddanila/fun/msdos/out/baltic-repro-m5lr8g72/j8/out/memory-production-m6q2snmp/bios/BIOSIOST.OBJ(/Users/ddanila/fun/msdos/out/baltic-repro-m5lr8g72/j8/out/memory-production-m6q2snmp/bios/BIOSIOST.OBJ)
0000:2f40*     BIOS_IOCTL_STATE_START
0000:2fc9*     BIOS_IOCTL_STATE_END
0000:2f42      SECTORSPERTRACK
0000:2f44      TRACKTABLE
0000:2fc2      MEDIATYPE
0000:2fc3      MEDIA_SET_FOR_FORMAT
0000:2fc4      Had_Format_Error
0000:2fc5      TEMPDPT
0000:2f40      Prev_DX
Module: /Users/ddanila/fun/msdos/out/baltic-repro-m5lr8g72/j8/out/memory-production-m6q2snmp/bios/BIOSSWAP.OBJ(/Users/ddanila/fun/msdos/out/baltic-repro-m5lr8g72/j8/out/memory-production-m6q2snmp/bios/BIOSSWAP.OBJ)
0000:2fca*     BIOS_SWAP_BODY_START
0000:3032*     BIOS_SWAP_BODY_END
0000:2fca      SWPDSK
0000:2fe7      WRMSG
Module: /Users/ddanila/fun/msdos/out/baltic-repro-m5lr8g72/j8/out/memory-production-m6q2snmp/bios/BIOSMUX.OBJ(/Users/ddanila/fun/msdos/out/baltic-repro-m5lr8g72/j8/out/memory-production-m6q2snmp/bios/BIOSMUX.OBJ)
0000:3032      BIOS_MUX_BODY
0000:30a0*     BIOS_MUX_BODY_END
0000:305c      INSTALL_BDS
0000:3098*     BIOS_MUX_INSTALL_LINK
Module: /Users/ddanila/fun/msdos/out/baltic-repro-m5lr8g72/j8/out/memory-production-m6q2snmp/bios/MEDIABODY.OBJ(/Users/ddanila/fun/msdos/out/baltic-repro-m5lr8g72/j8/out/memory-production-m6q2snmp/bios/MEDIABODY.OBJ)
0000:30a0      MEDIA$CHK
0000:30f0      MEDIA_PATCH
0000:30fa*     BIOS_MEDIA_PATCH_END
0000:311c      INIT_PATCH
0000:311f*     BIOS_INIT_PATCH_END
0000:3148      BIOS_MEDIA_CHECK_TIME
0000:3184      GET$BPB
0000:31c7      SET_PATCH
0000:31ca*     BIOS_SET_PATCH_END
0000:31cd      BIOS_MEDIA_SETPTRSAV
0000:31e1      Clear_IDs
0000:3220      BIOS_MEDIA_GETBP
0000:3246      GETBP1_PATCH
0000:3249*     BIOS_GETBP1_PATCH_END
0000:329b      HAS1
0000:33c0      Mov_Media_IDs
0000:342e      HIDENSITY
Module: /Users/ddanila/fun/msdos/out/baltic-repro-m5lr8g72/j8/out/memory-production-m6q2snmp/bios/BIOBODY.OBJ(/Users/ddanila/fun/msdos/out/baltic-repro-m5lr8g72/j8/out/memory-production-m6q2snmp/bios/BIOBODY.OBJ)
0000:3452*     BIOS_SERVICE_START
0000:4254      BIOS_SERVICE_END
0000:3452      READ_SECTOR
0000:34c9      DSK$REM
0000:34d9      SETDRIVE
0000:34fb      DSK$WRITV
0000:3504      DSK$WRIT
0000:3516      DSK$READ
0000:351b      CHECKSINGLE
0000:359c      DISKRD
0000:361a      DISKIO_PATCH
0000:361d*     BIOS_DISKIO_PATCH_END
0000:3670*     IOSETUP
0000:372f*     DISK
0000:381b      DSKERR
0000:381e*     BIOS_DSKERR_PATCH_END
0000:3855      HARDERR
0000:3858      HARDERR2
0000:38a1      MAPERROR
0000:38ba*     SET_TIM
0000:38e1      BLOCK13
0000:38eb      CHANGED_PATCH
0000:38f5*     BIOS_CHANGED_PATCH_END
0000:39c9*     OK11
0000:39dd*     ECC_ERR_HANDLE
0000:3b52*     IOREADJUMPTABLE
0000:3b63*     IOWRITEJUMPTABLE
0000:3b74      GENERIC$IOCTL
0000:3bb4*     GETDEVICEPARAMETERS
0000:3bf0*     SETDEVICEPARAMETERS
0000:3ca8*     SET_MEDIA_FOR_FORMAT
0000:3d58*     FORMATTRACK
0000:3e1d*     VERIFYTRACK
0000:3e76*     READTRACK
0000:3e7f*     WRITETRACK
0000:3e88*     READWRITETRACK
0000:3ea8*     TRACKIO
0000:3f2e*     SECTORSIZETOSECTORINDEX
0000:3f41*     SETDASD
0000:3fb8*     RESETDISK
0000:3fc5*     TO_ROM
0000:4023      IOCTL$GETOWN
0000:4047      IOCTL$SETOWN
0000:407d*     RESTOREOLDDPT
0000:41a9*     CHECK_WRAP
0000:4206      INT_2F_13
0000:422f*     MOVE
0000:4234      DoubleWordMov
0000:4237*     BIOS_DWORD_PATCH_END
Warning! W1014: stack segment not found
Warning! W1023: no starting address found, using 0000:0000


                        +-----------------------+
                        |   Linker Statistics   |
                        +-----------------------+

Stack size:  1000 (4096.)
Memory size:  f285 (62085.)
Entry point address: 0000:0000
Link time: 00:00.77
