Open Watcom Linker Version 2.0 beta Aug 27 2026 05:38:07 (64-bit)** EXPERIMENTAL (HLL) ** 
Copyright (c) 2002-2026 The Open Watcom Contributors. All Rights Reserved.
Portions Copyright (c) 1985-2002 Sybase, Inc. All Rights Reserved.
Created on:       26/09/11 01:47:24
Executable Image: COMMAND.EXE
creating a DOS executable


                        +------------+
                        |   Groups   |
                        +------------+

Group                           Address              Size
=====                           =======              ====

RESGROUP                        0000:0000            00003430
TRANGROUP                       0343:0000            0000c050



                        +--------------+
                        |   Segments   |
                        +--------------+

Segment                Class          Group          Address         Size
=======                =====          =====          =======         ====

CODERES                               RESGROUP       0000:0000       000001a3
DATARES                               RESGROUP       001a:0003       000001ce
FORMATDATA                            RESGROUP       0037:0001       000006fa
SHELLCODE                             RESGROUP       00a6:000b       00000b4e
HMACODE                               RESGROUP       015b:0009       00000496
MSGOPT                                RESGROUP       01a4:000f       00000447
SHELLFIX                              RESGROUP       01e9:0006       0000009c
BATARENA                              RESGROUP       01f4:0000       00000010
BATSEG                                RESGROUP       01f5:0000       0000003f
ENVARENA                              RESGROUP       01f9:0000       00000010
ENVIRONMENT                           RESGROUP       01fa:0000       000000a0
INIT                                  RESGROUP       0204:0000       000013e9
TAIL                                  RESGROUP       0343:0000       00000000
TRANCODE                              TRANGROUP      0343:0000       000076bb
TRANDATA                              TRANGROUP      0aae:000b       00000500
TRANSPACE                             TRANGROUP      0afe:000b       00000fec
TRANEXT                               TRANGROUP      0bfd:0007       0000349e
TRANTAIL                              TRANGROUP      0f48:0000       00000000
FOR_SEGMENT                           AUTO           0f48:0000       00000000


                        +----------------+
                        |   Memory Map   |
                        +----------------+

* = unreferenced symbol
+ = symbol only referenced locally

Address        Symbol
=======        ======

Module: COMMAND1.OBJ(COMMAND1.OBJ)
0000:1e96      shell_format_fixups
0000:1fae      ECOMSPEC
0000:2040      ENVIREND
0000:1fa0      PATHSTRING
0000:0ad3      EXT_EXEC
0000:0c2a      CONTC
0000:0c18      Exec_Wait
0000:007f*     RESCOM
0000:0103*     shell_gate_start
0000:0a6b      shell_service_start
0000:0103      shell_gate_lodcom
0000:0109      shell_gate_lodcom_segment
0000:010b      shell_gate_contc
0000:0111      shell_gate_contc_segment
0000:0113      shell_gate_dskerr
0000:0119      shell_gate_dskerr_segment
0000:011b      shell_gate_int2e
0000:0121      shell_gate_int2e_segment
0000:0123      shell_gate_headfix
0000:0129      shell_gate_headfix_segment
0000:012b      shell_gate_exec
0000:0131      shell_gate_exec_segment
0000:0133      shell_gate_remcheck
0000:0139      shell_gate_remcheck_segment
0000:013b      shell_gate_diskmsg
0000:0141      shell_gate_diskmsg_segment
0000:0143      shell_gate_lodcom1
0000:0149      shell_gate_lodcom1_segment
0000:014b      shell_gate_endinit
0000:0151      shell_gate_endinit_segment
0000:0153      shell_gate_loadcom
0000:0159      shell_gate_loadcom_segment
0000:015b      shell_gate_chksum
0000:0161      shell_gate_chksum_segment
0000:0163      shell_gate_rprint
0000:0169      shell_gate_rprint_segment
0000:016b      shell_high_active
0000:016c*     shell_restore_a20
0000:0197*     shell_int21_low
0000:019d*     shell_int2f_low
0000:0a77      shell_int21_bridge
0000:0a7d      shell_int2f_bridge
0000:0a6b*     shell_loadcom_far
0000:0a6f*     shell_chksum_far
0000:0a73*     shell_rprint_far
0000:0a77*     shell_bridge_int21
0000:0a7a      shell_bridge_int21_segment
0000:0a7d*     shell_bridge_int2f
0000:0a80      shell_bridge_int2f_segment
0000:0a87      shell_binding_exec_err_ds
0000:0ac6      shell_binding_exec_msg_es
0000:0ad6      shell_binding_exec_pre_ds
0000:0b8c      shell_binding_exec_post_ds
0000:0c1a      shell_binding_exec_wait_ds
0000:0c2d      shell_binding_contc_entry_ds
0000:0c41*     shell_bridge_init
0000:0c44      shell_bridge_init_segment
0000:0c6a      shell_binding_contc_body_ds
0000:0d18      ResPipeOff
0000:0d1c      shell_binding_pipeoff_ds
Module: COMMAND2.OBJ(COMMAND2.OBJ)
0000:109a      CHKSUM
0000:10dc      ENDINIT
0000:0fc6      GETCOMDSK2
0000:0dbe      INT_2E
0000:1046      LOADCOM
0000:0dfd      lodcom
0000:0e69      LODCOM1
0000:0fcc      RestHand
0000:0f96      SavHand
0000:10b4      SETVECT
0000:0f1a      THEADFIX
0000:0efe      TREMCHECK
0000:0efa*     tjmp
0000:0d37      shell_binding_fatal_ds
0000:0d69      shell_binding_fatal_psp
0000:0d8c      shell_binding_ret2e_ds
0000:0dc0      shell_binding_int2e_es
0000:0ded      shell_binding_int2e_bx
0000:0dff      shell_binding_lodcom_ds
0000:0e20*     SetSize
0000:0e6a      shell_binding_lodcom_ax
0000:0f5f      shell_binding_headfix_ds
0000:0f9c      shell_binding_savhand_es
0000:10e0      shell_binding_endinit_ds
0000:10ec      shell_binding_endinit_env_state
0000:111f      shell_binding_endinit_flag_state
0000:3430      TranStart
Module: RUCODE.OBJ(RUCODE.OBJ)
0000:11bf      ASKEND
0000:148b      CRLF
0000:11df      DSKERR
0000:14cf      ITESTKANJ
0000:14e1      reset_msg_pointers
0000:148e      RPRINT
0000:1206      shell_binding_critical_ds
0000:14c4*     shell_bridge_xlat
0000:14c7      shell_bridge_xlat_segment
0000:15b9      hma_code_start
0000:1a4f      hma_code_end
0000:15bd*     hma_in_char_xlat_body
0000:15b9*     hma_in_char_xlat_high
0000:14cf*     TestKanjR
0000:14d6*     shell_bridge_kanj
0000:14d9      shell_bridge_kanj_segment
0000:15dc      hma_test_kanj_high
0000:15e0*     hma_test_kanj_body
0000:14f2*     MSG_SERV_ST
0000:14f2      READ_DISK_PROC
0000:1504      shell_binding_diskmsg_ds
0000:15ab      SYSGETMSG
0000:15b3      SYSDISPMSG
0000:15ad      hma_sysgetmsg_gateway
0000:15b3      hma_sysdispmsg_gateway
0000:15ad*     shell_bridge_getmsg
0000:15b0      shell_bridge_getmsg_segment
0000:15b3*     shell_bridge_dispmsg
0000:15b6      shell_bridge_dispmsg_segment
0000:15b9      RES_CODE_END
0000:1605      HMA_SYSGETMSG
0000:1752      HMA_SYSDISPMSG
0000:1620      HMA_SYSGETMSG_RETURN
0000:1796      HMA_SYSDISPMSG_RETURN
0000:1a47*     shell_getmsg_fallback
0000:1a4b*     shell_dispmsg_fallback
Module: RDATA.OBJ(RDATA.OBJ)
0000:0220      rstack
0000:01a3      shell_data_start
0000:0371      shell_data_end
0000:0333      MYDATASEG
0000:040d      abort_char
0000:02e3      append_flag
0000:02e1      append_state
0000:03de      badfat_block
0000:03e2      BADFAT_OP_SEG
0000:03dd      badfat_subst
0000:0236      BATCH
0000:0280      Batch_Abort
0000:02cb      call_batch_flag
0000:02ca      call_flag
0000:03dc      CDEVAT
0000:0317      COM_FCB1
0000:031b      COM_FCB2
0000:0313      COM_PTR
0000:02cf      com_xlat_addr
0000:0281      COMDRV
0000:03ea      comprmt1_block
0000:03ee      COMPRMT1_SEG
0000:03f9      COMPRMT1_SEG2
0000:03e9      comprmt1_subst
0000:0238      COMSPEC
0000:02d9      crit_msg_off
0000:02db      crit_msg_seg
0000:0890      critical_msg_start
0000:03ec      comspec_print
0000:0278      comspec_end
0000:0400      cpdrv
0000:02b4      crit_err_info
0000:0a6b      DATARESEND
0000:02dd      dbcs_vector_addr
0000:038e      deve_op_off
0000:0390      deve_op_seg
0000:039b      DEVE_OP_SEG2
0000:038c      devemes_block
0000:038b      devemes_subst
0000:03a2      DEVENAM
0000:0371      disp_class
0000:038a      DRVLET
0000:0374      drvnum_block
0000:0376      drvnum_op_off
0000:0378      drvnum_op_seg
0000:0383      DRVNUM_OP_SEG2
0000:0373      drvnum_subst
0000:02b7      ECHOFLAG
0000:0311      envirseg
0000:03af      ERR15_OP_SEG
0000:03ba      ERR15_OP_SEG2
0000:03c5      ERR15_OP_SEG3
0000:03ab      err15mes_block
0000:03aa      err15mes_subst
0000:0231      ERRCD_24
0000:0224      ErrType
0000:0311      EXEC_BLOCK
0000:0402      execemes_block
0000:0401      execemes_subst
0000:0404      execemes_off
0000:0406      execemes_seg
0000:0288      EXTCOM
0000:1bdd      extended_msg_start
0000:1e96      extmsgend
0000:0410      fail_char
0000:02c3      fFail
0000:02c5      FORFLAG
0000:02c6      forptr
0000:02d4      fucase_addr
0000:0233      HANDLE01
0000:02c4      IFFlag
0000:040f      ignore_char
0000:027f      In_Batch
0000:02e4      InitFlag
0000:030d      INPIPEPTR
0000:0225      INT_2E_RET
0000:02b9      IO_SAVE
0000:0235      LOADING
0000:028b      LOADHIGH_PENDING
0000:028c      LOADHIGH_SAVED_LINK
0000:028d      LOADHIGH_SAVED_STRATEGY
0000:028f      LOADHIGH_REGION_MASK
0000:0291      LOADHIGH_MINIMUMS
0000:02b1      LOADHIGH_SHRINK
0000:02b2      LOADHIGH_SAVED_FILTER
0000:0323      LTPA
0000:0282      MEMSIZ
0000:0321      MYSEG
0000:0329      MYSEG1
0000:032d      MYSEG2
0000:02c8      NEST
0000:02cc      next_batch
0000:0412      no_char
0000:02ce      NULLFLAG
0000:0372      number_subst
0000:0335      olderrno
0000:022d      OldTerm
0000:030f      OUTPIPEPTR
0000:022b      PARENT
0000:1aae      parse_msg_start
0000:02bc      PERMCOM
0000:02e7      PIPE1
0000:02ea      pipe1t
0000:02f7      PIPE2
0000:02fa      pipe2t
0000:02e6      PIPEFILES
0000:02e5      PIPEFLAG
0000:0307      PIPEPTR
0000:0498      PIPESTR
0000:0326      RDIRCHAR
0000:0220      RemMsg
0000:0371      resident_catalog_start
0000:043f      resident_class_ptrs
0000:0433      resident_critical_ptr
0000:0339      hma_in_char_xlat_entry
0000:033d      hma_test_kanj_entry
0000:0337      resmsgend
0000:0331      RES_TPA
0000:02bb      RESTDIR
0000:032f*     ResTest
0000:0289      RETCODE
0000:040e      retry_char
0000:02b5      rsrc_xa_seg
0000:0325      RSWITCHAR
0000:0229      SAVE_PDB
0000:02bd      SINGLECOM
0000:02bf      KEEPCOM
0000:02c0      BATCHSTEP
0000:0284      SUM
0000:0286      SUMSEG
0000:02b8      SUPPRESS
0000:027a      TRANS
0000:0335      TranVarEnd
0000:031f      TRANVARS
0000:027c      TRNSEG
0000:027e      TrnMvFlg
0000:02c1      VERVAL
0000:03cc      VolName
0000:03d8*     VOLSER
0000:0411      yes_char
0000:0371      formatter_data_start
0000:0498      formatter_data_end
0000:0309      PIPEBASE
0000:030b      PIPESEG
0000:0341      shell_message_reply
0000:0832      $M_CLS_3
0000:0859      $M_CLS_1
0000:087c      $M_CLS_2
0000:0886      $M_CLS_6
0000:1a4f*     resident_copyright_start
0000:1aae*     resident_copyright_end
0000:1bd2      $M_CLS_5
0000:1e8b      $M_CLS_7
0000:0413      $M_RT2
Module: INIT.OBJ(INIT.OBJ)
0000:1f32*     shell_format_fixups_end
0000:2040      CONPROC
0000:2b31      init_contc_specialcase
0000:209f*     shell_gate_constructor
0000:20d3*     shell_gate_constructor_end
0000:20d3*     shell_bridge_constructor
0000:20ef*     shell_bridge_constructor_end
0000:287e*     EnvMaximum
0000:2901*     Nxtstr
Module: UINIT.OBJ(UINIT.OBJ)
0000:3200*     icondev
0000:320e      BADCSPFL
0000:320f      COMSPECT
0000:321d      AUTOBAT
0000:325a      fslash
0000:325b      bslash
0000:325c      space
0000:323f      PRDATTM
0000:3240      INITADD
0000:3244*     print_add
0000:324c      CHUCKENV
0000:325d      scswitch
0000:325e      ucasea
0000:324d      ECOMLOC
0000:3257      equalsign
0000:3258      lcasea
0000:3259      lcasez
0000:324f      comspstring
0000:325f      envsiz
0000:3261      EnvMax
0000:326d      initend
0000:326f      trnsize
0000:3271      resetenv
0000:3272      ext_msg
0000:3311      num_positionals
0000:3277      INTERNAT_INFO
0000:3275      parsemes_ptr
0000:3248      triage_add
0000:3263      oldenv
0000:3265      usedenv
0000:322e      KAUTOBAT
0000:3273      eswitch
0000:3274      dswitch
0000:326b      init_parse
0000:3313      old_parse_ptr
0000:3267      pars_msg_off
0000:3269      pars_msg_seg
0000:3277      parse_command
0000:3308*     COMND1_OUTPUT
0000:3308*     COMND1_TYPE
0000:3309*     COMND1_CODE
0000:330a      comnd1_syn
0000:330c      comnd1_addr
0000:32ae      command_f_syn
0000:32a2      command_p_syn
0000:32df      command_c_syn
0000:32f9      command_k_syn
0000:3305      command_y_syn
0000:32ba      command_d_syn
0000:32c6      command_e_syn
0000:32eb      command_m_syn
0000:341e      $M_CLS_4
Module: TCODE.OBJ(TCODE.OBJ)
0343:01a5      COMMAND
0343:0382      DOCOM
0343:0385      DOCOM1
0343:0390      NOPIPEPROC
0343:0176      TCOMMAND
0343:014d      REM_HANDLER
0343:0520      ROM_EXEC
0343:04a7      ROM_SCAN
Module: TBATCH.OBJ(TBATCH.OBJ)
0343:058e      PromptBat
0343:05d6      output_batch_name
0343:0601      GetKeyStroke
0343:0621      READBAT
0343:0828*     SkipToEOL
0343:0839      Free_TPA
0343:0849      Alloc_TPA
0343:08bf      BatCom
0343:0a22      BatchOff
0343:0a7e*     StrCpy
Module: TBATCH2.OBJ(TBATCH2.OBJ)
0343:0bf4      $if
0343:0d3d      iferlev
0343:0fa1      goto
0343:0db6      Shift
0343:0cd0      ifexists
0343:0c76      ifnot
0343:0bee      forerror
0343:0e7b      $call
0343:0a93      GetBatByt
0343:0e0d      SkipDelim
0343:1086      BATCLOSE
0343:109a      BATOPEN
Module: TFOR.OBJ(TFOR.OBJ)
0343:135b      $for
0343:110d      FORPROC
0343:14dd      ForOff
Module: TCMD1A.OBJ(TCMD1A.OBJ)
0343:1504      catalog
0343:185f      dir_display_record
Module: TCMD1B.OBJ(TCMD1B.OBJ)
0343:1c8f      badpath_err
0343:1d58      crename
0343:1bf6      erase
0343:1c92      extend_setup
0343:20d1      get_ext_error_number
0343:20a5      Get_file_code_page_tag
0343:1aeb      Pause
0343:20c1      set_ext_error_msg
0343:2080      set_file_code_page
0343:1e78      typefil
0343:1fbf      volume
0343:2005      okvolarg
Module: TCMD2A.OBJ(TCMD2A.OBJ)
0343:21ff      build_dir_for_chdir
0343:21d6      build_dir_for_prompt
0343:2210      build_dir_string
0343:242d      cls
0343:2343      path
0343:21bd      print_char
0343:21cc      print_drive
0343:2139      print_version
0343:21bb      print_b
0343:21a5      print_back
0343:21ab      print_eq
0343:21af      print_esc
0343:21b3      print_g
0343:21b7      print_l
0343:2151      PRINT_PROMPT
0343:210e      version
Module: TCMD2B.OBJ(TCMD2B.OBJ)
0343:28d5      $EXIT
0343:26e9      chcp
0343:2568      ctty
0343:294a      parse_check_eol
0343:2961      parse_with_msg
0343:2975      setup_parse_error_msg
0343:27f6      truename
Module: TENV.OBJ(TENV.OBJ)
0343:2cca      add_name_to_environment
0343:2b67      add_prompt
0343:2dc5      delete_path
0343:2def      FIND_NAME_IN_environment
0343:2de7      find_path
0343:2dec      find_prompt
0343:2e52      move_name
0343:2f78      RestUDir
0343:2f6a      restudir1
0343:2e81      scan_double_null
0343:2e9c      scasb2
0343:2ef1      store_char
0343:2ea4      TESTKANJ
0343:2ece      upconv
Module: TENV2.OBJ(TENV2.OBJ)
0343:30d5      $chdir
0343:319c      $mkdir
0343:327c      $rmdir
0343:3301      CRLF2
0343:3365      CRPRINT
0343:3316      delim
0343:338d      error_output
0343:3332      fcb_to_ascz
0343:33a7      pathchrcmp
0343:33b8      pathcrunch
0343:32da*     savudir
0343:32dd      savudir1
0343:330e      scanoff
0343:3358      strcomp
Module: TMISC1.OBJ(TMISC1.OBJ)
0343:3694      cerror
0343:34e2      DRVBAD
0343:35cb      EXTERNAL
0343:34eb      FNDCOM
0343:369a      LOADHIGH
0343:3864      PRESCAN
0343:34b2      SWITCH
Module: TMISC2.OBJ(TMISC2.OBJ)
0343:3ab5      IOSET
0343:3c07      move_to_srcbuf
0343:3a9a      PGetarg
0343:3a1c      setpath
0343:3ad9      TESTDOREIN
0343:3b2a      TESTDOREOUT
0343:3bcd      dstrlen
0343:3bdb      triageError
0343:3c03      Triage_Init
Module: TPIPE.OBJ(TPIPE.OBJ)
0343:3f32      CTIME
0343:3e73      DATE
0343:3e0a      DATINIT
0343:3c4f      PIPEDEL
0343:3c6f      PIPEERRSYN
0343:3cee      PIPEPROC
0343:3c99      PIPEPROCSTRT
0343:3fed      PRINT_TIME
0343:3c45      SETREST
0343:3c43      SETREST1
0343:3c2e      SINGLETEST
0343:3fd5      PipeOff
Module: PARSE2.OBJ(PARSE2.OBJ)
0343:41ba      argv_calc
0343:4090      parseline
Module: PATH1.OBJ(PATH1.OBJ)
0343:41c6      path_search
0343:432e*     Store_PChar
0343:4342*     Path_Crunch
Module: PATH2.OBJ(PATH2.OBJ)
0343:43b7      search
0343:4436*     Search_Ftype
0343:4491      strip
0343:44f3      Save_Args
Module: TUCODE.OBJ(TUCODE.OBJ)
0343:47f9      CNTRLC
0343:4715      ECHO
0343:49ca      GetDate
0343:455a      notest2
0343:49b0      PRINT_DATE
0343:45c3      slashp_erase
0343:4913      VERIFY
Module: COPY.OBJ(COPY.OBJ)
0343:4c77      COPY
0343:4f3c      EndCopy
Module: COPYPR1.OBJ(COPYPR1.OBJ)
0343:5440      FLSHFIL
0343:5433      TRYFLUSH
0343:5637      COPERR
Module: COPYPR2.OBJ(COPYPR2.OBJ)
0343:5786      BUILDPATH
0343:58db      SETSTARS
0343:567c      SETASC
0343:5696      BUILDDEST
0343:5756      BUILDNAME
0343:58f7      COMPNAME
Module: CPARSE.OBJ(CPARSE.OBJ)
0343:5a66*     BADCDERR
0343:590b      cparse
Module: TPARSE.OBJ(TPARSE.OBJ)
0343:65dd      cmd_parse
0343:65e1      append_parse
Module: TPRINTF.OBJ(TPRINTF.OBJ)
0343:68f4      SETSTDINOFF
0343:68db      SETSTDINON
0343:6926      SETSTDOUTOFF
0343:690d*     SETSTDOUTON
0343:66e7      Tsysgetmsg
0343:66e1      TSYSLOADMSG
0343:65e5      printf_init
0343:65e9      printf_crlf
0343:65f0      std_eprintf
0343:65f8      std_printf
0343:7c97      $M_RT
0343:67ae      $M_GET_MSG_ADDRESS
Module: TDATA.OBJ(TDATA.OBJ)
0343:6f1c*     TranCodeLast
0343:76e3      AccDen_PTR
0343:789c      ACRLF_PTR
0343:785a      arg_buf_ptr
0343:76da      BADBAT_PTR
0343:77f8      BadCD_ptr
0343:76ce      badcpmes_ptr
0343:774c      BadCurDrv
0343:7758      BADDAT_PTR
0343:7818      baddev_ptr
0343:7719      BADDRV_PTR
0343:7752      BADLAB_PTR
0343:77fb      Badmkd_ptr
0343:76e0      BadNam_Ptr
0343:7801      BAD_ON_OFF_ptr
0343:7815      BADPMES_ptr
0343:77fe      BADRMD_PTR
0343:7785      BADTIM_PTR
0343:7a7b      batext
0343:770b      Bytmes_ptr
0343:78ff      clsstring
0343:7a73      comext
0343:78f7      comspecstr
0343:7948      COMTAB
0343:76ef      COPIED_ptr
0343:7738      CP_active_Ptr
0343:772a      CP_not_all_Ptr
0343:771c      CP_not_set_Ptr
0343:7824      ctrlcmes_ptr
0343:776d      curdat_mo_day
0343:775b      CURDAT_PTR
0343:776b      curdat_yr
0343:778d      curtim_hr_min
0343:7788      CURTIM_PTR
0343:778f      curtim_sec_hn
0343:7899      dback_ptr
0343:7799      DEL_Y_N_PTR
0343:7854      DEVWMES_ptr
0343:78cf      dirdattim_ptr
0343:78d6      dirdat_mo_day
0343:78d4      dirdat_yr
0343:7804      dirhead_ptr
0343:76fd      Dirmes_ptr
0343:78df      dirtim_hr_min
0343:78e1*     dirtim_sec_hn
0343:7876      disp_file_size_ptr
0343:7896      Dmes_ptr
0343:7840      ECHOMES_ptr
0343:76d4      ENVERR_PTR
0343:78a2      eurdat_ptr
0343:7a77      exeext
0343:76c2      extend_buf_off
0343:76bd      Extend_buf_ptr
0343:76c4      Extend_Buf_seg
0343:76bf      Extend_buf_sub
0343:7868      file_name_ptr
0343:7aa3      FILE_OPTIONAL2
0343:781b      fornestmes_ptr
0343:76d7      FULDIR_PTR
0343:792c      IFTAB
0343:7821      INBDEV_ptr
0343:76ec      inornot_ptr
0343:7749      inv_code_page
0343:7857*     inval_path_ptr
0343:78a5      japdat_ptr
0343:76e9      LOSTERR_ptr
0343:78e8      MD_exists_ptr
0343:76bc      Msg_Cont_Flag
0343:76bb      msg_disp_class
0343:76dd      NEEDBAT_PTR
0343:777c      newdat_format
0343:7777      NEWDAT_PTR
0343:7796      NEWTIM_PTR
0343:7746      NLSFUNC_Ptr
0343:76d1      NOSPACE_PTR
0343:7a8f      no_values
0343:7812      nulpath_ptr
0343:784e      offmes_ptr
0343:7851      onmes_ptr
0343:76e6      overwr_ptr
0343:7ab8      PARSE_BREAK
0343:7adb      parse_chcp
0343:7b39      parse_chdir
0343:7b58      parse_ctty
0343:7afa      parse_date
0343:7b42      parse_erase
0343:7b30      parse_mrdir
0343:7b4d      parse_rename
0343:7b0c      parse_time
0343:7b1e      parse_vol
0343:78eb      PATH_TEXT
0343:774f      pausemes_ptr
0343:781e      PIPEEMES_PTR
0343:78ba      promptdat_moday
0343:78a8      promptdat_ptr
0343:78b8      promptdat_yr
0343:7904      prompt_table
0343:78f0      PROMPT_TEXT
0343:78c6      promtim_hr_min
0343:78c1      promtim_ptr
0343:78c8      promtim_sec_hn
0343:76cb      renerr_ptr
0343:7ab5      slash_p_syn
0343:7aac      SLASH_P_SWITCH
0343:7884      string_buf_ptr
0343:779c      SUREMES_ptr
0343:7a7f      switch_list
0343:7755      SYNTMES_PTR
0343:7893      tab_ptr
0343:7bbb      TRANDATAEND
0343:789f      usadat_ptr
0343:7832      VERIMES_ptr
0343:779f      vermes_ptr
0343:77c6      volmes_ptr
0343:77b8      volmes_ptr_2
0343:77df      volsermes_ptr
0343:7774      WeekTab
0343:7a85      xa_cp
0343:7a8d      BatBufLen
0343:762d      $M_CLS_8
0343:7690      $M_MSGSERV_1
0343:76b1      $M_MSGSERV_2
0343:7b6a      RE_OUT_APP
0343:7b6b      RE_OUTSTR
Module: TSPC.OBJ(TSPC.OBJ)
0343:807b      ALLSWITCH
0343:83da      APPEND_EXEC
0343:83f4      arg
0343:8938      argbufptr
0343:8074      ARGC
0343:8077      ARG1S
0343:8079      ARG2S
0343:807b      ARGTS
0343:81d3      Arg_Buf
0343:8390      ASCII
0343:8b65      BatBuf
0343:8b85      BatBufEnd
0343:8b63      BatBufPos
0343:8397      BATHAND
0343:838c      BINARY
0343:81a9      bits
0343:8157      bwdbuf
0343:807f      BYTCNT
0343:825e      bytes_free
0343:807d      CFLAG
0343:8088      charbuf
0343:806f      CHKDRV
0343:80e1      COM
0343:7eba      COMBUF
0343:81b3      comma
0343:89bc      comptr
0343:83d6      comspec_flag
0343:8075      COMSW
0343:8073      CONCAT
0343:8072      concat_xa
0343:8259      copy_num
0343:8393      CPDATE
0343:8395      CPTIME
0343:825b      cpyflag
0343:8071      CURDRV
0343:8b96      date_day
0343:8b95      date_month
0343:8b8f      DATE_OUTPUT
0343:8b8f*     DATE_TYPE
0343:8b93      date_year
0343:80e4      DEST
0343:8273      DESTBUF
0343:807e      DestClosed
0343:8114      destdir
0343:8114      DESTFCB
0343:80d8      DESTFCB2
0343:82ca      DESTHAND
0343:8272      destinfo
0343:82cc      DESTISDEV
0343:826e      Destisdir
0343:8109*     DESTNAME
0343:826f      DESTSIZ
0343:8079      DESTSWITCH
0343:8270      Desttail
0343:826e      DESTVARS
0343:8157      DIRBUF
0343:8060      dirchar
0343:81b5      dirflag
0343:825c      dir_num
0343:83aa      display_ioctl
0343:83b0      display_mode
0343:83b8      display_width
0343:8ba3*     DRIVE_NUMBER
0343:8b9f      DRIVE_OUTPUT
0343:8b9f*     DRIVE_TYPE
0343:8ba0*     DRIVE_VALUE
0343:839b      ELCNT
0343:839c      ELPOS
0343:7f83      EXECPATH
0343:8061      EXEC_ADDR
0343:8157*     EXEFCB
0343:83d5      expand_star
0343:83a9      ext_entered
0343:81be      ext_open_off
0343:81be      ext_open_parms
0343:81c0      ext_open_seg
0343:89be      fbuf
0343:8086      filecnt
0343:8255      file_size_high
0343:8253      file_size_low
0343:8070      FILTYP
0343:82cd      FIRSTDEST
0343:8083      FRSTSRCH
0343:81b1      fullscr
0343:8157      GOTOLEN
0343:8059      HEADCALL
0343:80d9      ID
0343:80d8      IDLEN
0343:8070      IFNOTFLAG
0343:8a40      if_not_count
0343:8389      INEXACT
0343:8b43      INTERNATVARS
0343:83f3      KPARSE
0343:89ba      last_arg
0343:8084      lincnt
0343:8085      linlen
0343:83ba      linperpag
0343:8262      major_ver_num
0343:82ce      MELCOPY
0343:82cf      MELSTART
0343:8264      minor_ver_num
0343:83d7      msg_flag
0343:83d8      msg_numb
0343:838a      NOWRITE
0343:838b      OVERWRITECANCEL
0343:8081      NXTADD
0343:8392      objcnt
0343:8266      one_char_val
0343:8073      PARM1
0343:8074      PARM2
0343:81b6      parse_last
0343:8b8b      parse1_addr
0343:8b88      PARSE1_CODE
0343:8b87      PARSE1_OUTPUT
0343:8b89      parse1_syn
0343:8b87      parse1_type
0343:81ab      pathcnt
0343:89e9      pathinfo
0343:81ad      pathpos
0343:81af      PATHSW
0343:8391      PLUS
0343:81b4      plus_comma
0343:83db      print_err_flag
0343:89ef      psep_char
0343:8065      RCH_ADDR
0343:8070      RDEOF
0343:8006      RE_INSTR
0343:805b      RESSEG
0343:8330      SCANBUF
0343:819d      SDIRBUF
0343:89f0      search_best
0343:89f1      search_best_buf
0343:89fe      search_curdir_buf
0343:8a3e      search_error
0343:839d      SKPDEL
0343:839e*     SOURCE
0343:807e      SPECDRV
0343:82d6      srcbuf
0343:832d      SRCHAND
0343:82d5      SRCINFO
0343:832f      SRCISDEV
0343:82d1*     SRCISDIR
0343:8387      SRCPT
0343:82d2      SRCSIZ
0343:82d3      SRCTAIL
0343:82d1      SRCVARS
0343:7d89      srcxname
0343:81bc      src_xa_seg
0343:81ba      src_xa_size
0343:8b43      STACK
0343:8399      STARTEL
0343:8257      string_ptr_2
0343:83dd      Subst_buffer
0343:805f      SWITCHAR
0343:81b8      system_cpage
0343:838f      TERMREAD
0343:8b9e      time_fraction
0343:8b9b      time_hour
0343:8b9c      time_minutes
0343:8b97      TIME_OUTPUT
0343:8b9d      time_seconds
0343:8b97*     TIME_TYPE
0343:805d      TPA
0343:893a      tpbuf
0343:8ba7*     TRANSPACEBASEEND
0343:806b      TRAN_TPA
0343:7de0      trgxname
0343:7e37      UCOMBUF
0343:7f3d      USERDIR1
0343:8268      vol_drv
0343:83bc      vol_ioctl_buf
0343:83be      vol_serial
0343:83c2      vol_label
0343:838d      WRITTEN
0343:81d1      xa_cp_length
0343:81c4      xa_cp_out
0343:81cf      xa_list_attr
0343:8a42      zflag
0343:8269      ROM_CALL
0343:826c      ROM_CS
0343:826a      ROM_IP
0343:806d      RESDATA
Module: DIR5EXT.OBJ(DIR5EXT.OBJ)
0343:90df      dir_prepare
0343:9132      dir_next_source
0343:914d      dir_apply_negative
0343:92e4      dir_sort_all
0343:935e      dir_sort_next
0343:939d      dir_sort_finish
0343:9509      dir_recursive_capture
0343:957a      dir_recursive_run
0343:982d      dir_print_bare_prefix
0343:8f69      dir_external_record
0343:8f57      dir_recursive_selected
0343:8e88      parse_dir
0343:8eb6      dir_w_syn
0343:8ec2      dir_b_syn
0343:8ece      dir_l_syn
0343:8eda      dir_a_syn
0343:8f50      dir_attr_require
0343:8f51      dir_attr_deny
0343:8f52      dir_attr_selected
0343:8f53      dir_seen
0343:8f55      dir_parse_phase
0343:8ba7      dir_help_str
0343:c045      TRANSPACEEND
Warning! W1014: stack segment not found


                        +-----------------------+
                        |   Linker Statistics   |
                        +-----------------------+

Stack size:  1000 (4096.)
Memory size:  f480 (62592.)
Entry point address: 0000:0100
Link time: 00:00.53
