Drive A: /Users/ddanila/fun/msdos/out/baltic-resources-286-8rowpiy1/lv-font-16-inputs/lv-font-16/test.img
#
# 86Box v7.0 logfile, created 2026/09/11 00:53:01
#
# Emulator path: /Users/ddanila/fun/msdos/out/ru-86box-vnc-bs283qnk/build/src/
# Global configuration file: /Users/ddanila/fun/msdos/out/baltic-resources-286-8rowpiy1/lv-font-16-inputs/lv-font-16/global.cfg
# VM: lv-font-16
#
# Configuration file: /Users/ddanila/fun/msdos/out/baltic-resources-286-8rowpiy1/lv-font-16-inputs/lv-font-16/86box.cfg
#

# Userfiles path: /Users/ddanila/fun/msdos/out/baltic-resources-286-8rowpiy1/lv-font-16-inputs/lv-font-16/
# ROM path: /Users/ddanila/Library/Application Support/net.86box.86Box/roms/
# ROM path: /Users/ddanila/fun/msdos/out/baltic-resources-286-8rowpiy1/lv-font-16-inputs/lv-font-16/roms/
# ROM path: /Users/ddanila/fun/msdos/out/ru-86box-vnc-bs283qnk/build/src/roms/
# ROM path: /Users/ddanila/Library/Application Support/net.86Box.86Box/roms/
# ROM path: /Users/ddanila/Library/Application Support/86Box/roms/
# ROM path: /Library/Application Support/net.86Box.86Box/roms/
# ROM path: /Library/Application Support/86Box/roms/
# Asset path: /Users/ddanila/fun/msdos/out/baltic-resources-286-8rowpiy1/lv-font-16-inputs/lv-font-16/assets/
# Asset path: /Users/ddanila/fun/msdos/out/ru-86box-vnc-bs283qnk/build/src/assets/
# Asset path: /Users/ddanila/Library/Application Support/net.86Box.86Box/assets/
# Asset path: /Users/ddanila/Library/Application Support/86Box/assets/
# Asset path: /Library/Application Support/net.86Box.86Box/assets/
# Asset path: /Library/Application Support/86Box/assets/
Qt: version 6.11.2, platform "offscreen"
Translations loaded.
Failed to find Qt translations!
Qt translations loaded.
Translations loaded.
Failed to find Qt translations!
Qt translations loaded.
qt.qpa.fonts: Populating font family aliases took 44 ms. Replace uses of missing font family "Sans Serif" with one that exists to avoid this cost. 
This plugin does not support createPlatformVulkanInstance
QVulkanInstance: Failed to initialize Vulkan
This plugin does not support propagateSizeHints()
This plugin does not support propagateSizeHints()

RUN CALL CASE.BAT
RU_LOW_PASS

MODE prepare code page function completed

MODE select code page function completed
RU_CODEPAGE_PASS
RU_COUNTRY_PASS
RU_FONT_PASS

Failure to access code page font file
RU_CODEPAGE_PASS
RU_COUNTRY_PASS
RU_FONT_PASS

MODE prepare code page function completed

MODE select code page function completed
RU_CODEPAGE_PASS
RU_COUNTRY_PASS
RU_FONT_PASS
Device error during prepare
Code page not prepared
RU_COUNTRY_PASS
RU_FONT_PASS

MODE prepare code page function completed

MODE select code page function completed
RU_CODEPAGE_PASS
RU_COUNTRY_PASS
RU_FONT_PASS

Font file contents invalid
Device error during prepare
Code page not prepared
RU_COUNTRY_PASS
RU_FONT_PASS

MODE prepare code page function completed

MODE select code page function completed
RU_CODEPAGE_PASS
RU_COUNTRY_PASS
RU_FONT_PASS
Device error during prepare
Code page not prepared
RU_COUNTRY_PASS
RU_FONT_PASS

MODE prepare code page function completed

MODE select code page function completed
RU_CODEPAGE_PASS
RU_COUNTRY_PASS
RU_FONT_PASS
Device error during prepare
Code page not prepared
RU_COUNTRY_PASS
RU_FONT_PASS

MODE prepare code page function completed

MODE select code page function completed
RU_CODEPAGE_PASS
RU_COUNTRY_PASS
RU_FONT_PASS
Device error during prepare
Code page not prepared
RU_COUNTRY_PASS
RU_FONT_PASS

MODE prepare code page function completed

MODE select code page function completed
RU_CODEPAGE_PASS
RU_COUNTRY_PASS
RU_FONT_PASS
Device error during prepare
Code page not prepared
RU_COUNTRY_PASS
RU_FONT_PASS

MODE prepare code page function completed

MODE select code page function completed
RU_CODEPAGE_PASS
RU_COUNTRY_PASS
RU_FONT_PASS
Device error during prepare
Code page not prepared
RU_COUNTRY_PASS
RU_FONT_PASS

MODE prepare code page function completed

MODE select code page function completed
RU_CODEPAGE_PASS
RU_COUNTRY_PASS
RU_FONT_PASS
Device error during prepare
Code page not prepared
RU_COUNTRY_PASS
RU_FONT_PASS

MODE prepare code page function completed

MODE select code page function completed
RU_CODEPAGE_PASS
RU_COUNTRY_PASS
RU_FONT_PASS
Device error during prepare
Code page not prepared
RU_COUNTRY_PASS
RU_FONT_PASS

MODE prepare code page function completed

MODE select code page function completed
RU_CODEPAGE_PASS
RU_COUNTRY_PASS
RU_FONT_PASS
Device error during prepare
Code page not prepared
RU_COUNTRY_PASS
RU_FONT_PASS

MODE prepare code page function completed

MODE select code page function completed
RU_CODEPAGE_PASS
RU_COUNTRY_PASS
RU_FONT_PASS

Font file contents invalid
Device error during prepare
Code page not prepared
RU_COUNTRY_PASS
RU_FONT_PASS

MODE prepare code page function completed

MODE select code page function completed
RU_CODEPAGE_PASS
RU_COUNTRY_PASS
RU_FONT_PASS
RU_REJECTION_PASS
RU_CODEPAGE_PASS
RU_LOW_PASS
BALTIC_286_RESOURCE_DONE
RU_COUNTRY_DONE
